E/MP-Decision( 2240): UP cpu:3 core_idx:3 Nw:3.500000 Tw:90 rq:5.200000 seq:137.000000
E/ECS_EnterpriseContainerService(  812): getMountStatus() permission get it
E/ECS_EnterpriseContainerService(  812): getMountStatus() permission get it
E/ECS_EnterpriseContainerService(  812): getMountStatus() permission get it
E/ECS_EnterpriseContainerService(  812): getMountStatus() permission get it
E/cutils  (  256): Failed to mkdirat(/storage/extSdCard/Android): Read-only file system
E/ECS_EnterpriseContainerService(  812): getMountStatus() permission get it
E/ECS_EnterpriseContainerService(  812): getMountStatus() permission get it
E/ECS_EnterpriseContainerService(  812): getMountStatus() permission get it
E/ECS_EnterpriseContainerService(  812): getMountStatus() permission get it
E/ECS_EnterpriseContainerService(  812): getMountStatus() permission get it
E/ECS_EnterpriseContainerService(  812): getMountStatus() permission get it
E/ECS_EnterpriseContainerService(  812): getMountStatus() permission get it
E/ECS_EnterpriseContainerService(  812): getMountStatus() permission get it
E/ECS_EnterpriseContainerService(  812): getMountStatus() permission get it
E/ECS_EnterpriseContainerService(  812): getMountStatus() permission get it
E/ECS_EnterpriseContainerService(  812): getMountStatus() permission get it
E/ECS_EnterpriseContainerService(  812): getMountStatus() permission get it
E/ECS_EnterpriseContainerService(  812): getMountStatus() permission get it
E/ECS_EnterpriseContainerService(  812): getMountStatus() permission get it
E/ECS_EnterpriseContainerService(  812): getMountStatus() permission get it
E/ECS_EnterpriseContainerService(  812): getMountStatus() permission get it
E/ECS_EnterpriseContainerService(  812): getMountStatus() permission get it
E/ECS_EnterpriseContainerService(  812): getMountStatus() permission get it
E/ECS_EnterpriseContainerService(  812): getMountStatus() permission get it
E/ECS_EnterpriseContainerService(  812): getMountStatus() permission get it
E/ECS_EnterpriseContainerService(  812): getMountStatus() permission get it
E/ECS_EnterpriseContainerService(  812): getMountStatus() permission get it
E/ECS_EnterpriseContainerService(  812): getMountStatus() permission get it
E/ECS_EnterpriseContainerService(  812): getMountStatus() permission get it
E/ECS_EnterpriseContainerService(  812): getMountStatus() permission get it
E/ECS_EnterpriseContainerService(  812): getMountStatus() permission get it
E/ECS_EnterpriseContainerService(  812): getMountStatus() permission get it
E/ECS_EnterpriseContainerService(  812): getMountStatus() permission get it
E/ECS_EnterpriseContainerService(  812): getMountStatus() permission get it
E/ECS_EnterpriseContainerService(  812): getMountStatus() permission get it
E/ECS_EnterpriseContainerService(  812): getMountStatus() permission get it
E/ECS_EnterpriseContainerService(  812): getMountStatus() permission get it
E/ECS_EnterpriseContainerService(  812): getMountStatus() permission get it
E/ECS_EnterpriseContainerService(  812): getMountStatus() permission get it
E/ECS_EnterpriseContainerService(  812): getMountStatus() permission get it
E/ECS_EnterpriseContainerService(  812): getMountStatus() permission get it
E/ECS_EnterpriseContainerService(  812): getMountStatus() permission get it
E/ECS_EnterpriseContainerService(  812): getMountStatus() permission get it
E/ECS_EnterpriseContainerService(  812): getMountStatus() permission get it
E/ECS_EnterpriseContainerService(  812): getMountStatus() permission get it
E/ECS_EnterpriseContainerService(  812): getMountStatus() permission get it
E/ECS_EnterpriseContainerService(  812): getMountStatus() permission get it
E/ECS_EnterpriseContainerService(  812): getMountStatus() permission get it
E/ECS_EnterpriseContainerService(  812): getMountStatus() permission get it
E/ECS_EnterpriseContainerService(  812): getMountStatus() permission get it
E/ECS_EnterpriseContainerService(  812): getMountStatus() permission get it
E/ECS_EnterpriseContainerService(  812): getMountStatus() permission get it
E/ECS_EnterpriseContainerService(  812): getMountStatus() permission get it
E/ECS_EnterpriseContainerService(  812): getMountStatus() permission get it
E/ECS_EnterpriseContainerService(  812): getMountStatus() permission get it
E/ECS_EnterpriseContainerService(  812): getMountStatus() permission get it
E/ECS_EnterpriseContainerService(  812): getMountStatus() permission get it
E/ECS_EnterpriseContainerService(  812): getMountStatus() permission get it
E/ECS_EnterpriseContainerService(  812): getMountStatus() permission get it
E/ECS_EnterpriseContainerService(  812): getMountStatus() permission get it
E/ECS_EnterpriseContainerService(  812): getMountStatus() permission get it
E/ECS_EnterpriseContainerService(  812): getMountStatus() permission get it
E/ECS_EnterpriseContainerService(  812): getMountStatus() permission get it
E/ECS_EnterpriseContainerService(  812): getMountStatus() permission get it
E/ECS_EnterpriseContainerService(  812): getMountStatus() permission get it
E/ECS_EnterpriseContainerService(  812): getMountStatus() permission get it
E/ECS_EnterpriseContainerService(  812): getMountStatus() permission get it
E/ECS_EnterpriseContainerService(  812): getMountStatus() permission get it
E/ECS_EnterpriseContainerService(  812): getMountStatus() permission get it
E/ECS_EnterpriseContainerService(  812): getMountStatus() permission get it
E/MP-Decision( 2240): num online cores: 4 reqd : 3 available : 4 rq_depth:2.500000 hotplug_avg_load_dw: 128
E/MP-Decision( 2240): DOWN cpu:3 core_idx:3 Ns:3.100000 Ts:240 rq:2.500000 seq:244.000000
E/MP-Decision( 2240): num online cores: 3 reqd : 4 available : 4 rq_depth:3.500000 hotplug_avg_load_dw: 176
E/MP-Decision( 2240): UP cpu:1 core_idx:1 Nw:1.900000 Tw:140 rq:3.500000 seq:0.000000
E/MP-Decision( 2240): UP cpu:2 core_idx:2 Nw:2.700000 Tw:90 rq:3.500000 seq:0.000000
E/MP-Decision( 2240): UP cpu:3 core_idx:3 Nw:3.500000 Tw:90 rq:3.500000 seq:98.000000
E/MP-Decision( 2240): num online cores: 4 reqd : 3 available : 4 rq_depth:1.900000 hotplug_avg_load_dw: 157
E/MP-Decision( 2240): DOWN cpu:3 core_idx:3 Ns:3.100000 Ts:240 rq:1.900000 seq:245.000000
E/MP-Decision( 2240): num online cores: 3 reqd : 2 available : 4 rq_depth:1.900000 hotplug_avg_load_dw: 144
E/MP-Decision( 2240): DOWN cpu:2 core_idx:2 Ns:2.100000 Ts:240 rq:1.900000 seq:245.000000
E/MP-Decision( 2240): num online cores: 2 reqd : 3 available : 4 rq_depth:4.700000 hotplug_avg_load_dw: 141
E/MP-Decision( 2240): UP cpu:1 core_idx:1 Nw:1.900000 Tw:140 rq:4.700000 seq:0.000000
E/MP-Decision( 2240): UP cpu:2 core_idx:2 Nw:2.700000 Tw:90 rq:4.700000 seq:98.000000
E/MP-Decision( 2240): num online cores: 3 reqd : 4 available : 4 rq_depth:3.600000 hotplug_avg_load_dw: 196
E/MP-Decision( 2240): UP cpu:1 core_idx:1 Nw:1.900000 Tw:140 rq:3.600000 seq:0.000000
E/MP-Decision( 2240): UP cpu:2 core_idx:2 Nw:2.700000 Tw:90 rq:3.600000 seq:0.000000
E/MP-Decision( 2240): UP cpu:3 core_idx:3 Nw:3.500000 Tw:90 rq:3.600000 seq:98.000000
E/MP-Decision( 2240): num online cores: 4 reqd : 3 available : 4 rq_depth:2.000000 hotplug_avg_load_dw: 169
E/MP-Decision( 2240): DOWN cpu:3 core_idx:3 Ns:3.100000 Ts:240 rq:2.000000 seq:245.000000
E/MP-Decision( 2240): num online cores: 3 reqd : 2 available : 4 rq_depth:1.700000 hotplug_avg_load_dw: 153
E/MP-Decision( 2240): DOWN cpu:2 core_idx:2 Ns:2.100000 Ts:240 rq:1.700000 seq:241.000000
E/MP-Decision( 2240): num online cores: 2 reqd : 3 available : 4 rq_depth:4.000000 hotplug_avg_load_dw: 141
E/MP-Decision( 2240): UP cpu:1 core_idx:1 Nw:1.900000 Tw:140 rq:4.000000 seq:0.000000
E/MP-Decision( 2240): UP cpu:2 core_idx:2 Nw:2.700000 Tw:90 rq:4.000000 seq:97.000000
E/MP-Decision( 2240): num online cores: 3 reqd : 4 available : 4 rq_depth:4.300000 hotplug_avg_load_dw: 212
E/MP-Decision( 2240): UP cpu:1 core_idx:1 Nw:1.900000 Tw:140 rq:4.300000 seq:0.000000
E/MP-Decision( 2240): UP cpu:2 core_idx:2 Nw:2.700000 Tw:90 rq:4.300000 seq:0.000000
E/MP-Decision( 2240): UP cpu:3 core_idx:3 Nw:3.500000 Tw:90 rq:4.300000 seq:98.000000
E/Sensors (  812): Acc old sensor_state 0, new sensor_state : 1 en : 1
E/MP-Decision( 2240): num online cores: 4 reqd : 2 available : 4 rq_depth:1.000000 hotplug_avg_load_dw: 84
E/MP-Decision( 2240): DOWN cpu:3 core_idx:3 Ns:3.100000 Ts:240 rq:1.000000 seq:245.000000
E/MP-Decision( 2240): DOWN cpu:2 core_idx:2 Ns:2.100000 Ts:240 rq:1.000000 seq:245.000000
E/MP-Decision( 2240): num online cores: 2 reqd : 4 available : 4 rq_depth:4.100000 hotplug_avg_load_dw: 100
E/MP-Decision( 2240): UP cpu:1 core_idx:1 Nw:1.900000 Tw:140 rq:4.100000 seq:0.000000
E/MP-Decision( 2240): UP cpu:2 core_idx:2 Nw:2.700000 Tw:90 rq:4.100000 seq:99.000000
E/MP-Decision( 2240): UP cpu:3 core_idx:3 Nw:3.500000 Tw:90 rq:4.100000 seq:99.000000
E/MP-Decision( 2240): num online cores: 4 reqd : 2 available : 4 rq_depth:1.000000 hotplug_avg_load_dw: 85
E/MP-Decision( 2240): DOWN cpu:3 core_idx:3 Ns:3.100000 Ts:240 rq:1.000000 seq:245.000000
E/MP-Decision( 2240): DOWN cpu:2 core_idx:2 Ns:2.100000 Ts:240 rq:1.000000 seq:245.000000
E/Sensors (  812): Acc old sensor_state 1, new sensor_state : 0 en : 0
E/MP-Decision( 2240): num online cores: 2 reqd : 4 available : 4 rq_depth:3.700000 hotplug_avg_load_dw: 101
E/MP-Decision( 2240): UP cpu:1 core_idx:1 Nw:1.900000 Tw:140 rq:3.700000 seq:0.000000
E/MP-Decision( 2240): UP cpu:2 core_idx:2 Nw:2.700000 Tw:90 rq:3.700000 seq:98.000000
E/MP-Decision( 2240): UP cpu:3 core_idx:3 Nw:3.500000 Tw:90 rq:3.700000 seq:98.000000
E/MP-Decision( 2240): num online cores: 4 reqd : 3 available : 4 rq_depth:1.100000 hotplug_avg_load_dw: 140
E/MP-Decision( 2240): DOWN cpu:3 core_idx:3 Ns:3.100000 Ts:240 rq:1.100000 seq:245.000000
E/MP-Decision( 2240): num online cores: 3 reqd : 2 available : 4 rq_depth:1.900000 hotplug_avg_load_dw: 82
E/MP-Decision( 2240): DOWN cpu:2 core_idx:2 Ns:2.100000 Ts:240 rq:1.900000 seq:245.000000
E/Watchdog(  812): !@Sync 6342
E/MP-Decision( 2240): num online cores: 2 reqd : 3 available : 4 rq_depth:5.300000 hotplug_avg_load_dw: 98
E/MP-Decision( 2240): UP cpu:1 core_idx:1 Nw:1.900000 Tw:140 rq:5.300000 seq:0.000000
E/MP-Decision( 2240): UP cpu:2 core_idx:2 Nw:2.700000 Tw:90 rq:5.300000 seq:98.000000
E/MP-Decision( 2240): num online cores: 3 reqd : 4 available : 4 rq_depth:6.100000 hotplug_avg_load_dw: 134
E/MP-Decision( 2240): UP cpu:1 core_idx:1 Nw:1.900000 Tw:140 rq:6.100000 seq:0.000000
E/MP-Decision( 2240): UP cpu:2 core_idx:2 Nw:2.700000 Tw:90 rq:6.100000 seq:0.000000
E/MP-Decision( 2240): UP cpu:3 core_idx:3 Nw:3.500000 Tw:90 rq:6.100000 seq:99.000000
E/MP-Decision( 2240): num online cores: 4 reqd : 2 available : 4 rq_depth:1.000000 hotplug_avg_load_dw: 84
E/MP-Decision( 2240): DOWN cpu:3 core_idx:3 Ns:3.100000 Ts:240 rq:1.000000 seq:245.000000
E/MP-Decision( 2240): DOWN cpu:2 core_idx:2 Ns:2.100000 Ts:240 rq:1.000000 seq:245.000000
E/MP-Decision( 2240): num online cores: 2 reqd : 3 available : 4 rq_depth:4.500000 hotplug_avg_load_dw: 89
E/MP-Decision( 2240): UP cpu:1 core_idx:1 Nw:1.900000 Tw:140 rq:4.500000 seq:0.000000
E/MP-Decision( 2240): UP cpu:2 core_idx:2 Nw:2.700000 Tw:90 rq:4.500000 seq:98.000000
E/MP-Decision( 2240): num online cores: 3 reqd : 4 available : 4 rq_depth:4.900000 hotplug_avg_load_dw: 208
E/MP-Decision( 2240): UP cpu:1 core_idx:1 Nw:1.900000 Tw:140 rq:4.900000 seq:0.000000
E/MP-Decision( 2240): UP cpu:2 core_idx:2 Nw:2.700000 Tw:90 rq:4.900000 seq:0.000000
E/MP-Decision( 2240): UP cpu:3 core_idx:3 Nw:3.500000 Tw:90 rq:4.900000 seq:96.000000
E/MP-Decision( 2240): num online cores: 4 reqd : 2 available : 4 rq_depth:1.000000 hotplug_avg_load_dw: 73
E/MP-Decision( 2240): DOWN cpu:3 core_idx:3 Ns:3.100000 Ts:240 rq:1.000000 seq:245.000000
E/MP-Decision( 2240): DOWN cpu:2 core_idx:2 Ns:2.100000 Ts:240 rq:1.000000 seq:245.000000
E/MP-Decision( 2240): num online cores: 2 reqd : 1 available : 4 rq_depth:0.200000 hotplug_avg_load_dw: 13
E/MP-Decision( 2240): DOWN cpu:1 core_idx:1 Ns:1.100000 Ts:190 rq:0.200000 seq:244.000000
E/MP-Decision( 2240): num online cores: 1 reqd : 2 available : 4 rq_depth:3.300000 hotplug_avg_load_dw: 30
E/MP-Decision( 2240): UP cpu:1 core_idx:1 Nw:1.900000 Tw:140 rq:3.300000 seq:146.000000
E/MP-Decision( 2240): num online cores: 2 reqd : 3 available : 4 rq_depth:3.100000 hotplug_avg_load_dw: 91
E/MP-Decision( 2240): UP cpu:1 core_idx:1 Nw:1.900000 Tw:140 rq:3.100000 seq:0.000000
E/MP-Decision( 2240): UP cpu:2 core_idx:2 Nw:2.700000 Tw:90 rq:3.100000 seq:96.000000
E/MP-Decision( 2240): num online cores: 3 reqd : 1 available : 4 rq_depth:0.000000 hotplug_avg_load_dw: 16
E/MP-Decision( 2240): DOWN cpu:2 core_idx:2 Ns:2.100000 Ts:240 rq:0.000000 seq:145.000000
E/MP-Decision( 2240): DOWN cpu:1 core_idx:1 Ns:1.100000 Ts:190 rq:0.000000 seq:145.000000
E/MP-Decision( 2240): num online cores: 1 reqd : 4 available : 4 rq_depth:7.500000 hotplug_avg_load_dw: 44
E/MP-Decision( 2240): UP cpu:1 core_idx:1 Nw:1.900000 Tw:140 rq:7.500000 seq:95.000000
E/MP-Decision( 2240): UP cpu:2 core_idx:2 Nw:2.700000 Tw:90 rq:7.500000 seq:95.000000
E/MP-Decision( 2240): UP cpu:3 core_idx:3 Nw:3.500000 Tw:90 rq:7.500000 seq:95.000000
E/MP-Decision( 2240): num online cores: 4 reqd : 2 available : 4 rq_depth:1.000000 hotplug_avg_load_dw: 72
E/MP-Decision( 2240): DOWN cpu:3 core_idx:3 Ns:3.100000 Ts:240 rq:1.000000 seq:245.000000
E/MP-Decision( 2240): DOWN cpu:2 core_idx:2 Ns:2.100000 Ts:240 rq:1.000000 seq:245.000000
E/MP-Decision( 2240): num online cores: 2 reqd : 1 available : 4 rq_depth:0.000000 hotplug_avg_load_dw: 19
E/MP-Decision( 2240): DOWN cpu:1 core_idx:1 Ns:1.100000 Ts:190 rq:0.000000 seq:196.000000
E/MP-Decision( 2240): num online cores: 1 reqd : 2 available : 4 rq_depth:5.500000 hotplug_avg_load_dw: 31
E/MP-Decision( 2240): UP cpu:1 core_idx:1 Nw:1.900000 Tw:140 rq:5.500000 seq:196.000000
E/MP-Decision( 2240): num online cores: 2 reqd : 3 available : 4 rq_depth:3.300000 hotplug_avg_load_dw: 119
E/MP-Decision( 2240): UP cpu:1 core_idx:1 Nw:1.900000 Tw:140 rq:3.300000 seq:0.000000
E/MP-Decision( 2240): UP cpu:2 core_idx:2 Nw:2.700000 Tw:90 rq:3.300000 seq:96.000000
E/MP-Decision( 2240): num online cores: 3 reqd : 2 available : 4 rq_depth:1.000000 hotplug_avg_load_dw: 79
E/MP-Decision( 2240): DOWN cpu:2 core_idx:2 Ns:2.100000 Ts:240 rq:1.000000 seq:245.000000
E/MP-Decision( 2240): num online cores: 2 reqd : 1 available : 4 rq_depth:0.000000 hotplug_avg_load_dw: 25
E/MP-Decision( 2240): DOWN cpu:1 core_idx:1 Ns:1.100000 Ts:190 rq:0.000000 seq:536.000000
E/MP-Decision( 2240): num online cores: 1 reqd : 2 available : 4 rq_depth:2.200000 hotplug_avg_load_dw: 23
E/MP-Decision( 2240): UP cpu:1 core_idx:1 Nw:1.900000 Tw:140 rq:2.200000 seq:147.000000
E/MP-Decision( 2240): num online cores: 2 reqd : 1 available : 4 rq_depth:0.000000 hotplug_avg_load_dw: 9
E/MP-Decision( 2240): DOWN cpu:1 core_idx:1 Ns:1.100000 Ts:190 rq:0.000000 seq:98.000000
E/MP-Decision( 2240): num online cores: 1 reqd : 3 available : 4 rq_depth:8.700000 hotplug_avg_load_dw: 60
E/MP-Decision( 2240): UP cpu:1 core_idx:1 Nw:1.900000 Tw:140 rq:8.700000 seq:98.000000
E/MP-Decision( 2240): UP cpu:2 core_idx:2 Nw:2.700000 Tw:90 rq:8.700000 seq:98.000000
E/ECS_EnterpriseContainerService(  812): getMountStatus() permission get it
E/MP-Decision( 2240): num online cores: 3 reqd : 2 available : 4 rq_depth:1.000000 hotplug_avg_load_dw: 75
E/MP-Decision( 2240): DOWN cpu:2 core_idx:2 Ns:2.100000 Ts:240 rq:1.000000 seq:246.000000
E/MP-Decision( 2240): num online cores: 2 reqd : 1 available : 4 rq_depth:0.000000 hotplug_avg_load_dw: 20
E/MP-Decision( 2240): DOWN cpu:1 core_idx:1 Ns:1.100000 Ts:190 rq:0.000000 seq:588.000000
E/MP-Decision( 2240): num online cores: 1 reqd : 4 available : 4 rq_depth:6.800000 hotplug_avg_load_dw: 35
E/MP-Decision( 2240): UP cpu:1 core_idx:1 Nw:1.900000 Tw:140 rq:6.800000 seq:195.000000
E/MP-Decision( 2240): UP cpu:2 core_idx:2 Nw:2.700000 Tw:90 rq:6.800000 seq:195.000000
E/MP-Decision( 2240): UP cpu:3 core_idx:3 Nw:3.500000 Tw:90 rq:6.800000 seq:195.000000
E/MP-Decision( 2240): num online cores: 4 reqd : 3 available : 4 rq_depth:1.100000 hotplug_avg_load_dw: 125
E/MP-Decision( 2240): DOWN cpu:3 core_idx:3 Ns:3.100000 Ts:240 rq:1.100000 seq:288.000000
E/MP-Decision( 2240): num online cores: 3 reqd : 2 available : 4 rq_depth:1.000000 hotplug_avg_load_dw: 78
E/MP-Decision( 2240): DOWN cpu:2 core_idx:2 Ns:2.100000 Ts:240 rq:1.000000 seq:242.000000
E/MP-Decision( 2240): num online cores: 2 reqd : 1 available : 4 rq_depth:0.000000 hotplug_avg_load_dw: 20
E/MP-Decision( 2240): DOWN cpu:1 core_idx:1 Ns:1.100000 Ts:190 rq:0.000000 seq:196.000000
E/MP-Decision( 2240): num online cores: 1 reqd : 4 available : 4 rq_depth:4.700000 hotplug_avg_load_dw: 33
E/MP-Decision( 2240): UP cpu:1 core_idx:1 Nw:1.900000 Tw:140 rq:4.700000 seq:147.000000
E/MP-Decision( 2240): UP cpu:2 core_idx:2 Nw:2.700000 Tw:90 rq:4.700000 seq:147.000000
E/MP-Decision( 2240): UP cpu:3 core_idx:3 Nw:3.500000 Tw:90 rq:4.700000 seq:147.000000
E/MP-Decision( 2240): num online cores: 4 reqd : 2 available : 4 rq_depth:1.000000 hotplug_avg_load_dw: 72
E/MP-Decision( 2240): DOWN cpu:3 core_idx:3 Ns:3.100000 Ts:240 rq:1.000000 seq:288.000000
E/MP-Decision( 2240): DOWN cpu:2 core_idx:2 Ns:2.100000 Ts:240 rq:1.000000 seq:245.000000
E/Watchdog(  812): !@Sync 6343
E/MP-Decision( 2240): num online cores: 2 reqd : 1 available : 4 rq_depth:0.000000 hotplug_avg_load_dw: 17
E/MP-Decision( 2240): DOWN cpu:1 core_idx:1 Ns:1.100000 Ts:190 rq:0.000000 seq:98.000000
E/MP-Decision( 2240): num online cores: 1 reqd : 2 available : 4 rq_depth:1.900000 hotplug_avg_load_dw: 24
E/MP-Decision( 2240): UP cpu:1 core_idx:1 Nw:1.900000 Tw:140 rq:1.900000 seq:147.000000
E/MP-Decision( 2240): num online cores: 2 reqd : 1 available : 4 rq_depth:0.000000 hotplug_avg_load_dw: 20
E/MP-Decision( 2240): DOWN cpu:1 core_idx:1 Ns:1.100000 Ts:190 rq:0.000000 seq:294.000000
E/MP-Decision( 2240): num online cores: 1 reqd : 3 available : 4 rq_depth:2.900000 hotplug_avg_load_dw: 43
E/MP-Decision( 2240): UP cpu:1 core_idx:1 Nw:1.900000 Tw:140 rq:2.900000 seq:190.000000
E/MP-Decision( 2240): UP cpu:2 core_idx:2 Nw:2.700000 Tw:90 rq:2.900000 seq:147.000000
E/MP-Decision( 2240): num online cores: 3 reqd : 2 available : 4 rq_depth:0.000000 hotplug_avg_load_dw: 68
E/MP-Decision( 2240): DOWN cpu:2 core_idx:2 Ns:2.100000 Ts:240 rq:0.000000 seq:241.000000
E/MP-Decision( 2240): num online cores: 2 reqd : 1 available : 4 rq_depth:0.700000 hotplug_avg_load_dw: 21
E/MP-Decision( 2240): DOWN cpu:1 core_idx:1 Ns:1.100000 Ts:190 rq:0.700000 seq:274.000000
E/MP-Decision( 2240): num online cores: 1 reqd : 3 available : 4 rq_depth:4.300000 hotplug_avg_load_dw: 30
E/MP-Decision( 2240): UP cpu:1 core_idx:1 Nw:1.900000 Tw:140 rq:4.300000 seq:147.000000
E/MP-Decision( 2240): UP cpu:2 core_idx:2 Nw:2.700000 Tw:90 rq:4.300000 seq:147.000000
E/MP-Decision( 2240): num online cores: 3 reqd : 2 available : 4 rq_depth:1.000000 hotplug_avg_load_dw: 82
E/MP-Decision( 2240): DOWN cpu:2 core_idx:2 Ns:2.100000 Ts:240 rq:1.000000 seq:243.000000
E/MP-Decision( 2240): num online cores: 2 reqd : 1 available : 4 rq_depth:0.600000 hotplug_avg_load_dw: 14
E/MP-Decision( 2240): DOWN cpu:1 core_idx:1 Ns:1.100000 Ts:190 rq:0.600000 seq:49.000000
E/MP-Decision( 2240): num online cores: 1 reqd : 2 available : 4 rq_depth:5.300000 hotplug_avg_load_dw: 70
E/MP-Decision( 2240): UP cpu:1 core_idx:1 Nw:1.900000 Tw:140 rq:5.300000 seq:147.000000
E/MP-Decision( 2240): num online cores: 2 reqd : 1 available : 4 rq_depth:0.000000 hotplug_avg_load_dw: 19
E/MP-Decision( 2240): DOWN cpu:1 core_idx:1 Ns:1.100000 Ts:190 rq:0.000000 seq:733.000000
E/MP-Decision( 2240): num online cores: 1 reqd : 4 available : 4 rq_depth:12.500000 hotplug_avg_load_dw: 29
E/MP-Decision( 2240): UP cpu:1 core_idx:1 Nw:1.900000 Tw:140 rq:12.500000 seq:245.000000
E/MP-Decision( 2240): UP cpu:2 core_idx:2 Nw:2.700000 Tw:90 rq:12.500000 seq:147.000000
E/MP-Decision( 2240): UP cpu:3 core_idx:3 Nw:3.500000 Tw:90 rq:12.500000 seq:147.000000
E/MP-Decision( 2240): num online cores: 4 reqd : 2 available : 4 rq_depth:1.000000 hotplug_avg_load_dw: 121
E/MP-Decision( 2240): DOWN cpu:3 core_idx:3 Ns:3.100000 Ts:240 rq:1.000000 seq:288.000000
E/MP-Decision( 2240): DOWN cpu:2 core_idx:2 Ns:2.100000 Ts:240 rq:1.000000 seq:245.000000
E/MP-Decision( 2240): num online cores: 2 reqd : 4 available : 4 rq_depth:4.400000 hotplug_avg_load_dw: 104
E/MP-Decision( 2240): UP cpu:1 core_idx:1 Nw:1.900000 Tw:140 rq:4.400000 seq:0.000000
E/MP-Decision( 2240): UP cpu:2 core_idx:2 Nw:2.700000 Tw:90 rq:4.400000 seq:98.000000
E/MP-Decision( 2240): UP cpu:3 core_idx:3 Nw:3.500000 Tw:90 rq:4.400000 seq:98.000000
E/RecentsPanelView( 1288): package not found
E/CscReceiver(13296): onReceive android.intent.action.SIM_STATE_CHANGED
E/CscFota (13296): CscFota update()
E/CscParser(13296): update(): xml file exist
E/CscFota (13296): no FOTA profiles in customer
E/SBrowserContentProviderUtility(29689): userSerialNumber >>>>>>>>>>>>>>>>>>>>>>>>>>>>>>>>> 0
E/OperatorBookmarksSIMReceiver(29689): onReceive runs..android.intent.action.SIM_STATE_CHANGED
E/MP-Decision( 2240): num online cores: 4 reqd : 3 available : 4 rq_depth:3.100000 hotplug_avg_load_dw: 151
E/MP-Decision( 2240): DOWN cpu:3 core_idx:3 Ns:3.100000 Ts:240 rq:3.100000 seq:245.000000
E/chromium(29689): [ERROR:net_util.cc(1819)] Not implemented reached in net::IPv6SupportResult net::(anonymous namespace)::TestIPv6SupportInternal()
E/chromium(29689): [ERROR:shell_integration_android.cc(12)] Not implemented reached in static ShellIntegration::DefaultWebClientSetPermission ShellIntegration::CanSetAsDefaultBrowser()
E/chromium(29689): [ERROR:browser_process_impl.cc(713)] Not implemented reached in virtual BackgroundModeManager* BrowserProcessImpl::background_mode_manager()
E/chromium(29689): [ERROR:chrome_browser_main_android.cc(130)] Not implemented reached in void RecordBreakpadStatusUMA(MetricsService*)
E/MP-Decision( 2240): num online cores: 3 reqd : 4 available : 4 rq_depth:4.900000 hotplug_avg_load_dw: 139
E/MP-Decision( 2240): UP cpu:1 core_idx:1 Nw:1.900000 Tw:140 rq:4.900000 seq:0.000000
E/MP-Decision( 2240): UP cpu:2 core_idx:2 Nw:2.700000 Tw:90 rq:4.900000 seq:0.000000
E/MP-Decision( 2240): UP cpu:3 core_idx:3 Nw:3.500000 Tw:90 rq:4.900000 seq:98.000000
E/MP-Decision( 2240): num online cores: 4 reqd : 3 available : 4 rq_depth:2.500000 hotplug_avg_load_dw: 123
E/MP-Decision( 2240): DOWN cpu:3 core_idx:3 Ns:3.100000 Ts:240 rq:2.500000 seq:245.000000
E/MP-Decision( 2240): num online cores: 3 reqd : 4 available : 4 rq_depth:4.100000 hotplug_avg_load_dw: 127
E/MP-Decision( 2240): UP cpu:1 core_idx:1 Nw:1.900000 Tw:140 rq:4.100000 seq:0.000000
E/MP-Decision( 2240): UP cpu:2 core_idx:2 Nw:2.700000 Tw:90 rq:4.100000 seq:0.000000
E/MP-Decision( 2240): UP cpu:3 core_idx:3 Nw:3.500000 Tw:90 rq:4.100000 seq:98.000000
E/MP-Decision( 2240): num online cores: 4 reqd : 2 available : 4 rq_depth:1.000000 hotplug_avg_load_dw: 87
E/MP-Decision( 2240): DOWN cpu:3 core_idx:3 Ns:3.100000 Ts:240 rq:1.000000 seq:244.000000
E/MP-Decision( 2240): DOWN cpu:2 core_idx:2 Ns:2.100000 Ts:240 rq:1.000000 seq:244.000000
E/MP-Decision( 2240): num online cores: 2 reqd : 3 available : 4 rq_depth:2.700000 hotplug_avg_load_dw: 92
E/MP-Decision( 2240): UP cpu:1 core_idx:1 Nw:1.900000 Tw:140 rq:2.700000 seq:0.000000
E/MP-Decision( 2240): UP cpu:2 core_idx:2 Nw:2.700000 Tw:90 rq:2.700000 seq:98.000000
E/MP-Decision( 2240): num online cores: 3 reqd : 1 available : 4 rq_depth:0.000000 hotplug_avg_load_dw: 13
E/MP-Decision( 2240): DOWN cpu:2 core_idx:2 Ns:2.100000 Ts:240 rq:0.000000 seq:245.000000
E/MP-Decision( 2240): DOWN cpu:1 core_idx:1 Ns:1.100000 Ts:190 rq:0.000000 seq:245.000000
E/MP-Decision( 2240): num online cores: 1 reqd : 2 available : 4 rq_depth:2.100000 hotplug_avg_load_dw: 30
E/MP-Decision( 2240): UP cpu:1 core_idx:1 Nw:1.900000 Tw:140 rq:2.100000 seq:147.000000
E/MP-Decision( 2240): num online cores: 2 reqd : 1 available : 4 rq_depth:0.600000 hotplug_avg_load_dw: 16
E/MP-Decision( 2240): DOWN cpu:1 core_idx:1 Ns:1.100000 Ts:190 rq:0.600000 seq:192.000000
E/MP-Decision( 2240): num online cores: 1 reqd : 2 available : 4 rq_depth:1.900000 hotplug_avg_load_dw: 57
E/MP-Decision( 2240): UP cpu:1 core_idx:1 Nw:1.900000 Tw:140 rq:1.900000 seq:147.000000
E/MP-Decision( 2240): num online cores: 2 reqd : 1 available : 4 rq_depth:0.000000 hotplug_avg_load_dw: 19
E/MP-Decision( 2240): DOWN cpu:1 core_idx:1 Ns:1.100000 Ts:190 rq:0.000000 seq:147.000000
E/MP-Decision( 2240): num online cores: 1 reqd : 4 available : 4 rq_depth:4.100000 hotplug_avg_load_dw: 30
E/MP-Decision( 2240): UP cpu:1 core_idx:1 Nw:1.900000 Tw:140 rq:4.100000 seq:98.000000
E/MP-Decision( 2240): UP cpu:2 core_idx:2 Nw:2.700000 Tw:90 rq:4.100000 seq:98.000000
E/MP-Decision( 2240): UP cpu:3 core_idx:3 Nw:3.500000 Tw:90 rq:4.100000 seq:98.000000
E/MP-Decision( 2240): num online cores: 4 reqd : 2 available : 4 rq_depth:1.000000 hotplug_avg_load_dw: 109
E/MP-Decision( 2240): DOWN cpu:3 core_idx:3 Ns:3.100000 Ts:240 rq:1.000000 seq:288.000000
E/MP-Decision( 2240): DOWN cpu:2 core_idx:2 Ns:2.100000 Ts:240 rq:1.000000 seq:245.000000
E/MP-Decision( 2240): num online cores: 2 reqd : 3 available : 4 rq_depth:3.100000 hotplug_avg_load_dw: 101
E/MP-Decision( 2240): UP cpu:1 core_idx:1 Nw:1.900000 Tw:140 rq:3.100000 seq:0.000000
E/MP-Decision( 2240): UP cpu:2 core_idx:2 Nw:2.700000 Tw:90 rq:3.100000 seq:98.000000
E/MP-Decision( 2240): num online cores: 3 reqd : 1 available : 4 rq_depth:0.000000 hotplug_avg_load_dw: 22
E/MP-Decision( 2240): DOWN cpu:2 core_idx:2 Ns:2.100000 Ts:240 rq:0.000000 seq:194.000000
E/MP-Decision( 2240): DOWN cpu:1 core_idx:1 Ns:1.100000 Ts:190 rq:0.000000 seq:194.000000
E/MP-Decision( 2240): num online cores: 1 reqd : 2 available : 4 rq_depth:2.700000 hotplug_avg_load_dw: 26
E/MP-Decision( 2240): UP cpu:1 core_idx:1 Nw:1.900000 Tw:140 rq:2.700000 seq:147.000000
E/MP-Decision( 2240): num online cores: 2 reqd : 3 available : 4 rq_depth:3.500000 hotplug_avg_load_dw: 141
E/MP-Decision( 2240): UP cpu:1 core_idx:1 Nw:1.900000 Tw:140 rq:3.500000 seq:0.000000
E/MP-Decision( 2240): UP cpu:2 core_idx:2 Nw:2.700000 Tw:90 rq:3.500000 seq:97.000000
E/MP-Decision( 2240): num online cores: 3 reqd : 2 available : 4 rq_depth:1.000000 hotplug_avg_load_dw: 91
E/MP-Decision( 2240): DOWN cpu:2 core_idx:2 Ns:2.100000 Ts:240 rq:1.000000 seq:241.000000
E/MP-Decision( 2240): num online cores: 2 reqd : 1 available : 4 rq_depth:0.000000 hotplug_avg_load_dw: 22
E/MP-Decision( 2240): DOWN cpu:1 core_idx:1 Ns:1.100000 Ts:190 rq:0.000000 seq:245.000000
E/MP-Decision( 2240): num online cores: 1 reqd : 4 available : 4 rq_depth:19.700001 hotplug_avg_load_dw: 35
E/MP-Decision( 2240): UP cpu:1 core_idx:1 Nw:1.900000 Tw:140 rq:19.700001 seq:195.000000
E/MP-Decision( 2240): UP cpu:2 core_idx:2 Nw:2.700000 Tw:90 rq:19.700001 seq:195.000000
E/MP-Decision( 2240): UP cpu:3 core_idx:3 Nw:3.500000 Tw:90 rq:19.700001 seq:147.000000
E/MP-Decision( 2240): num online cores: 4 reqd : 2 available : 4 rq_depth:1.000000 hotplug_avg_load_dw: 74
E/MP-Decision( 2240): DOWN cpu:3 core_idx:3 Ns:3.100000 Ts:240 rq:1.000000 seq:288.000000
E/MP-Decision( 2240): DOWN cpu:2 core_idx:2 Ns:2.100000 Ts:240 rq:1.000000 seq:288.000000
E/Sensors (  812): Acc old sensor_state 0, new sensor_state : 1 en : 1
E/kickstart(  990): EVENT: Received 48 bytes
E/kickstart(  990): EVENT: RECEIVED <-- SAHARA_HELLO
E/kickstart(  990): EVENT: SENDING --> SAHARA_HELLO_RESPONSE
E/kickstart(  990): EVENT: sahara_mode                         = 2
E/kickstart(  990): EVENT: m_comm->sahara_hello_packet_rx.mode = 2
E/kickstart(  990): EVENT: helloRx.mode                        = 2
E/kickstart(  990): Wrote to /sys/power/wake_lock
E/kickstart(  990): EVENT: Waiting for data to read
E/kickstart(  990): EVENT: Data available to read
E/kickstart(  990): EVENT: Received 16 bytes
E/kickstart(  990): EVENT: RECEIVED <-- SAHARA_MEMORY_DEBUG
E/kickstart(  990): EVENT: SENDING --> SAHARA_MEMORY_READ
E/kickstart(  990): EVENT: Sent SAHARA_MEMORY_READ, address 41506290, length 52
E/kickstart(  990): EVENT: Waiting for data to read
E/kickstart(  990): EVENT: Data available to read
E/kickstart(  990): EVENT: Received 52 bytes
E/kickstart(  990): EVENT: 0x46980000, len=000C0000, "m9kefs1", ""
E/kickstart(  990): EVENT: STATE <-- SAHARA_WAIT_MEMORY_REGION
E/kickstart(  990): EVENT: Saving "/dev/block/platform/msm_sdcc.1/by-name/m9kefs1"
E/kickstart(  990): EVENT: SENDING --> SAHARA_MEMORY_READ
E/kickstart(  990): EVENT: Sent SAHARA_MEMORY_READ, address 46980000, length 786432
E/kickstart(  990): EVENT: Waiting for data to read
E/kickstart(  990): EVENT: Data available to read
E/kickstart(  990): EVENT: Received 81920 bytes
E/kickstart(  990): EVENT: Waiting for data to read
E/kickstart(  990): EVENT: Data available to read
E/kickstart(  990): EVENT: Received 81920 bytes
E/kickstart(  990): EVENT: Waiting for data to read
E/kickstart(  990): EVENT: Data available to read
E/kickstart(  990): EVENT: Received 81920 bytes
E/kickstart(  990): EVENT: Waiting for data to read
E/kickstart(  990): EVENT: Data available to read
E/kickstart(  990): EVENT: Received 32768 bytes
E/kickstart(  990): EVENT: Waiting for data to read
E/kickstart(  990): EVENT: Data available to read
E/kickstart(  990): EVENT: Received 49152 bytes
E/kickstart(  990): EVENT: Waiting for data to read
E/kickstart(  990): EVENT: Data available to read
E/kickstart(  990): EVENT: Received 49152 bytes
E/kickstart(  990): EVENT: Waiting for data to read
E/kickstart(  990): EVENT: Data available to read
E/kickstart(  990): EVENT: Received 49152 bytes
E/kickstart(  990): EVENT: Waiting for data to read
E/kickstart(  990): EVENT: Data available to read
E/kickstart(  990): EVENT: Received 49152 bytes
E/kickstart(  990): EVENT: Waiting for data to read
E/kickstart(  990): EVENT: Data available to read
E/kickstart(  990): EVENT: Received 49152 bytes
E/kickstart(  990): EVENT: Waiting for data to read
E/kickstart(  990): EVENT: Data available to read
E/kickstart(  990): EVENT: Received 49152 bytes
E/kickstart(  990): EVENT: Waiting for data to read
E/kickstart(  990): EVENT: Data available to read
E/kickstart(  990): EVENT: Received 49152 bytes
E/kickstart(  990): EVENT: Waiting for data to read
E/kickstart(  990): EVENT: Data available to read
E/kickstart(  990): EVENT: Received 49152 bytes
E/kickstart(  990): EVENT: Waiting for data to read
E/kickstart(  990): EVENT: Data available to read
E/kickstart(  990): EVENT: Received 49152 bytes
E/kickstart(  990): EVENT: Waiting for data to read
E/kickstart(  990): EVENT: Data available to read
E/kickstart(  990): EVENT: Received 49152 bytes
E/kickstart(  990): EVENT: Waiting for data to read
E/kickstart(  990): EVENT: Data available to read
E/kickstart(  990): EVENT: Received 16384 bytes
E/kickstart(  990): EVENT: Received: 786432 bytes
E/kickstart(  990): EVENT: Writing to disk
E/kickstart(  990): EVENT: Successfully wrote to disk
E/kickstart(  990): Received file "/dev/block/platform/msm_sdcc.1/by-name/m9kefs1"
E/kickstart(  990): 786432 bytes transferred in 0.116s (6.47 MBps)
E/kickstart(  990): EVENT: num_debug_entries not >=0
E/kickstart(  990): Successfully downloaded files from target 
E/kickstart(  990): EVENT: SENDING --> SAHARA_RESET
E/kickstart(  990): Wrote to /sys/power/wake_unlock
E/kickstart(  990): EVENT: Waiting for data to read
E/kickstart(  990): EVENT: Data available to read
E/kickstart(  990): EVENT: Received 8 bytes
E/kickstart(  990): EVENT: RECEIVED <-- SAHARA_RESET_RESP
E/kickstart(  990): Sahara protocol completed
E/kickstart(  990): EVENT: STATE <-- SAHARA_WAIT_HELLO
E/kickstart(  990): EVENT: Waiting for data to read
E/kickstart(  990): EVENT: Data available to read
E/MP-Decision( 2240): num online cores: 2 reqd : 1 available : 4 rq_depth:0.000000 hotplug_avg_load_dw: 22
E/MP-Decision( 2240): DOWN cpu:1 core_idx:1 Ns:1.100000 Ts:190 rq:0.000000 seq:196.000000
E/MP-Decision( 2240): num online cores: 1 reqd : 4 available : 4 rq_depth:5.100000 hotplug_avg_load_dw: 32
E/MP-Decision( 2240): UP cpu:1 core_idx:1 Nw:1.900000 Tw:140 rq:5.100000 seq:195.000000
E/MP-Decision( 2240): UP cpu:2 core_idx:2 Nw:2.700000 Tw:90 rq:5.100000 seq:195.000000
E/MP-Decision( 2240): UP cpu:3 core_idx:3 Nw:3.500000 Tw:90 rq:5.100000 seq:195.000000
E/MP-Decision( 2240): num online cores: 4 reqd : 2 available : 4 rq_depth:1.500000 hotplug_avg_load_dw: 32
E/MP-Decision( 2240): DOWN cpu:3 core_idx:3 Ns:3.100000 Ts:240 rq:1.500000 seq:288.000000
E/MP-Decision( 2240): DOWN cpu:2 core_idx:2 Ns:2.100000 Ts:240 rq:1.500000 seq:288.000000
E/MP-Decision( 2240): num online cores: 2 reqd : 1 available : 4 rq_depth:0.000000 hotplug_avg_load_dw: 19
E/MP-Decision( 2240): DOWN cpu:1 core_idx:1 Ns:1.100000 Ts:190 rq:0.000000 seq:194.000000
E/Watchdog(  812): !@Sync 6344
E/MP-Decision( 2240): num online cores: 1 reqd : 4 available : 4 rq_depth:5.500000 hotplug_avg_load_dw: 42
E/MP-Decision( 2240): UP cpu:1 core_idx:1 Nw:1.900000 Tw:140 rq:5.500000 seq:147.000000
E/MP-Decision( 2240): UP cpu:2 core_idx:2 Nw:2.700000 Tw:90 rq:5.500000 seq:98.000000
E/MP-Decision( 2240): UP cpu:3 core_idx:3 Nw:3.500000 Tw:90 rq:5.500000 seq:98.000000
E/Sensors (  812): Acc old sensor_state 1, new sensor_state : 0 en : 0
E/MP-Decision( 2240): num online cores: 4 reqd : 3 available : 4 rq_depth:1.500000 hotplug_avg_load_dw: 105
E/MP-Decision( 2240): DOWN cpu:3 core_idx:3 Ns:3.100000 Ts:240 rq:1.500000 seq:245.000000
E/MP-Decision( 2240): num online cores: 3 reqd : 2 available : 4 rq_depth:2.000000 hotplug_avg_load_dw: 104
E/MP-Decision( 2240): DOWN cpu:2 core_idx:2 Ns:2.100000 Ts:240 rq:2.000000 seq:241.000000
E/MP-Decision( 2240): num online cores: 2 reqd : 3 available : 4 rq_depth:2.900000 hotplug_avg_load_dw: 94
E/MP-Decision( 2240): UP cpu:1 core_idx:1 Nw:1.900000 Tw:140 rq:2.900000 seq:0.000000
E/MP-Decision( 2240): UP cpu:2 core_idx:2 Nw:2.700000 Tw:90 rq:2.900000 seq:98.000000
E/MP-Decision( 2240): num online cores: 3 reqd : 2 available : 4 rq_depth:1.000000 hotplug_avg_load_dw: 108
E/MP-Decision( 2240): DOWN cpu:2 core_idx:2 Ns:2.100000 Ts:240 rq:1.000000 seq:245.000000
E/AudioResampler(  283): Unsupported sample format, 1 bits, 2 channels
E/MP-Decision( 2240): num online cores: 2 reqd : 4 available : 4 rq_depth:14.000000 hotplug_avg_load_dw: 77
E/MP-Decision( 2240): UP cpu:1 core_idx:1 Nw:1.900000 Tw:140 rq:14.000000 seq:0.000000
E/MP-Decision( 2240): UP cpu:2 core_idx:2 Nw:2.700000 Tw:90 rq:14.000000 seq:98.000000
E/MP-Decision( 2240): UP cpu:3 core_idx:3 Nw:3.500000 Tw:90 rq:14.000000 seq:98.000000
E/ACDB-LOADER(  283): Error: ACDB AudProc vol returned = -8
E/KeyguardHostView( 1288): KeyguardHostView()
E/MISC PowerHAL(  812): sysfs_write : Error opening /sys/class/input/input3/enabled: No such file or directory
E/MISC PowerHAL(  812): sysfs_write : Error opening /sys/class/input/input19/enabled: No such file or directory
E/MP-Decision( 2240): num online cores: 4 reqd : 3 available : 4 rq_depth:2.500000 hotplug_avg_load_dw: 170
E/MP-Decision( 2240): DOWN cpu:3 core_idx:3 Ns:3.100000 Ts:240 rq:2.500000 seq:245.000000
E/SoundPool( 1288): error loading /system/media/audio/ui/lens_flare_tap.ogg
E/SoundPool( 1288): error loading /system/media/audio/ui/lens_flare_unlock.ogg
E/AwesomePlayer(  283): LPAPlayer::Clip duration setting of less than 30sec not supported, defaulting to 60sec
E/AwesomePlayer(  283): LPAPlayer::Clip duration setting of less than 30sec not supported, defaulting to 60sec
E/MP-Decision( 2240): num online cores: 3 reqd : 4 available : 4 rq_depth:8.900000 hotplug_avg_load_dw: 155
E/MP-Decision( 2240): UP cpu:1 core_idx:1 Nw:1.900000 Tw:140 rq:8.900000 seq:0.000000
E/MP-Decision( 2240): UP cpu:2 core_idx:2 Nw:2.700000 Tw:90 rq:8.900000 seq:0.000000
E/MP-Decision( 2240): UP cpu:3 core_idx:3 Nw:3.500000 Tw:90 rq:8.900000 seq:98.000000
E/AwesomePlayer(  283): LPAPlayer::Clip duration setting of less than 30sec not supported, defaulting to 60sec
E/AwesomePlayer(  283): LPAPlayer::Clip duration setting of less than 30sec not supported, defaulting to 60sec
E/MP-Decision( 2240): num online cores: 4 reqd : 2 available : 4 rq_depth:1.100000 hotplug_avg_load_dw: 137
E/MP-Decision( 2240): DOWN cpu:3 core_idx:3 Ns:3.100000 Ts:240 rq:1.100000 seq:245.000000
E/MP-Decision( 2240): DOWN cpu:2 core_idx:2 Ns:2.100000 Ts:240 rq:1.100000 seq:245.000000
E/LightSensor(  812): Light old sensor_state 0, new sensor_state : 128 en : 1
E/MP-Decision( 2240): num online cores: 2 reqd : 4 available : 4 rq_depth:9.900000 hotplug_avg_load_dw: 111
E/MP-Decision( 2240): UP cpu:1 core_idx:1 Nw:1.900000 Tw:140 rq:9.900000 seq:0.000000
E/MP-Decision( 2240): UP cpu:2 core_idx:2 Nw:2.700000 Tw:90 rq:9.900000 seq:98.000000
E/MP-Decision( 2240): UP cpu:3 core_idx:3 Nw:3.500000 Tw:90 rq:9.900000 seq:98.000000
E/LightSensor(  812): Light old sensor_state 128, new sensor_state : 0 en : 0
E/MP-Decision( 2240): num online cores: 4 reqd : 3 available : 4 rq_depth:1.300000 hotplug_avg_load_dw: 93
E/MP-Decision( 2240): DOWN cpu:3 core_idx:3 Ns:3.100000 Ts:240 rq:1.300000 seq:244.000000
E/MP-Decision( 2240): num online cores: 3 reqd : 2 available : 4 rq_depth:1.000000 hotplug_avg_load_dw: 83
E/MP-Decision( 2240): DOWN cpu:2 core_idx:2 Ns:2.100000 Ts:240 rq:1.000000 seq:240.000000
E/MP-Decision( 2240): num online cores: 2 reqd : 3 available : 4 rq_depth:2.700000 hotplug_avg_load_dw: 84
E/MP-Decision( 2240): UP cpu:1 core_idx:1 Nw:1.900000 Tw:140 rq:2.700000 seq:0.000000
E/MP-Decision( 2240): UP cpu:2 core_idx:2 Nw:2.700000 Tw:90 rq:2.700000 seq:98.000000
E/SamsungWindowManager(  812): mCoreNumLockHelper.acquire
E/MP-Decision( 2240): num online cores: 3 reqd : 2 available : 4 rq_depth:1.400000 hotplug_avg_load_dw: 79
E/MP-Decision( 2240): DOWN cpu:2 core_idx:2 Ns:2.100000 Ts:240 rq:1.400000 seq:245.000000
E/MISC PowerHAL(  812): sysfs_write : Error opening /sys/class/input/input3/enabled: No such file or directory
E/MISC PowerHAL(  812): sysfs_write : Error opening /sys/class/input/input19/enabled: No such file or directory
E/ECS_EnterpriseContainerCacheData(  812): getContainerStatus while loop
E/ECS_--key--1 = (  812): ----
E/ECS_EnterpriseContainerCacheData(  812): getContainerStatus of: 1 status: 6--flag--true
E/ECS_EnterpriseContainerCacheData(  812): getContainerLockOnScreenLock: getting false
E/ECS_EnterpriseContainerCacheData(  812): getContainerVerifyOnlyOnChangeMode: getting false
E/NfcService( 1508): callback == null
E/videowall-TranscodeReceiver(14544): broadcastMSG : android.intent.action.SCREEN_OFF
E/MP-Decision( 2240): num online cores: 2 reqd : 4 available : 4 rq_depth:7.700000 hotplug_avg_load_dw: 109
E/MP-Decision( 2240): UP cpu:1 core_idx:1 Nw:1.900000 Tw:140 rq:7.700000 seq:0.000000
E/MP-Decision( 2240): UP cpu:2 core_idx:2 Nw:2.700000 Tw:90 rq:7.700000 seq:98.000000
E/MP-Decision( 2240): UP cpu:3 core_idx:3 Nw:3.500000 Tw:90 rq:7.700000 seq:98.000000
E/videowall-TranscodeService(14544): duration time is 3 ==> not Live but Static thumbnail
E/videowall-TranscodeService(14544): duration time is 1 ==> not Live but Static thumbnail
E/videowall-TranscodeService(14544): duration time is 1 ==> not Live but Static thumbnail
E/vwengine(14544): stopTranscoding
E/MP-Decision( 2240): num online cores: 4 reqd : 3 available : 4 rq_depth:2.900000 hotplug_avg_load_dw: 124
E/MP-Decision( 2240): DOWN cpu:3 core_idx:3 Ns:3.100000 Ts:240 rq:2.900000 seq:245.000000
E/Sensors (  812): Acc old sensor_state 0, new sensor_state : 1 en : 1
E/MP-Decision( 2240): num online cores: 3 reqd : 2 available : 4 rq_depth:1.500000 hotplug_avg_load_dw: 94
E/MP-Decision( 2240): DOWN cpu:2 core_idx:2 Ns:2.100000 Ts:240 rq:1.500000 seq:245.000000
E/MP-Decision( 2240): num online cores: 2 reqd : 3 available : 4 rq_depth:3.900000 hotplug_avg_load_dw: 93
E/MP-Decision( 2240): UP cpu:1 core_idx:1 Nw:1.900000 Tw:140 rq:3.900000 seq:0.000000
E/MP-Decision( 2240): UP cpu:2 core_idx:2 Nw:2.700000 Tw:90 rq:3.900000 seq:98.000000
E/MP-Decision( 2240): num online cores: 3 reqd : 2 available : 4 rq_depth:1.300000 hotplug_avg_load_dw: 100
E/MP-Decision( 2240): DOWN cpu:2 core_idx:2 Ns:2.100000 Ts:240 rq:1.300000 seq:245.000000
E/MP-Decision( 2240): num online cores: 2 reqd : 3 available : 4 rq_depth:2.900000 hotplug_avg_load_dw: 91
E/MP-Decision( 2240): UP cpu:1 core_idx:1 Nw:1.900000 Tw:140 rq:2.900000 seq:0.000000
E/MP-Decision( 2240): UP cpu:2 core_idx:2 Nw:2.700000 Tw:90 rq:2.900000 seq:98.000000
E/MP-Decision( 2240): num online cores: 3 reqd : 2 available : 4 rq_depth:1.700000 hotplug_avg_load_dw: 108
E/MP-Decision( 2240): DOWN cpu:2 core_idx:2 Ns:2.100000 Ts:240 rq:1.700000 seq:245.000000
E/MP-Decision( 2240): num online cores: 2 reqd : 3 available : 4 rq_depth:3.100000 hotplug_avg_load_dw: 90
E/MP-Decision( 2240): UP cpu:1 core_idx:1 Nw:1.900000 Tw:140 rq:3.100000 seq:0.000000
E/MP-Decision( 2240): UP cpu:2 core_idx:2 Nw:2.700000 Tw:90 rq:3.100000 seq:93.000000
E/MP-Decision( 2240): num online cores: 3 reqd : 2 available : 4 rq_depth:2.100000 hotplug_avg_load_dw: 106
E/MP-Decision( 2240): DOWN cpu:2 core_idx:2 Ns:2.100000 Ts:240 rq:2.100000 seq:241.000000
E/MP-Decision( 2240): num online cores: 2 reqd : 3 available : 4 rq_depth:3.000000 hotplug_avg_load_dw: 92
E/MP-Decision( 2240): UP cpu:1 core_idx:1 Nw:1.900000 Tw:140 rq:3.000000 seq:0.000000
E/MP-Decision( 2240): UP cpu:2 core_idx:2 Nw:2.700000 Tw:90 rq:3.000000 seq:94.000000
E/Sensors (  812): Acc old sensor_state 1, new sensor_state : 0 en : 0
E/MP-Decision( 2240): num online cores: 3 reqd : 2 available : 4 rq_depth:1.000000 hotplug_avg_load_dw: 83
E/MP-Decision( 2240): DOWN cpu:2 core_idx:2 Ns:2.100000 Ts:240 rq:1.000000 seq:245.000000
E/MP-Decision( 2240): num online cores: 2 reqd : 4 available : 4 rq_depth:5.100000 hotplug_avg_load_dw: 74
E/MP-Decision( 2240): UP cpu:1 core_idx:1 Nw:1.900000 Tw:140 rq:5.100000 seq:0.000000
E/MP-Decision( 2240): UP cpu:2 core_idx:2 Nw:2.700000 Tw:90 rq:5.100000 seq:98.000000
E/LightSensor(  812): Light old sensor_state 0, new sensor_state : 128 en : 1
E/MP-Decision( 2240): UP cpu:3 core_idx:3 Nw:3.500000 Tw:90 rq:5.100000 seq:98.000000
E/LightSensor(  812): Light old sensor_state 128, new sensor_state : 0 en : 0
E/        (  296): SWETA :: Inside SecEDSVendorBase :: getStatus, nParam = 0
E/        (  296): SWETA :: Inside SecEDSVendorBase :: getStatus, nParam = 1
E/MP-Decision( 2240): num online cores: 4 reqd : 3 available : 4 rq_depth:1.000000 hotplug_avg_load_dw: 84
E/MP-Decision( 2240): DOWN cpu:3 core_idx:3 Ns:3.100000 Ts:240 rq:1.000000 seq:245.000000
E/MP-Decision( 2240): num online cores: 3 reqd : 2 available : 4 rq_depth:1.000000 hotplug_avg_load_dw: 73
E/MP-Decision( 2240): DOWN cpu:2 core_idx:2 Ns:2.100000 Ts:240 rq:1.000000 seq:242.000000
E/GestureService( 1821): updateFlags started
E/GestureService( 1821): bVertical = false
E/GestureService( 1821): bHorizontal = false
E/NfcService( 1508): callback == null
E/MP-Decision( 2240): num online cores: 2 reqd : 4 available : 4 rq_depth:5.500000 hotplug_avg_load_dw: 94
E/MP-Decision( 2240): UP cpu:1 core_idx:1 Nw:1.900000 Tw:140 rq:5.500000 seq:0.000000
E/MP-Decision( 2240): UP cpu:2 core_idx:2 Nw:2.700000 Tw:90 rq:5.500000 seq:98.000000
E/MP-Decision( 2240): UP cpu:3 core_idx:3 Nw:3.500000 Tw:90 rq:5.500000 seq:98.000000
E/MP-Decision( 2240): num online cores: 4 reqd : 3 available : 4 rq_depth:1.100000 hotplug_avg_load_dw: 127
E/MP-Decision( 2240): DOWN cpu:3 core_idx:3 Ns:3.100000 Ts:240 rq:1.100000 seq:241.000000
E/MP-Decision( 2240): num online cores: 3 reqd : 2 available : 4 rq_depth:1.300000 hotplug_avg_load_dw: 110
E/MP-Decision( 2240): DOWN cpu:2 core_idx:2 Ns:2.100000 Ts:240 rq:1.300000 seq:242.000000
E/MP-Decision( 2240): num online cores: 2 reqd : 1 available : 4 rq_depth:0.000000 hotplug_avg_load_dw: 23
E/MP-Decision( 2240): DOWN cpu:1 core_idx:1 Ns:1.100000 Ts:190 rq:0.000000 seq:294.000000
E/Sensors (  812): Acc old sensor_state 0, new sensor_state : 1 en : 1
E/Sensors (  812): Acc old sensor_state 1, new sensor_state : 0 en : 0
E/ECS_EnterpriseContainerService(  812): getMountStatus() permission get it
E/Sensors (  812): Acc old sensor_state 0, new sensor_state : 1 en : 1
E/Sensors (  812): Acc old sensor_state 1, new sensor_state : 0 en : 0
E/chromium(29689): [ERROR:shell_integration_android.cc(30)] Not implemented reached in static ShellIntegration::DefaultWebClientState ShellIntegration::GetDefaultBrowser()
E/Watchdog(  812): !@Sync 6345
E/Sensors (  812): Acc old sensor_state 0, new sensor_state : 1 en : 1
E/SecCameraShortcut( 1288): action down
E/AudioResampler(  283): Unsupported sample format, 1 bits, 2 channels
E/ACDB-LOADER(  283): Error: ACDB AudProc vol returned = -8
E/MP-Decision( 2240): num online cores: 1 reqd : 4 available : 4 rq_depth:4.500000 hotplug_avg_load_dw: 25
E/MP-Decision( 2240): UP cpu:1 core_idx:1 Nw:1.900000 Tw:140 rq:4.500000 seq:96.000000
E/MP-Decision( 2240): UP cpu:2 core_idx:2 Nw:2.700000 Tw:90 rq:4.500000 seq:96.000000
E/MP-Decision( 2240): UP cpu:3 core_idx:3 Nw:3.500000 Tw:90 rq:4.500000 seq:96.000000
E/MP-Decision( 2240): num online cores: 4 reqd : 3 available : 4 rq_depth:2.100000 hotplug_avg_load_dw: 144
E/MP-Decision( 2240): DOWN cpu:3 core_idx:3 Ns:3.100000 Ts:240 rq:2.100000 seq:285.000000
E/MP-Decision( 2240): num online cores: 3 reqd : 2 available : 4 rq_depth:1.100000 hotplug_avg_load_dw: 102
E/MP-Decision( 2240): DOWN cpu:2 core_idx:2 Ns:2.100000 Ts:240 rq:1.100000 seq:242.000000
E/SecCameraShortcut( 1288): action up/cancel mDistance: 409.20654931220247
E/AudioResampler(  283): Unsupported sample format, 1 bits, 2 channels
E/AudioResampler(  283): Unsupported sample format, 1 bits, 2 channels
E/AudioResampler(  283): Unsupported sample format, 1 bits, 2 channels
E/MP-Decision( 2240): num online cores: 2 reqd : 3 available : 4 rq_depth:3.300000 hotplug_avg_load_dw: 82
E/MP-Decision( 2240): UP cpu:1 core_idx:1 Nw:1.900000 Tw:140 rq:3.300000 seq:0.000000
E/MP-Decision( 2240): UP cpu:2 core_idx:2 Nw:2.700000 Tw:90 rq:3.300000 seq:98.000000
E/NfcService( 1508): callback == null
E/MotionRecognitionService(  812):   mReceiver.onReceive : ACTION_USER_PRESENT  :: UNLOCK SCREEN
E/MP-Decision( 2240): num online cores: 3 reqd : 4 available : 4 rq_depth:6.400000 hotplug_avg_load_dw: 166
E/MP-Decision( 2240): UP cpu:1 core_idx:1 Nw:1.900000 Tw:140 rq:6.400000 seq:0.000000
E/MP-Decision( 2240): UP cpu:2 core_idx:2 Nw:2.700000 Tw:90 rq:6.400000 seq:0.000000
E/MP-Decision( 2240): UP cpu:3 core_idx:3 Nw:3.500000 Tw:90 rq:6.400000 seq:96.000000
E/Sensors (  812): Acc old sensor_state 1, new sensor_state : 0 en : 0
E/TagForNotify(30093): [No cache] of Notify Toggle State
E/TagForNotify(30093): setNotifyToggleStateList:: param stateLis is null OR size 0
E/AcrossPromote(30093): [isTimeForShowAd]Not found match id of Across promote Ad
E/MP-Decision( 2240): num online cores: 4 reqd : 1 available : 4 rq_depth:0.000000 hotplug_avg_load_dw: 26
E/MP-Decision( 2240): DOWN cpu:3 core_idx:3 Ns:3.100000 Ts:240 rq:0.000000 seq:245.000000
E/MP-Decision( 2240): DOWN cpu:2 core_idx:2 Ns:2.100000 Ts:240 rq:0.000000 seq:245.000000
E/MP-Decision( 2240): DOWN cpu:1 core_idx:1 Ns:1.100000 Ts:190 rq:0.000000 seq:245.000000
E/MP-Decision( 2240): num online cores: 1 reqd : 3 available : 4 rq_depth:3.100000 hotplug_avg_load_dw: 60
E/MP-Decision( 2240): UP cpu:1 core_idx:1 Nw:1.900000 Tw:140 rq:3.100000 seq:96.000000
E/MP-Decision( 2240): UP cpu:2 core_idx:2 Nw:2.700000 Tw:90 rq:3.100000 seq:96.000000
E/MP-Decision( 2240): num online cores: 3 reqd : 2 available : 4 rq_depth:1.700000 hotplug_avg_load_dw: 27
E/MP-Decision( 2240): DOWN cpu:2 core_idx:2 Ns:2.100000 Ts:240 rq:1.700000 seq:245.000000
E/MP-Decision( 2240): num online cores: 2 reqd : 1 available : 4 rq_depth:0.000000 hotplug_avg_load_dw: 16
E/MP-Decision( 2240): DOWN cpu:1 core_idx:1 Ns:1.100000 Ts:190 rq:0.000000 seq:197.000000
E/MP-Decision( 2240): num online cores: 1 reqd : 4 available : 4 rq_depth:3.500000 hotplug_avg_load_dw: 40
E/MP-Decision( 2240): UP cpu:1 core_idx:1 Nw:1.900000 Tw:140 rq:3.500000 seq:196.000000
E/MP-Decision( 2240): UP cpu:2 core_idx:2 Nw:2.700000 Tw:90 rq:3.500000 seq:196.000000
E/MP-Decision( 2240): UP cpu:3 core_idx:3 Nw:3.500000 Tw:90 rq:3.500000 seq:146.000000
E/MP-Decision( 2240): num online cores: 4 reqd : 3 available : 4 rq_depth:1.400000 hotplug_avg_load_dw: 88
E/MP-Decision( 2240): DOWN cpu:3 core_idx:3 Ns:3.100000 Ts:240 rq:1.400000 seq:287.000000
E/MP-Decision( 2240): num online cores: 3 reqd : 2 available : 4 rq_depth:1.300000 hotplug_avg_load_dw: 94
E/MP-Decision( 2240): DOWN cpu:2 core_idx:2 Ns:2.100000 Ts:240 rq:1.300000 seq:241.000000
E/MP-Decision( 2240): num online cores: 2 reqd : 1 available : 4 rq_depth:0.000000 hotplug_avg_load_dw: 10
E/MP-Decision( 2240): DOWN cpu:1 core_idx:1 Ns:1.100000 Ts:190 rq:0.000000 seq:245.000000
E/MP-Decision( 2240): num online cores: 1 reqd : 2 available : 4 rq_depth:2.000000 hotplug_avg_load_dw: 24
E/MP-Decision( 2240): UP cpu:1 core_idx:1 Nw:1.900000 Tw:140 rq:2.000000 seq:195.000000
E/MP-Decision( 2240): num online cores: 2 reqd : 1 available : 4 rq_depth:0.000000 hotplug_avg_load_dw: 10
E/MP-Decision( 2240): DOWN cpu:1 core_idx:1 Ns:1.100000 Ts:190 rq:0.000000 seq:291.000000
E/MP-Decision( 2240): num online cores: 1 reqd : 4 available : 4 rq_depth:5.600000 hotplug_avg_load_dw: 45
E/MP-Decision( 2240): UP cpu:1 core_idx:1 Nw:1.900000 Tw:140 rq:5.600000 seq:98.000000
E/MP-Decision( 2240): UP cpu:2 core_idx:2 Nw:2.700000 Tw:90 rq:5.600000 seq:98.000000
E/MP-Decision( 2240): UP cpu:3 core_idx:3 Nw:3.500000 Tw:90 rq:5.600000 seq:98.000000
E/MP-Decision( 2240): num online cores: 4 reqd : 2 available : 4 rq_depth:0.000000 hotplug_avg_load_dw: 35
E/MP-Decision( 2240): DOWN cpu:3 core_idx:3 Ns:3.100000 Ts:240 rq:0.000000 seq:286.000000
E/MP-Decision( 2240): DOWN cpu:2 core_idx:2 Ns:2.100000 Ts:240 rq:0.000000 seq:286.000000
E/MP-Decision( 2240): num online cores: 2 reqd : 1 available : 4 rq_depth:0.600000 hotplug_avg_load_dw: 26
E/MP-Decision( 2240): DOWN cpu:1 core_idx:1 Ns:1.100000 Ts:190 rq:0.600000 seq:238.000000
