--------- beginning of /dev/log/system
E/Watchdog(  812): !@Sync 6336
--------- beginning of /dev/log/main
E/ECS_EnterpriseContainerService(  812): getMountStatus() permission get it
E/ECS_EnterpriseContainerService(  812): getMountStatus() permission get it
E/ECS_EnterpriseContainerService(  812): getMountStatus() permission get it
E/ECS_EnterpriseContainerService(  812): getMountStatus() permission get it
E/ECS_EnterpriseContainerService(  812): getMountStatus() permission get it
E/ECS_EnterpriseContainerService(  812): getMountStatus() permission get it
E/ECS_EnterpriseContainerService(  812): getMountStatus() permission get it
E/ECS_EnterpriseContainerService(  812): getMountStatus() permission get it
E/ECS_EnterpriseContainerService(  812): getMountStatus() permission get it
E/ECS_EnterpriseContainerService(  812): getMountStatus() permission get it
E/ECS_EnterpriseContainerService(  812): getMountStatus() permission get it
E/ECS_EnterpriseContainerService(  812): getMountStatus() permission get it
E/ECS_EnterpriseContainerService(  812): getMountStatus() permission get it
E/ECS_EnterpriseContainerService(  812): getMountStatus() permission get it
E/ECS_EnterpriseContainerService(  812): getMountStatus() permission get it
E/ECS_EnterpriseContainerService(  812): getMountStatus() permission get it
E/ECS_EnterpriseContainerService(  812): getMountStatus() permission get it
E/ECS_EnterpriseContainerService(  812): getMountStatus() permission get it
E/ECS_EnterpriseContainerService(  812): getMountStatus() permission get it
E/ECS_EnterpriseContainerService(  812): getMountStatus() permission get it
E/ECS_EnterpriseContainerService(  812): getMountStatus() permission get it
E/ECS_EnterpriseContainerService(  812): getMountStatus() permission get it
E/ECS_EnterpriseContainerService(  812): getMountStatus() permission get it
E/ECS_EnterpriseContainerService(  812): getMountStatus() permission get it
E/ECS_EnterpriseContainerService(  812): getMountStatus() permission get it
E/ECS_EnterpriseContainerService(  812): getMountStatus() permission get it
E/ECS_EnterpriseContainerService(  812): getMountStatus() permission get it
E/ECS_EnterpriseContainerService(  812): getMountStatus() permission get it
E/ECS_EnterpriseContainerService(  812): getMountStatus() permission get it
E/ECS_EnterpriseContainerService(  812): getMountStatus() permission get it
E/ECS_EnterpriseContainerService(  812): getMountStatus() permission get it
E/ECS_EnterpriseContainerService(  812): getMountStatus() permission get it
E/ECS_EnterpriseContainerService(  812): getMountStatus() permission get it
E/ECS_EnterpriseContainerService(  812): getMountStatus() permission get it
E/ECS_EnterpriseContainerService(  812): getMountStatus() permission get it
E/ECS_EnterpriseContainerService(  812): getMountStatus() permission get it
E/ECS_EnterpriseContainerService(  812): getMountStatus() permission get it
E/ECS_EnterpriseContainerService(  812): getMountStatus() permission get it
E/ECS_EnterpriseContainerService(  812): getMountStatus() permission get it
E/ECS_EnterpriseContainerService(  812): getMountStatus() permission get it
E/ECS_EnterpriseContainerService(  812): getMountStatus() permission get it
E/ECS_EnterpriseContainerService(  812): getMountStatus() permission get it
E/ECS_EnterpriseContainerService(  812): getMountStatus() permission get it
E/ECS_EnterpriseContainerService(  812): getMountStatus() permission get it
E/ECS_EnterpriseContainerService(  812): getMountStatus() permission get it
E/ECS_EnterpriseContainerService(  812): getMountStatus() permission get it
E/cutils  (  256): Failed to mkdirat(/storage/extSdCard/Android): Read-only file system
E/MP-Decision( 2240): num online cores: 4 reqd : 2 available : 4 rq_depth:2.000000 hotplug_avg_load_dw: 159
E/MP-Decision( 2240): DOWN cpu:3 core_idx:3 Ns:3.100000 Ts:240 rq:2.000000 seq:245.000000
E/MP-Decision( 2240): DOWN cpu:2 core_idx:2 Ns:2.100000 Ts:240 rq:2.000000 seq:245.000000
E/MP-Decision( 2240): num online cores: 2 reqd : 4 available : 4 rq_depth:8.600000 hotplug_avg_load_dw: 111
E/MP-Decision( 2240): UP cpu:1 core_idx:1 Nw:1.900000 Tw:140 rq:8.600000 seq:0.000000
E/MP-Decision( 2240): UP cpu:2 core_idx:2 Nw:2.700000 Tw:90 rq:8.600000 seq:98.000000
E/MP-Decision( 2240): UP cpu:3 core_idx:3 Nw:3.500000 Tw:90 rq:8.600000 seq:98.000000
E/ECS_EnterpriseContainerService(  812): getMountStatus() permission get it
E/ECS_EnterpriseContainerService(  812): getMountStatus() permission get it
E/ECS_EnterpriseContainerService(  812): getMountStatus() permission get it
E/ECS_EnterpriseContainerService(  812): getMountStatus() permission get it
E/ECS_EnterpriseContainerService(  812): getMountStatus() permission get it
E/ECS_EnterpriseContainerService(  812): getMountStatus() permission get it
E/ECS_EnterpriseContainerService(  812): getMountStatus() permission get it
E/ECS_EnterpriseContainerService(  812): getMountStatus() permission get it
E/ECS_EnterpriseContainerService(  812): getMountStatus() permission get it
E/ECS_EnterpriseContainerService(  812): getMountStatus() permission get it
E/ECS_EnterpriseContainerService(  812): getMountStatus() permission get it
E/ECS_EnterpriseContainerService(  812): getMountStatus() permission get it
E/ECS_EnterpriseContainerService(  812): getMountStatus() permission get it
E/ECS_EnterpriseContainerService(  812): getMountStatus() permission get it
E/ECS_EnterpriseContainerService(  812): getMountStatus() permission get it
E/SurfaceWidgetReflection( 2037): [123491/1] failed to invoke method
E/SurfaceWidgetReflection( 2037): java.lang.reflect.InvocationTargetException
E/SurfaceWidgetReflection( 2037): 	at java.lang.reflect.Method.invokeNative(Native Method)
E/SurfaceWidgetReflection( 2037): 	at java.lang.reflect.Method.invoke(Method.java:515)
E/SurfaceWidgetReflection( 2037): 	at com.samsung.surfacewidget.SurfaceWidgetReflection$MethodHelper.invoke(SurfaceWidgetReflection.java:315)
E/SurfaceWidgetReflection( 2037): 	at com.samsung.surfacewidget.SurfaceWidgetClient.destroyRootView(SurfaceWidgetClient.java:1189)
E/SurfaceWidgetReflection( 2037): 	at com.samsung.surfacewidget.SurfaceWidgetClient.setContentView(SurfaceWidgetClient.java:395)
E/SurfaceWidgetReflection( 2037): 	at com.samsung.android.widgetapp.briefing4x2.BriefingWidget.setContentView(BriefingWidget.java:107)
E/SurfaceWidgetReflection( 2037): 	at com.samsung.android.widgetapp.briefing4x2.BriefingSurfaceWidgetRenderer4x2.updateWidgetScreen(BriefingSurfaceWidgetRenderer4x2.java:126)
E/SurfaceWidgetReflection( 2037): 	at com.samsung.android.widgetapp.briefing4x2.BriefingWidget$1.run(BriefingWidget.java:145)
E/SurfaceWidgetReflection( 2037): 	at android.os.Handler.handleCallback(Handler.java:733)
E/SurfaceWidgetReflection( 2037): 	at android.os.Handler.dispatchMessage(Handler.java:95)
E/SurfaceWidgetReflection( 2037): 	at android.os.Looper.loop(Looper.java:157)
E/SurfaceWidgetReflection( 2037): 	at android.app.ActivityThread.main(ActivityThread.java:5356)
E/SurfaceWidgetReflection( 2037): 	at java.lang.reflect.Method.invokeNative(Native Method)
E/SurfaceWidgetReflection( 2037): 	at java.lang.reflect.Method.invoke(Method.java:515)
E/SurfaceWidgetReflection( 2037): 	at com.android.internal.os.ZygoteInit$MethodAndArgsCaller.run(ZygoteInit.java:1265)
E/SurfaceWidgetReflection( 2037): 	at com.android.internal.os.ZygoteInit.main(ZygoteInit.java:1081)
E/SurfaceWidgetReflection( 2037): 	at dalvik.system.NativeStart.main(Native Method)
E/SurfaceWidgetReflection( 2037): Caused by: java.lang.NullPointerException
E/SurfaceWidgetReflection( 2037): 	at android.view.ViewRootImpl.dispatchDetachedFromWindow(ViewRootImpl.java:3281)
E/SurfaceWidgetReflection( 2037): 	... 17 more
E/ECS_EnterpriseContainerService(  812): getMountStatus() permission get it
E/CscReceiver(13296): onReceive android.intent.action.SIM_STATE_CHANGED
E/CscFota (13296): CscFota update()
E/CscParser(13296): update(): xml file exist
E/CscFota (13296): no FOTA profiles in customer
E/MP-Decision( 2240): num online cores: 4 reqd : 3 available : 4 rq_depth:2.500000 hotplug_avg_load_dw: 196
E/MP-Decision( 2240): DOWN cpu:3 core_idx:3 Ns:3.100000 Ts:240 rq:2.500000 seq:245.000000
E/SBrowserContentProviderUtility(26162): userSerialNumber >>>>>>>>>>>>>>>>>>>>>>>>>>>>>>>>> 0
E/OperatorBookmarksSIMReceiver(26162): onReceive runs..android.intent.action.SIM_STATE_CHANGED
E/MP-Decision( 2240): num online cores: 3 reqd : 4 available : 4 rq_depth:4.500000 hotplug_avg_load_dw: 186
E/MP-Decision( 2240): UP cpu:1 core_idx:1 Nw:1.900000 Tw:140 rq:4.500000 seq:0.000000
E/MP-Decision( 2240): UP cpu:2 core_idx:2 Nw:2.700000 Tw:90 rq:4.500000 seq:0.000000
E/MP-Decision( 2240): UP cpu:3 core_idx:3 Nw:3.500000 Tw:90 rq:4.500000 seq:98.000000
E/ECS_EnterpriseContainerService(  812): getMountStatus() permission get it
E/chromium(26162): [ERROR:net_util.cc(1819)] Not implemented reached in net::IPv6SupportResult net::(anonymous namespace)::TestIPv6SupportInternal()
E/chromium(26162): [ERROR:shell_integration_android.cc(12)] Not implemented reached in static ShellIntegration::DefaultWebClientSetPermission ShellIntegration::CanSetAsDefaultBrowser()
E/chromium(26162): [ERROR:browser_process_impl.cc(713)] Not implemented reached in virtual BackgroundModeManager* BrowserProcessImpl::background_mode_manager()
E/chromium(26162): [ERROR:chrome_browser_main_android.cc(130)] Not implemented reached in void RecordBreakpadStatusUMA(MetricsService*)
E/MP-Decision( 2240): num online cores: 4 reqd : 3 available : 4 rq_depth:2.700000 hotplug_avg_load_dw: 205
E/MP-Decision( 2240): DOWN cpu:3 core_idx:3 Ns:3.100000 Ts:240 rq:2.700000 seq:245.000000
E/MP-Decision( 2240): num online cores: 3 reqd : 2 available : 4 rq_depth:1.100000 hotplug_avg_load_dw: 198
E/MP-Decision( 2240): DOWN cpu:2 core_idx:2 Ns:2.100000 Ts:240 rq:1.100000 seq:242.000000
E/MP-Decision( 2240): num online cores: 2 reqd : 4 available : 4 rq_depth:3.500000 hotplug_avg_load_dw: 142
E/MP-Decision( 2240): UP cpu:1 core_idx:1 Nw:1.900000 Tw:140 rq:3.500000 seq:0.000000
E/MP-Decision( 2240): UP cpu:2 core_idx:2 Nw:2.700000 Tw:90 rq:3.500000 seq:98.000000
E/MP-Decision( 2240): UP cpu:3 core_idx:3 Nw:3.500000 Tw:90 rq:3.500000 seq:98.000000
E/MP-Decision( 2240): num online cores: 4 reqd : 3 available : 4 rq_depth:2.300000 hotplug_avg_load_dw: 199
E/MP-Decision( 2240): DOWN cpu:3 core_idx:3 Ns:3.100000 Ts:240 rq:2.300000 seq:241.000000
E/MP-Decision( 2240): num online cores: 3 reqd : 2 available : 4 rq_depth:1.000000 hotplug_avg_load_dw: 63
E/MP-Decision( 2240): DOWN cpu:2 core_idx:2 Ns:2.100000 Ts:240 rq:1.000000 seq:242.000000
E/MP-Decision( 2240): num online cores: 2 reqd : 3 available : 4 rq_depth:2.900000 hotplug_avg_load_dw: 94
E/MP-Decision( 2240): UP cpu:1 core_idx:1 Nw:1.900000 Tw:140 rq:2.900000 seq:0.000000
E/MP-Decision( 2240): UP cpu:2 core_idx:2 Nw:2.700000 Tw:90 rq:2.900000 seq:98.000000
E/MP-Decision( 2240): num online cores: 3 reqd : 2 available : 4 rq_depth:1.400000 hotplug_avg_load_dw: 88
E/MP-Decision( 2240): DOWN cpu:2 core_idx:2 Ns:2.100000 Ts:240 rq:1.400000 seq:243.000000
E/MP-Decision( 2240): num online cores: 2 reqd : 4 available : 4 rq_depth:5.300000 hotplug_avg_load_dw: 90
E/MP-Decision( 2240): UP cpu:1 core_idx:1 Nw:1.900000 Tw:140 rq:5.300000 seq:0.000000
E/MP-Decision( 2240): UP cpu:2 core_idx:2 Nw:2.700000 Tw:90 rq:5.300000 seq:98.000000
E/MP-Decision( 2240): UP cpu:3 core_idx:3 Nw:3.500000 Tw:90 rq:5.300000 seq:98.000000
E/ECS_EnterpriseContainerService(  812): getMountStatus() permission get it
E/MP-Decision( 2240): num online cores: 4 reqd : 3 available : 4 rq_depth:2.500000 hotplug_avg_load_dw: 157
E/MP-Decision( 2240): DOWN cpu:3 core_idx:3 Ns:3.100000 Ts:240 rq:2.500000 seq:242.000000
E/MP-Decision( 2240): num online cores: 3 reqd : 2 available : 4 rq_depth:1.000000 hotplug_avg_load_dw: 79
E/MP-Decision( 2240): DOWN cpu:2 core_idx:2 Ns:2.100000 Ts:240 rq:1.000000 seq:245.000000
E/MP-Decision( 2240): num online cores: 2 reqd : 3 available : 4 rq_depth:3.300000 hotplug_avg_load_dw: 94
E/MP-Decision( 2240): UP cpu:1 core_idx:1 Nw:1.900000 Tw:140 rq:3.300000 seq:0.000000
E/MP-Decision( 2240): UP cpu:2 core_idx:2 Nw:2.700000 Tw:90 rq:3.300000 seq:98.000000
E/MP-Decision( 2240): num online cores: 3 reqd : 2 available : 4 rq_depth:1.800000 hotplug_avg_load_dw: 86
E/MP-Decision( 2240): DOWN cpu:2 core_idx:2 Ns:2.100000 Ts:240 rq:1.800000 seq:242.000000
E/Watchdog(  812): !@Sync 6337
E/MP-Decision( 2240): num online cores: 2 reqd : 3 available : 4 rq_depth:4.300000 hotplug_avg_load_dw: 90
E/MP-Decision( 2240): UP cpu:1 core_idx:1 Nw:1.900000 Tw:140 rq:4.300000 seq:0.000000
E/MP-Decision( 2240): UP cpu:2 core_idx:2 Nw:2.700000 Tw:90 rq:4.300000 seq:98.000000
E/MP-Decision( 2240): num online cores: 3 reqd : 2 available : 4 rq_depth:1.100000 hotplug_avg_load_dw: 86
E/MP-Decision( 2240): DOWN cpu:2 core_idx:2 Ns:2.100000 Ts:240 rq:1.100000 seq:245.000000
E/ECS_EnterpriseContainerService(  812): getMountStatus() permission get it
E/ECS_EnterpriseContainerService(  812): getMountStatus() permission get it
E/ECS_EnterpriseContainerService(  812): getMountStatus() permission get it
E/ECS_EnterpriseContainerService(  812): getMountStatus() permission get it
E/ECS_EnterpriseContainerService(  812): getMountStatus() permission get it
E/MP-Decision( 2240): num online cores: 2 reqd : 4 available : 4 rq_depth:4.400000 hotplug_avg_load_dw: 96
E/MP-Decision( 2240): UP cpu:1 core_idx:1 Nw:1.900000 Tw:140 rq:4.400000 seq:0.000000
E/MP-Decision( 2240): UP cpu:2 core_idx:2 Nw:2.700000 Tw:90 rq:4.400000 seq:98.000000
E/MP-Decision( 2240): UP cpu:3 core_idx:3 Nw:3.500000 Tw:90 rq:4.400000 seq:98.000000
E/ECS_EnterpriseContainerService(  812): getMountStatus() permission get it
E/ECS_EnterpriseContainerService(  812): getMountStatus() permission get it
E/ECS_EnterpriseContainerService(  812): getMountStatus() permission get it
E/ECS_EnterpriseContainerService(  812): getMountStatus() permission get it
E/ECS_EnterpriseContainerService(  812): getMountStatus() permission get it
E/ECS_EnterpriseContainerService(  812): getMountStatus() permission get it
E/ECS_EnterpriseContainerService(  812): getMountStatus() permission get it
E/ECS_EnterpriseContainerService(  812): getMountStatus() permission get it
E/ECS_EnterpriseContainerService(  812): getMountStatus() permission get it
E/ECS_EnterpriseContainerService(  812): getMountStatus() permission get it
E/ECS_EnterpriseContainerService(  812): getMountStatus() permission get it
E/ECS_EnterpriseContainerService(  812): getMountStatus() permission get it
E/ECS_EnterpriseContainerService(  812): getMountStatus() permission get it
E/ECS_EnterpriseContainerService(  812): getMountStatus() permission get it
E/SurfaceWidgetReflection( 2037): [123491/1] failed to invoke method
E/SurfaceWidgetReflection( 2037): java.lang.reflect.InvocationTargetException
E/SurfaceWidgetReflection( 2037): 	at java.lang.reflect.Method.invokeNative(Native Method)
E/SurfaceWidgetReflection( 2037): 	at java.lang.reflect.Method.invoke(Method.java:515)
E/SurfaceWidgetReflection( 2037): 	at com.samsung.surfacewidget.SurfaceWidgetReflection$MethodHelper.invoke(SurfaceWidgetReflection.java:315)
E/SurfaceWidgetReflection( 2037): 	at com.samsung.surfacewidget.SurfaceWidgetClient.destroyRootView(SurfaceWidgetClient.java:1189)
E/SurfaceWidgetReflection( 2037): 	at com.samsung.surfacewidget.SurfaceWidgetClient.setContentView(SurfaceWidgetClient.java:395)
E/SurfaceWidgetReflection( 2037): 	at com.samsung.android.widgetapp.briefing4x2.BriefingWidget.setContentView(BriefingWidget.java:107)
E/SurfaceWidgetReflection( 2037): 	at com.samsung.android.widgetapp.briefing4x2.BriefingSurfaceWidgetRenderer4x2.updateWidgetScreen(BriefingSurfaceWidgetRenderer4x2.java:126)
E/SurfaceWidgetReflection( 2037): 	at com.samsung.android.widgetapp.briefing4x2.BriefingWidget$1.run(BriefingWidget.java:145)
E/SurfaceWidgetReflection( 2037): 	at android.os.Handler.handleCallback(Handler.java:733)
E/SurfaceWidgetReflection( 2037): 	at android.os.Handler.dispatchMessage(Handler.java:95)
E/SurfaceWidgetReflection( 2037): 	at android.os.Looper.loop(Looper.java:157)
E/SurfaceWidgetReflection( 2037): 	at android.app.ActivityThread.main(ActivityThread.java:5356)
E/SurfaceWidgetReflection( 2037): 	at java.lang.reflect.Method.invokeNative(Native Method)
E/SurfaceWidgetReflection( 2037): 	at java.lang.reflect.Method.invoke(Method.java:515)
E/SurfaceWidgetReflection( 2037): 	at com.android.internal.os.ZygoteInit$MethodAndArgsCaller.run(ZygoteInit.java:1265)
E/SurfaceWidgetReflection( 2037): 	at com.android.internal.os.ZygoteInit.main(ZygoteInit.java:1081)
E/SurfaceWidgetReflection( 2037): 	at dalvik.system.NativeStart.main(Native Method)
E/SurfaceWidgetReflection( 2037): Caused by: java.lang.NullPointerException
E/SurfaceWidgetReflection( 2037): 	at android.view.ViewRootImpl.dispatchDetachedFromWindow(ViewRootImpl.java:3281)
E/SurfaceWidgetReflection( 2037): 	... 17 more
E/MP-Decision( 2240): num online cores: 4 reqd : 3 available : 4 rq_depth:2.700000 hotplug_avg_load_dw: 117
E/MP-Decision( 2240): DOWN cpu:3 core_idx:3 Ns:3.100000 Ts:240 rq:2.700000 seq:245.000000
E/MP-Decision( 2240): num online cores: 3 reqd : 2 available : 4 rq_depth:1.000000 hotplug_avg_load_dw: 67
E/MP-Decision( 2240): DOWN cpu:2 core_idx:2 Ns:2.100000 Ts:240 rq:1.000000 seq:241.000000
E/MP-Decision( 2240): num online cores: 2 reqd : 4 available : 4 rq_depth:3.900000 hotplug_avg_load_dw: 109
E/MP-Decision( 2240): UP cpu:1 core_idx:1 Nw:1.900000 Tw:140 rq:3.900000 seq:0.000000
E/MP-Decision( 2240): UP cpu:2 core_idx:2 Nw:2.700000 Tw:90 rq:3.900000 seq:98.000000
E/MP-Decision( 2240): UP cpu:3 core_idx:3 Nw:3.500000 Tw:90 rq:3.900000 seq:98.000000
E/MP-Decision( 2240): num online cores: 4 reqd : 2 available : 4 rq_depth:1.100000 hotplug_avg_load_dw: 87
E/MP-Decision( 2240): DOWN cpu:3 core_idx:3 Ns:3.100000 Ts:240 rq:1.100000 seq:240.000000
E/MP-Decision( 2240): DOWN cpu:2 core_idx:2 Ns:2.100000 Ts:240 rq:1.100000 seq:240.000000
E/MP-Decision( 2240): num online cores: 2 reqd : 4 available : 4 rq_depth:4.500000 hotplug_avg_load_dw: 90
E/MP-Decision( 2240): UP cpu:1 core_idx:1 Nw:1.900000 Tw:140 rq:4.500000 seq:0.000000
E/MP-Decision( 2240): UP cpu:2 core_idx:2 Nw:2.700000 Tw:90 rq:4.500000 seq:98.000000
E/MP-Decision( 2240): UP cpu:3 core_idx:3 Nw:3.500000 Tw:90 rq:4.500000 seq:98.000000
E/MP-Decision( 2240): num online cores: 4 reqd : 2 available : 4 rq_depth:1.000000 hotplug_avg_load_dw: 124
E/MP-Decision( 2240): DOWN cpu:3 core_idx:3 Ns:3.100000 Ts:240 rq:1.000000 seq:245.000000
E/MP-Decision( 2240): DOWN cpu:2 core_idx:2 Ns:2.100000 Ts:240 rq:1.000000 seq:245.000000
E/MP-Decision( 2240): num online cores: 2 reqd : 3 available : 4 rq_depth:3.500000 hotplug_avg_load_dw: 97
E/MP-Decision( 2240): UP cpu:1 core_idx:1 Nw:1.900000 Tw:140 rq:3.500000 seq:0.000000
E/MP-Decision( 2240): UP cpu:2 core_idx:2 Nw:2.700000 Tw:90 rq:3.500000 seq:98.000000
E/MP-Decision( 2240): num online cores: 3 reqd : 2 available : 4 rq_depth:1.000000 hotplug_avg_load_dw: 87
E/MP-Decision( 2240): DOWN cpu:2 core_idx:2 Ns:2.100000 Ts:240 rq:1.000000 seq:245.000000
E/ECS_EnterpriseContainerService(  812): getMountStatus() permission get it
E/MP-Decision( 2240): num online cores: 2 reqd : 4 available : 4 rq_depth:4.700000 hotplug_avg_load_dw: 96
E/MP-Decision( 2240): UP cpu:1 core_idx:1 Nw:1.900000 Tw:140 rq:4.700000 seq:0.000000
E/MP-Decision( 2240): UP cpu:2 core_idx:2 Nw:2.700000 Tw:90 rq:4.700000 seq:98.000000
E/MP-Decision( 2240): UP cpu:3 core_idx:3 Nw:3.500000 Tw:90 rq:4.700000 seq:98.000000
E/MP-Decision( 2240): num online cores: 4 reqd : 2 available : 4 rq_depth:1.100000 hotplug_avg_load_dw: 98
E/MP-Decision( 2240): DOWN cpu:3 core_idx:3 Ns:3.100000 Ts:240 rq:1.100000 seq:241.000000
E/MP-Decision( 2240): DOWN cpu:2 core_idx:2 Ns:2.100000 Ts:240 rq:1.100000 seq:241.000000
E/MP-Decision( 2240): num online cores: 2 reqd : 4 available : 4 rq_depth:3.500000 hotplug_avg_load_dw: 78
E/MP-Decision( 2240): UP cpu:1 core_idx:1 Nw:1.900000 Tw:140 rq:3.500000 seq:0.000000
E/MP-Decision( 2240): UP cpu:2 core_idx:2 Nw:2.700000 Tw:90 rq:3.500000 seq:97.000000
E/MP-Decision( 2240): UP cpu:3 core_idx:3 Nw:3.500000 Tw:90 rq:3.500000 seq:97.000000
E/MP-Decision( 2240): num online cores: 4 reqd : 3 available : 4 rq_depth:1.000000 hotplug_avg_load_dw: 89
E/MP-Decision( 2240): DOWN cpu:3 core_idx:3 Ns:3.100000 Ts:240 rq:1.000000 seq:245.000000
E/OpenGLRenderer(20945): SFEffectCache:clear(), mSize = 0
E/MP-Decision( 2240): num online cores: 3 reqd : 4 available : 4 rq_depth:5.500000 hotplug_avg_load_dw: 127
E/MP-Decision( 2240): UP cpu:1 core_idx:1 Nw:1.900000 Tw:140 rq:5.500000 seq:0.000000
E/MP-Decision( 2240): UP cpu:2 core_idx:2 Nw:2.700000 Tw:90 rq:5.500000 seq:0.000000
E/MP-Decision( 2240): UP cpu:3 core_idx:3 Nw:3.500000 Tw:90 rq:5.500000 seq:98.000000
E/MP-Decision( 2240): num online cores: 4 reqd : 3 available : 4 rq_depth:2.400000 hotplug_avg_load_dw: 154
E/MP-Decision( 2240): DOWN cpu:3 core_idx:3 Ns:3.100000 Ts:240 rq:2.400000 seq:243.000000
E/MP-Decision( 2240): num online cores: 3 reqd : 2 available : 4 rq_depth:1.000000 hotplug_avg_load_dw: 74
E/MP-Decision( 2240): DOWN cpu:2 core_idx:2 Ns:2.100000 Ts:240 rq:1.000000 seq:243.000000
E/ECS_EnterpriseContainerService(  812): getMountStatus() permission get it
E/ECS_EnterpriseContainerService(  812): getMountStatus() permission get it
E/MP-Decision( 2240): num online cores: 2 reqd : 3 available : 4 rq_depth:4.100000 hotplug_avg_load_dw: 80
E/MP-Decision( 2240): UP cpu:1 core_idx:1 Nw:1.900000 Tw:140 rq:4.100000 seq:0.000000
E/MP-Decision( 2240): UP cpu:2 core_idx:2 Nw:2.700000 Tw:90 rq:4.100000 seq:98.000000
E/ECS_EnterpriseContainerService(  812): getMountStatus() permission get it
E/ECS_EnterpriseContainerService(  812): getMountStatus() permission get it
E/MP-Decision( 2240): num online cores: 3 reqd : 4 available : 4 rq_depth:4.400000 hotplug_avg_load_dw: 205
E/MP-Decision( 2240): UP cpu:1 core_idx:1 Nw:1.900000 Tw:140 rq:4.400000 seq:0.000000
E/MP-Decision( 2240): UP cpu:2 core_idx:2 Nw:2.700000 Tw:90 rq:4.400000 seq:0.000000
E/MP-Decision( 2240): UP cpu:3 core_idx:3 Nw:3.500000 Tw:90 rq:4.400000 seq:98.000000
E/cutils  (  256): Failed to mkdirat(/storage/extSdCard/Android): Read-only file system
E/MP-Decision( 2240): num online cores: 4 reqd : 3 available : 4 rq_depth:2.000000 hotplug_avg_load_dw: 154
E/MP-Decision( 2240): DOWN cpu:3 core_idx:3 Ns:3.100000 Ts:240 rq:2.000000 seq:245.000000
E/MP-Decision( 2240): num online cores: 3 reqd : 2 available : 4 rq_depth:2.000000 hotplug_avg_load_dw: 116
E/MP-Decision( 2240): DOWN cpu:2 core_idx:2 Ns:2.100000 Ts:240 rq:2.000000 seq:242.000000
E/MP-Decision( 2240): num online cores: 2 reqd : 3 available : 4 rq_depth:2.700000 hotplug_avg_load_dw: 142
E/MP-Decision( 2240): UP cpu:1 core_idx:1 Nw:1.900000 Tw:140 rq:2.700000 seq:0.000000
E/MP-Decision( 2240): UP cpu:2 core_idx:2 Nw:2.700000 Tw:90 rq:2.700000 seq:93.000000
E/Sensors (  812): Acc old sensor_state 0, new sensor_state : 1 en : 1
E/MP-Decision( 2240): num online cores: 3 reqd : 4 available : 4 rq_depth:3.500000 hotplug_avg_load_dw: 207
E/MP-Decision( 2240): UP cpu:1 core_idx:1 Nw:1.900000 Tw:140 rq:3.500000 seq:0.000000
E/MP-Decision( 2240): UP cpu:2 core_idx:2 Nw:2.700000 Tw:90 rq:3.500000 seq:0.000000
E/MP-Decision( 2240): UP cpu:3 core_idx:3 Nw:3.500000 Tw:90 rq:3.500000 seq:98.000000
E/BadgeCache( 1629): 2. Do not updateBadgeCounts!!, multiple data for appIndex=2
E/MP-Decision( 2240): num online cores: 4 reqd : 2 available : 4 rq_depth:1.300000 hotplug_avg_load_dw: 134
E/MP-Decision( 2240): DOWN cpu:3 core_idx:3 Ns:3.100000 Ts:240 rq:1.300000 seq:245.000000
E/MP-Decision( 2240): DOWN cpu:2 core_idx:2 Ns:2.100000 Ts:240 rq:1.300000 seq:245.000000
E/MP-Decision( 2240): num online cores: 2 reqd : 3 available : 4 rq_depth:3.500000 hotplug_avg_load_dw: 128
E/MP-Decision( 2240): UP cpu:1 core_idx:1 Nw:1.900000 Tw:140 rq:3.500000 seq:0.000000
E/MP-Decision( 2240): UP cpu:2 core_idx:2 Nw:2.700000 Tw:90 rq:3.500000 seq:136.000000
E/MP-Decision( 2240): num online cores: 3 reqd : 2 available : 4 rq_depth:1.000000 hotplug_avg_load_dw: 72
E/MP-Decision( 2240): DOWN cpu:2 core_idx:2 Ns:2.100000 Ts:240 rq:1.000000 seq:241.000000
E/cutils  (  256): Failed to mkdirat(/storage/extSdCard/Android): Read-only file system
E/cutils  (  256): Failed to mkdirat(/storage/extSdCard/Android): Read-only file system
E/Sensors (  812): Acc old sensor_state 1, new sensor_state : 0 en : 0
E/MP-Decision( 2240): num online cores: 2 reqd : 4 available : 4 rq_depth:4.500000 hotplug_avg_load_dw: 96
E/MP-Decision( 2240): UP cpu:1 core_idx:1 Nw:1.900000 Tw:140 rq:4.500000 seq:0.000000
E/MP-Decision( 2240): UP cpu:2 core_idx:2 Nw:2.700000 Tw:90 rq:4.500000 seq:96.000000
E/MP-Decision( 2240): UP cpu:3 core_idx:3 Nw:3.500000 Tw:90 rq:4.500000 seq:96.000000
E/MP-Decision( 2240): num online cores: 4 reqd : 3 available : 4 rq_depth:2.000000 hotplug_avg_load_dw: 149
E/MP-Decision( 2240): DOWN cpu:3 core_idx:3 Ns:3.100000 Ts:240 rq:2.000000 seq:245.000000
E/MP-Decision( 2240): num online cores: 3 reqd : 4 available : 4 rq_depth:4.900000 hotplug_avg_load_dw: 141
E/MP-Decision( 2240): UP cpu:1 core_idx:1 Nw:1.900000 Tw:140 rq:4.900000 seq:0.000000
E/MP-Decision( 2240): UP cpu:2 core_idx:2 Nw:2.700000 Tw:90 rq:4.900000 seq:0.000000
E/MP-Decision( 2240): UP cpu:3 core_idx:3 Nw:3.500000 Tw:90 rq:4.900000 seq:98.000000
E/MP-Decision( 2240): num online cores: 4 reqd : 3 available : 4 rq_depth:1.100000 hotplug_avg_load_dw: 101
E/MP-Decision( 2240): DOWN cpu:3 core_idx:3 Ns:3.100000 Ts:240 rq:1.100000 seq:245.000000
E/MP-Decision( 2240): num online cores: 3 reqd : 2 available : 4 rq_depth:1.400000 hotplug_avg_load_dw: 83
E/MP-Decision( 2240): DOWN cpu:2 core_idx:2 Ns:2.100000 Ts:240 rq:1.400000 seq:241.000000
E/MP-Decision( 2240): num online cores: 2 reqd : 3 available : 4 rq_depth:2.700000 hotplug_avg_load_dw: 85
E/MP-Decision( 2240): UP cpu:1 core_idx:1 Nw:1.900000 Tw:140 rq:2.700000 seq:0.000000
E/MP-Decision( 2240): UP cpu:2 core_idx:2 Nw:2.700000 Tw:90 rq:2.700000 seq:98.000000
E/MP-Decision( 2240): num online cores: 3 reqd : 2 available : 4 rq_depth:1.000000 hotplug_avg_load_dw: 86
E/MP-Decision( 2240): DOWN cpu:2 core_idx:2 Ns:2.100000 Ts:240 rq:1.000000 seq:243.000000
E/MP-Decision( 2240): num online cores: 2 reqd : 4 available : 4 rq_depth:6.500000 hotplug_avg_load_dw: 88
E/MP-Decision( 2240): UP cpu:1 core_idx:1 Nw:1.900000 Tw:140 rq:6.500000 seq:0.000000
E/MP-Decision( 2240): UP cpu:2 core_idx:2 Nw:2.700000 Tw:90 rq:6.500000 seq:98.000000
E/MP-Decision( 2240): UP cpu:3 core_idx:3 Nw:3.500000 Tw:90 rq:6.500000 seq:98.000000
E/CscReceiver(13296): onReceive android.intent.action.SIM_STATE_CHANGED
E/CscFota (13296): CscFota update()
E/CscParser(13296): update(): xml file exist
E/CscFota (13296): no FOTA profiles in customer
E/OperatorBookmarksSIMReceiver(26162): onReceive runs..android.intent.action.SIM_STATE_CHANGED
E/MP-Decision( 2240): num online cores: 4 reqd : 3 available : 4 rq_depth:2.500000 hotplug_avg_load_dw: 139
E/MP-Decision( 2240): DOWN cpu:3 core_idx:3 Ns:3.100000 Ts:240 rq:2.500000 seq:245.000000
E/MP-Decision( 2240): num online cores: 3 reqd : 4 available : 4 rq_depth:4.100000 hotplug_avg_load_dw: 156
E/MP-Decision( 2240): UP cpu:1 core_idx:1 Nw:1.900000 Tw:140 rq:4.100000 seq:0.000000
E/MP-Decision( 2240): UP cpu:2 core_idx:2 Nw:2.700000 Tw:90 rq:4.100000 seq:0.000000
E/MP-Decision( 2240): UP cpu:3 core_idx:3 Nw:3.500000 Tw:90 rq:4.100000 seq:95.000000
E/MP-Decision( 2240): num online cores: 4 reqd : 2 available : 4 rq_depth:1.000000 hotplug_avg_load_dw: 86
E/MP-Decision( 2240): DOWN cpu:3 core_idx:3 Ns:3.100000 Ts:240 rq:1.000000 seq:243.000000
E/MP-Decision( 2240): DOWN cpu:2 core_idx:2 Ns:2.100000 Ts:240 rq:1.000000 seq:243.000000
E/MP-Decision( 2240): num online cores: 2 reqd : 3 available : 4 rq_depth:3.700000 hotplug_avg_load_dw: 96
E/MP-Decision( 2240): UP cpu:1 core_idx:1 Nw:1.900000 Tw:140 rq:3.700000 seq:0.000000
E/MP-Decision( 2240): UP cpu:2 core_idx:2 Nw:2.700000 Tw:90 rq:3.700000 seq:98.000000
E/MP-Decision( 2240): num online cores: 3 reqd : 2 available : 4 rq_depth:1.000000 hotplug_avg_load_dw: 73
E/MP-Decision( 2240): DOWN cpu:2 core_idx:2 Ns:2.100000 Ts:240 rq:1.000000 seq:243.000000
E/MP-Decision( 2240): num online cores: 2 reqd : 4 available : 4 rq_depth:9.900000 hotplug_avg_load_dw: 62
E/MP-Decision( 2240): UP cpu:1 core_idx:1 Nw:1.900000 Tw:140 rq:9.900000 seq:0.000000
E/MP-Decision( 2240): UP cpu:2 core_idx:2 Nw:2.700000 Tw:90 rq:9.900000 seq:98.000000
E/MP-Decision( 2240): UP cpu:3 core_idx:3 Nw:3.500000 Tw:90 rq:9.900000 seq:98.000000
E/MP-Decision( 2240): num online cores: 4 reqd : 2 available : 4 rq_depth:1.000000 hotplug_avg_load_dw: 105
E/MP-Decision( 2240): DOWN cpu:3 core_idx:3 Ns:3.100000 Ts:240 rq:1.000000 seq:240.000000
E/MP-Decision( 2240): DOWN cpu:2 core_idx:2 Ns:2.100000 Ts:240 rq:1.000000 seq:240.000000
E/MP-Decision( 2240): num online cores: 2 reqd : 3 available : 4 rq_depth:2.900000 hotplug_avg_load_dw: 88
E/MP-Decision( 2240): UP cpu:1 core_idx:1 Nw:1.900000 Tw:140 rq:2.900000 seq:0.000000
E/MP-Decision( 2240): UP cpu:2 core_idx:2 Nw:2.700000 Tw:90 rq:2.900000 seq:98.000000
E/MP-Decision( 2240): num online cores: 3 reqd : 2 available : 4 rq_depth:1.000000 hotplug_avg_load_dw: 112
E/MP-Decision( 2240): DOWN cpu:2 core_idx:2 Ns:2.100000 Ts:240 rq:1.000000 seq:243.000000
E/Sensors (  812): Acc old sensor_state 0, new sensor_state : 1 en : 1
E/Watchdog(  812): !@Sync 6338
E/MP-Decision( 2240): num online cores: 2 reqd : 3 available : 4 rq_depth:3.500000 hotplug_avg_load_dw: 110
E/MP-Decision( 2240): UP cpu:1 core_idx:1 Nw:1.900000 Tw:140 rq:3.500000 seq:0.000000
E/MP-Decision( 2240): UP cpu:2 core_idx:2 Nw:2.700000 Tw:90 rq:3.500000 seq:98.000000
E/MP-Decision( 2240): num online cores: 3 reqd : 4 available : 4 rq_depth:5.600000 hotplug_avg_load_dw: 189
E/MP-Decision( 2240): UP cpu:1 core_idx:1 Nw:1.900000 Tw:140 rq:5.600000 seq:0.000000
E/MP-Decision( 2240): UP cpu:2 core_idx:2 Nw:2.700000 Tw:90 rq:5.600000 seq:0.000000
E/MP-Decision( 2240): UP cpu:3 core_idx:3 Nw:3.500000 Tw:90 rq:5.600000 seq:96.000000
E/MP-Decision( 2240): num online cores: 4 reqd : 3 available : 4 rq_depth:2.100000 hotplug_avg_load_dw: 205
E/MP-Decision( 2240): DOWN cpu:3 core_idx:3 Ns:3.100000 Ts:240 rq:2.100000 seq:245.000000
E/MP-Decision( 2240): num online cores: 3 reqd : 4 available : 4 rq_depth:5.600000 hotplug_avg_load_dw: 201
E/MP-Decision( 2240): UP cpu:1 core_idx:1 Nw:1.900000 Tw:140 rq:5.600000 seq:0.000000
E/MP-Decision( 2240): UP cpu:2 core_idx:2 Nw:2.700000 Tw:90 rq:5.600000 seq:0.000000
E/MP-Decision( 2240): UP cpu:3 core_idx:3 Nw:3.500000 Tw:90 rq:5.600000 seq:98.000000
E/MP-Decision( 2240): num online cores: 4 reqd : 3 available : 4 rq_depth:1.700000 hotplug_avg_load_dw: 202
E/MP-Decision( 2240): DOWN cpu:3 core_idx:3 Ns:3.100000 Ts:240 rq:1.700000 seq:244.000000
E/MP-Decision( 2240): num online cores: 3 reqd : 4 available : 4 rq_depth:3.700000 hotplug_avg_load_dw: 174
E/MP-Decision( 2240): UP cpu:1 core_idx:1 Nw:1.900000 Tw:140 rq:3.700000 seq:0.000000
E/MP-Decision( 2240): UP cpu:2 core_idx:2 Nw:2.700000 Tw:90 rq:3.700000 seq:0.000000
E/MP-Decision( 2240): UP cpu:3 core_idx:3 Nw:3.500000 Tw:90 rq:3.700000 seq:98.000000
E/Sensors (  812): Acc old sensor_state 1, new sensor_state : 0 en : 0
E/siva    (26913): OnTheGoService
E/MP-Decision( 2240): num online cores: 4 reqd : 3 available : 4 rq_depth:1.300000 hotplug_avg_load_dw: 210
E/MP-Decision( 2240): DOWN cpu:3 core_idx:3 Ns:3.100000 Ts:240 rq:1.300000 seq:245.000000
E/MP-Decision( 2240): num online cores: 3 reqd : 2 available : 4 rq_depth:1.000000 hotplug_avg_load_dw: 143
E/MP-Decision( 2240): DOWN cpu:2 core_idx:2 Ns:2.100000 Ts:240 rq:1.000000 seq:245.000000
E/MP-Decision( 2240): num online cores: 2 reqd : 3 available : 4 rq_depth:3.200000 hotplug_avg_load_dw: 96
E/MP-Decision( 2240): UP cpu:1 core_idx:1 Nw:1.900000 Tw:140 rq:3.200000 seq:0.000000
E/MP-Decision( 2240): UP cpu:2 core_idx:2 Nw:2.700000 Tw:90 rq:3.200000 seq:98.000000
E/MP-Decision( 2240): num online cores: 3 reqd : 4 available : 4 rq_depth:4.100000 hotplug_avg_load_dw: 189
E/MP-Decision( 2240): UP cpu:1 core_idx:1 Nw:1.900000 Tw:140 rq:4.100000 seq:0.000000
E/MP-Decision( 2240): UP cpu:2 core_idx:2 Nw:2.700000 Tw:90 rq:4.100000 seq:0.000000
E/MP-Decision( 2240): UP cpu:3 core_idx:3 Nw:3.500000 Tw:90 rq:4.100000 seq:98.000000
E/MP-Decision( 2240): num online cores: 4 reqd : 3 available : 4 rq_depth:1.900000 hotplug_avg_load_dw: 100
E/MP-Decision( 2240): DOWN cpu:3 core_idx:3 Ns:3.100000 Ts:240 rq:1.900000 seq:244.000000
E/MP-Decision( 2240): num online cores: 3 reqd : 2 available : 4 rq_depth:1.500000 hotplug_avg_load_dw: 97
E/MP-Decision( 2240): DOWN cpu:2 core_idx:2 Ns:2.100000 Ts:240 rq:1.500000 seq:245.000000
E/MP-Decision( 2240): num online cores: 2 reqd : 3 available : 4 rq_depth:3.100000 hotplug_avg_load_dw: 132
E/MP-Decision( 2240): UP cpu:1 core_idx:1 Nw:1.900000 Tw:140 rq:3.100000 seq:0.000000
E/MP-Decision( 2240): UP cpu:2 core_idx:2 Nw:2.700000 Tw:90 rq:3.100000 seq:98.000000
E/MP-Decision( 2240): num online cores: 3 reqd : 4 available : 4 rq_depth:7.900000 hotplug_avg_load_dw: 153
E/MP-Decision( 2240): UP cpu:1 core_idx:1 Nw:1.900000 Tw:140 rq:7.900000 seq:0.000000
E/MP-Decision( 2240): UP cpu:2 core_idx:2 Nw:2.700000 Tw:90 rq:7.900000 seq:0.000000
E/MP-Decision( 2240): UP cpu:3 core_idx:3 Nw:3.500000 Tw:90 rq:7.900000 seq:99.000000
E/MP-Decision( 2240): num online cores: 4 reqd : 3 available : 4 rq_depth:2.400000 hotplug_avg_load_dw: 174
E/MP-Decision( 2240): DOWN cpu:3 core_idx:3 Ns:3.100000 Ts:240 rq:2.400000 seq:245.000000
E/chromium(26162): [ERROR:shell_integration_android.cc(30)] Not implemented reached in static ShellIntegration::DefaultWebClientState ShellIntegration::GetDefaultBrowser()
E/MP-Decision( 2240): num online cores: 3 reqd : 2 available : 4 rq_depth:2.000000 hotplug_avg_load_dw: 167
E/MP-Decision( 2240): DOWN cpu:2 core_idx:2 Ns:2.100000 Ts:240 rq:2.000000 seq:245.000000
E/MP-Decision( 2240): num online cores: 2 reqd : 3 available : 4 rq_depth:3.100000 hotplug_avg_load_dw: 126
E/MP-Decision( 2240): UP cpu:1 core_idx:1 Nw:1.900000 Tw:140 rq:3.100000 seq:0.000000
E/MP-Decision( 2240): UP cpu:2 core_idx:2 Nw:2.700000 Tw:90 rq:3.100000 seq:92.000000
E/MP-Decision( 2240): num online cores: 3 reqd : 2 available : 4 rq_depth:1.500000 hotplug_avg_load_dw: 91
E/MP-Decision( 2240): DOWN cpu:2 core_idx:2 Ns:2.100000 Ts:240 rq:1.500000 seq:245.000000
E/MP-Decision( 2240): num online cores: 2 reqd : 3 available : 4 rq_depth:3.300000 hotplug_avg_load_dw: 100
E/MP-Decision( 2240): UP cpu:1 core_idx:1 Nw:1.900000 Tw:140 rq:3.300000 seq:0.000000
E/MP-Decision( 2240): UP cpu:2 core_idx:2 Nw:2.700000 Tw:90 rq:3.300000 seq:98.000000
E/MP-Decision( 2240): num online cores: 3 reqd : 2 available : 4 rq_depth:1.000000 hotplug_avg_load_dw: 77
E/MP-Decision( 2240): DOWN cpu:2 core_idx:2 Ns:2.100000 Ts:240 rq:1.000000 seq:245.000000
E/MP-Decision( 2240): num online cores: 2 reqd : 1 available : 4 rq_depth:0.300000 hotplug_avg_load_dw: 13
E/MP-Decision( 2240): DOWN cpu:1 core_idx:1 Ns:1.100000 Ts:190 rq:0.300000 seq:245.000000
E/MP-Decision( 2240): num online cores: 1 reqd : 4 available : 4 rq_depth:9.300000 hotplug_avg_load_dw: 71
E/MP-Decision( 2240): UP cpu:1 core_idx:1 Nw:1.900000 Tw:140 rq:9.300000 seq:98.000000
E/MP-Decision( 2240): UP cpu:2 core_idx:2 Nw:2.700000 Tw:90 rq:9.300000 seq:98.000000
E/MP-Decision( 2240): UP cpu:3 core_idx:3 Nw:3.500000 Tw:90 rq:9.300000 seq:98.000000
E/BluetoothHeadset(27020): BTStateChangeCB is registed
E/BluetoothHeadset(27020): BluetoothHeadset service is binded
E/VVM -- PreferenceData(27020): readPinFromFile length of the file zero
E/VVM -- PreferenceData(27020): getPinFromFile - ENCRYPTED pin null
E/VVM_ConnectionManager(27020): netinfo mobile: NetworkInfo: type: mobile[UNKNOWN], state: DISCONNECTED/DISCONNECTED, reason: (unspecified), extra: VZWINTERNET, roaming: false, failover: true, isAvailable: false, isConnectedToProvisioningNetwork: false
E/VVM_ConnectionManager(27020): netinfo hipri: NetworkInfo: type: mobile_hipri[UNKNOWN], state: UNKNOWN/IDLE, reason: (unspecified), extra: (none), roaming: false, failover: false, isAvailable: false, isConnectedToProvisioningNetwork: false
E/VVM_ConnectionManager(27020): mIsWifiNetworkOn : true newState: no_data doBringUpNetwork: false currentState: VVM-MOBILE-STOPPED
E/VVM_ConnectionManager(27020): netinfo mobile: NetworkInfo: type: mobile[UNKNOWN], state: DISCONNECTED/DISCONNECTED, reason: (unspecified), extra: VZWINTERNET, roaming: false, failover: true, isAvailable: false, isConnectedToProvisioningNetwork: false
E/VVM_ConnectionManager(27020): netinfo hipri: NetworkInfo: type: mobile_hipri[UNKNOWN], state: UNKNOWN/IDLE, reason: (unspecified), extra: (none), roaming: false, failover: false, isAvailable: false, isConnectedToProvisioningNetwork: false
E/VVM_ConnectionManager(27020): mIsWifiNetworkOn : true newState: no_data doBringUpNetwork: false currentState: VVM-MOBILE-STOPPED
E/MP-Decision( 2240): num online cores: 4 reqd : 3 available : 4 rq_depth:1.400000 hotplug_avg_load_dw: 119
E/MP-Decision( 2240): DOWN cpu:3 core_idx:3 Ns:3.100000 Ts:240 rq:1.400000 seq:245.000000
E/MP-Decision( 2240): num online cores: 3 reqd : 2 available : 4 rq_depth:1.000000 hotplug_avg_load_dw: 80
E/MP-Decision( 2240): DOWN cpu:2 core_idx:2 Ns:2.100000 Ts:240 rq:1.000000 seq:245.000000
E/MP-Decision( 2240): num online cores: 2 reqd : 1 available : 4 rq_depth:1.000000 hotplug_avg_load_dw: 21
E/MP-Decision( 2240): DOWN cpu:1 core_idx:1 Ns:1.100000 Ts:190 rq:1.000000 seq:196.000000
E/MP-Decision( 2240): num online cores: 1 reqd : 3 available : 4 rq_depth:2.900000 hotplug_avg_load_dw: 71
E/MP-Decision( 2240): UP cpu:1 core_idx:1 Nw:1.900000 Tw:140 rq:2.900000 seq:98.000000
E/MP-Decision( 2240): UP cpu:2 core_idx:2 Nw:2.700000 Tw:90 rq:2.900000 seq:98.000000
E/        (13296): File Open Failed
E/MP-Decision( 2240): num online cores: 3 reqd : 2 available : 4 rq_depth:0.000000 hotplug_avg_load_dw: 85
E/MP-Decision( 2240): DOWN cpu:2 core_idx:2 Ns:2.100000 Ts:240 rq:0.000000 seq:249.000000
E/MP-Decision( 2240): num online cores: 2 reqd : 4 available : 4 rq_depth:8.100000 hotplug_avg_load_dw: 104
E/MP-Decision( 2240): UP cpu:1 core_idx:1 Nw:1.900000 Tw:140 rq:8.100000 seq:0.000000
E/MP-Decision( 2240): UP cpu:2 core_idx:2 Nw:2.700000 Tw:90 rq:8.100000 seq:98.000000
E/MP-Decision( 2240): UP cpu:3 core_idx:3 Nw:3.500000 Tw:90 rq:8.100000 seq:98.000000
E/MP-Decision( 2240): num online cores: 4 reqd : 3 available : 4 rq_depth:1.300000 hotplug_avg_load_dw: 91
E/MP-Decision( 2240): DOWN cpu:3 core_idx:3 Ns:3.100000 Ts:240 rq:1.300000 seq:245.000000
E/MP-Decision( 2240): num online cores: 3 reqd : 2 available : 4 rq_depth:1.300000 hotplug_avg_load_dw: 58
E/MP-Decision( 2240): DOWN cpu:2 core_idx:2 Ns:2.100000 Ts:240 rq:1.300000 seq:242.000000
E/ECS_EnterpriseContainerService(  812): getMountStatus() permission get it
E/ECS_EnterpriseContainerService(  812): getMountStatus() permission get it
E/MP-Decision( 2240): num online cores: 2 reqd : 4 available : 4 rq_depth:12.700000 hotplug_avg_load_dw: 99
E/MP-Decision( 2240): UP cpu:1 core_idx:1 Nw:1.900000 Tw:140 rq:12.700000 seq:0.000000
E/MP-Decision( 2240): UP cpu:2 core_idx:2 Nw:2.700000 Tw:90 rq:12.700000 seq:99.000000
E/MP-Decision( 2240): UP cpu:3 core_idx:3 Nw:3.500000 Tw:90 rq:12.700000 seq:99.000000
E/MP-Decision( 2240): num online cores: 4 reqd : 2 available : 4 rq_depth:1.000000 hotplug_avg_load_dw: 80
E/MP-Decision( 2240): DOWN cpu:3 core_idx:3 Ns:3.100000 Ts:240 rq:1.000000 seq:246.000000
E/MP-Decision( 2240): DOWN cpu:2 core_idx:2 Ns:2.100000 Ts:240 rq:1.000000 seq:246.000000
E/MP-Decision( 2240): num online cores: 2 reqd : 3 available : 4 rq_depth:2.700000 hotplug_avg_load_dw: 137
E/MP-Decision( 2240): UP cpu:1 core_idx:1 Nw:1.900000 Tw:140 rq:2.700000 seq:0.000000
E/MP-Decision( 2240): UP cpu:2 core_idx:2 Nw:2.700000 Tw:90 rq:2.700000 seq:98.000000
E/MP-Decision( 2240): num online cores: 3 reqd : 4 available : 4 rq_depth:4.400000 hotplug_avg_load_dw: 202
E/MP-Decision( 2240): UP cpu:1 core_idx:1 Nw:1.900000 Tw:140 rq:4.400000 seq:0.000000
E/MP-Decision( 2240): UP cpu:2 core_idx:2 Nw:2.700000 Tw:90 rq:4.400000 seq:0.000000
E/MP-Decision( 2240): UP cpu:3 core_idx:3 Nw:3.500000 Tw:90 rq:4.400000 seq:98.000000
E/WifiWatchdogStateMachine(  812): Unhandled message { when=0 what=135231 target=com.android.internal.util.StateMachine$SmHandler } in state QualityCheckingState
E/MP-Decision( 2240): num online cores: 4 reqd : 3 available : 4 rq_depth:3.100000 hotplug_avg_load_dw: 170
E/MP-Decision( 2240): DOWN cpu:3 core_idx:3 Ns:3.100000 Ts:240 rq:3.100000 seq:245.000000
E/MP-Decision( 2240): num online cores: 3 reqd : 4 available : 4 rq_depth:3.500000 hotplug_avg_load_dw: 172
E/MP-Decision( 2240): UP cpu:1 core_idx:1 Nw:1.900000 Tw:140 rq:3.500000 seq:0.000000
E/MP-Decision( 2240): UP cpu:2 core_idx:2 Nw:2.700000 Tw:90 rq:3.500000 seq:0.000000
E/MP-Decision( 2240): UP cpu:3 core_idx:3 Nw:3.500000 Tw:90 rq:3.500000 seq:98.000000
E/MP-Decision( 2240): num online cores: 4 reqd : 2 available : 4 rq_depth:1.700000 hotplug_avg_load_dw: 179
E/MP-Decision( 2240): DOWN cpu:3 core_idx:3 Ns:3.100000 Ts:240 rq:1.700000 seq:245.000000
E/MP-Decision( 2240): DOWN cpu:2 core_idx:2 Ns:2.100000 Ts:240 rq:1.700000 seq:245.000000
E/ECS_EnterpriseContainerCacheData(  812): getContainerStatus while loop
E/ECS_--key--1 = (  812): ----
E/ECS_EnterpriseContainerCacheData(  812): getContainerStatus of: 1 status: 6--flag--true
E/ECS_EnterpriseContainerService(  812): getMountStatus() permission get it
E/MP-Decision( 2240): num online cores: 2 reqd : 4 available : 4 rq_depth:9.700000 hotplug_avg_load_dw: 136
E/MP-Decision( 2240): UP cpu:1 core_idx:1 Nw:1.900000 Tw:140 rq:9.700000 seq:0.000000
E/MP-Decision( 2240): UP cpu:2 core_idx:2 Nw:2.700000 Tw:90 rq:9.700000 seq:98.000000
E/MP-Decision( 2240): UP cpu:3 core_idx:3 Nw:3.500000 Tw:90 rq:9.700000 seq:98.000000
E/ECS_EnterpriseContainerCacheData(  812): getContainerStatus while loop
E/ECS_--key--1 = (  812): ----
E/ECS_EnterpriseContainerCacheData(  812): getContainerStatus of: 1 status: 6--flag--true
E/ECS_EnterpriseContainerService(  812): getMountStatus() permission get it
E/VVM_ConnectionManager(27020): netinfo mobile: NetworkInfo: type: mobile[LTE], state: DISCONNECTED/DISCONNECTED, reason: dataDisabled, extra: VZWINTERNET, roaming: false, failover: true, isAvailable: true, isConnectedToProvisioningNetwork: false
E/VVM_ConnectionManager(27020): netinfo hipri: NetworkInfo: type: mobile_hipri[LTE], state: UNKNOWN/IDLE, reason: (unspecified), extra: (none), roaming: false, failover: false, isAvailable: true, isConnectedToProvisioningNetwork: false
E/VVM_ConnectionManager(27020): mIsWifiNetworkOn : true newState: no_data doBringUpNetwork: false currentState: VVM-MOBILE-STOPPED
E/VVM_ConnectionManager(27020): netinfo mobile: NetworkInfo: type: mobile[LTE], state: DISCONNECTED/DISCONNECTED, reason: dataDisabled, extra: VZWINTERNET, roaming: false, failover: true, isAvailable: true, isConnectedToProvisioningNetwork: false
E/VVM_ConnectionManager(27020): netinfo hipri: NetworkInfo: type: mobile_hipri[LTE], state: UNKNOWN/IDLE, reason: (unspecified), extra: (none), roaming: false, failover: false, isAvailable: true, isConnectedToProvisioningNetwork: false
E/VVM_ConnectionManager(27020): mIsWifiNetworkOn : true newState: no_data doBringUpNetwork: false currentState: VVM-MOBILE-STOPPED
E/MP-Decision( 2240): num online cores: 4 reqd : 2 available : 4 rq_depth:1.900000 hotplug_avg_load_dw: 102
E/MP-Decision( 2240): DOWN cpu:3 core_idx:3 Ns:3.100000 Ts:240 rq:1.900000 seq:245.000000
E/MP-Decision( 2240): DOWN cpu:2 core_idx:2 Ns:2.100000 Ts:240 rq:1.900000 seq:245.000000
E/MP-Decision( 2240): num online cores: 2 reqd : 3 available : 4 rq_depth:2.900000 hotplug_avg_load_dw: 79
E/MP-Decision( 2240): UP cpu:1 core_idx:1 Nw:1.900000 Tw:140 rq:2.900000 seq:0.000000
E/MP-Decision( 2240): UP cpu:2 core_idx:2 Nw:2.700000 Tw:90 rq:2.900000 seq:97.000000
E/MP-Decision( 2240): num online cores: 3 reqd : 4 available : 4 rq_depth:3.500000 hotplug_avg_load_dw: 177
E/MP-Decision( 2240): UP cpu:1 core_idx:1 Nw:1.900000 Tw:140 rq:3.500000 seq:0.000000
E/MP-Decision( 2240): UP cpu:2 core_idx:2 Nw:2.700000 Tw:90 rq:3.500000 seq:0.000000
E/MP-Decision( 2240): UP cpu:3 core_idx:3 Nw:3.500000 Tw:90 rq:3.500000 seq:96.000000
E/QC-time-services(  352): Daemon: Time-services: Waiting to acceptconnection
E/QC-time-services(27250): Receive Passed == base = 2, unit = 1, operation = 0, result = 0
E/MP-Decision( 2240): num online cores: 4 reqd : 2 available : 4 rq_depth:1.000000 hotplug_avg_load_dw: 93
E/MP-Decision( 2240): DOWN cpu:3 core_idx:3 Ns:3.100000 Ts:240 rq:1.000000 seq:245.000000
E/MP-Decision( 2240): DOWN cpu:2 core_idx:2 Ns:2.100000 Ts:240 rq:1.000000 seq:245.000000
E/ECS_EnterpriseContainerService(  812): getMountStatus() permission get it
E/MP-Decision( 2240): num online cores: 2 reqd : 4 available : 4 rq_depth:3.900000 hotplug_avg_load_dw: 101
E/MP-Decision( 2240): UP cpu:1 core_idx:1 Nw:1.900000 Tw:140 rq:3.900000 seq:0.000000
E/MP-Decision( 2240): UP cpu:2 core_idx:2 Nw:2.700000 Tw:90 rq:3.900000 seq:98.000000
E/MP-Decision( 2240): UP cpu:3 core_idx:3 Nw:3.500000 Tw:90 rq:3.900000 seq:98.000000
E/MP-Decision( 2240): num online cores: 4 reqd : 2 available : 4 rq_depth:1.100000 hotplug_avg_load_dw: 72
E/MP-Decision( 2240): DOWN cpu:3 core_idx:3 Ns:3.100000 Ts:240 rq:1.100000 seq:287.000000
E/MP-Decision( 2240): DOWN cpu:2 core_idx:2 Ns:2.100000 Ts:240 rq:1.100000 seq:287.000000
E/MP-Decision( 2240): num online cores: 2 reqd : 3 available : 4 rq_depth:4.900000 hotplug_avg_load_dw: 83
E/MP-Decision( 2240): UP cpu:1 core_idx:1 Nw:1.900000 Tw:140 rq:4.900000 seq:0.000000
E/MP-Decision( 2240): UP cpu:2 core_idx:2 Nw:2.700000 Tw:90 rq:4.900000 seq:98.000000
E/MP-Decision( 2240): num online cores: 3 reqd : 4 available : 4 rq_depth:3.500000 hotplug_avg_load_dw: 161
E/MP-Decision( 2240): UP cpu:1 core_idx:1 Nw:1.900000 Tw:140 rq:3.500000 seq:0.000000
E/MP-Decision( 2240): UP cpu:2 core_idx:2 Nw:2.700000 Tw:90 rq:3.500000 seq:0.000000
E/MP-Decision( 2240): UP cpu:3 core_idx:3 Nw:3.500000 Tw:90 rq:3.500000 seq:98.000000
E/MP-Decision( 2240): num online cores: 4 reqd : 3 available : 4 rq_depth:1.000000 hotplug_avg_load_dw: 151
E/MP-Decision( 2240): DOWN cpu:3 core_idx:3 Ns:3.100000 Ts:240 rq:1.000000 seq:245.000000
E/MP-Decision( 2240): num online cores: 3 reqd : 2 available : 4 rq_depth:1.900000 hotplug_avg_load_dw: 165
E/MP-Decision( 2240): DOWN cpu:2 core_idx:2 Ns:2.100000 Ts:240 rq:1.900000 seq:242.000000
E/Crashlytics(27294): Settings response code in invalid: 502
E/Watchdog(  812): !@Sync 6339
E/ECS_EnterpriseContainerService(  812): getMountStatus() permission get it
E/MP-Decision( 2240): num online cores: 2 reqd : 3 available : 4 rq_depth:3.300000 hotplug_avg_load_dw: 142
E/MP-Decision( 2240): UP cpu:1 core_idx:1 Nw:1.900000 Tw:140 rq:3.300000 seq:0.000000
E/MP-Decision( 2240): UP cpu:2 core_idx:2 Nw:2.700000 Tw:90 rq:3.300000 seq:98.000000
E/ECS_EnterpriseContainerService(  812): getMountStatus() permission get it
E/ECS_EnterpriseContainerService(  812): getMountStatus() permission get it
E/ECS_EnterpriseContainerService(  812): getMountStatus() permission get it
E/ECS_EnterpriseContainerService(  812): getMountStatus() permission get it
E/ECS_EnterpriseContainerService(  812): getMountStatus() permission get it
E/ECS_EnterpriseContainerService(  812): getMountStatus() permission get it
E/ECS_EnterpriseContainerService(  812): getMountStatus() permission get it
E/ECS_EnterpriseContainerService(  812): getMountStatus() permission get it
E/ECS_EnterpriseContainerService(  812): getMountStatus() permission get it
E/ECS_EnterpriseContainerService(  812): getMountStatus() permission get it
E/ECS_EnterpriseContainerService(  812): getMountStatus() permission get it
E/MP-Decision( 2240): num online cores: 3 reqd : 2 available : 4 rq_depth:1.000000 hotplug_avg_load_dw: 75
E/MP-Decision( 2240): DOWN cpu:2 core_idx:2 Ns:2.100000 Ts:240 rq:1.000000 seq:243.000000
E/MP-Decision( 2240): num online cores: 2 reqd : 3 available : 4 rq_depth:4.200000 hotplug_avg_load_dw: 95
E/MP-Decision( 2240): UP cpu:1 core_idx:1 Nw:1.900000 Tw:140 rq:4.200000 seq:0.000000
E/MP-Decision( 2240): UP cpu:2 core_idx:2 Nw:2.700000 Tw:90 rq:4.200000 seq:98.000000
E/SurfaceWidgetReflection( 2037): [123491/1] failed to invoke method
E/SurfaceWidgetReflection( 2037): java.lang.reflect.InvocationTargetException
E/SurfaceWidgetReflection( 2037): 	at java.lang.reflect.Method.invokeNative(Native Method)
E/SurfaceWidgetReflection( 2037): 	at java.lang.reflect.Method.invoke(Method.java:515)
E/SurfaceWidgetReflection( 2037): 	at com.samsung.surfacewidget.SurfaceWidgetReflection$MethodHelper.invoke(SurfaceWidgetReflection.java:315)
E/SurfaceWidgetReflection( 2037): 	at com.samsung.surfacewidget.SurfaceWidgetClient.destroyRootView(SurfaceWidgetClient.java:1189)
E/SurfaceWidgetReflection( 2037): 	at com.samsung.surfacewidget.SurfaceWidgetClient.setContentView(SurfaceWidgetClient.java:395)
E/SurfaceWidgetReflection( 2037): 	at com.samsung.android.widgetapp.briefing4x2.BriefingWidget.setContentView(BriefingWidget.java:107)
E/SurfaceWidgetReflection( 2037): 	at com.samsung.android.widgetapp.briefing4x2.BriefingSurfaceWidgetRenderer4x2.updateWidgetScreen(BriefingSurfaceWidgetRenderer4x2.java:126)
E/SurfaceWidgetReflection( 2037): 	at com.samsung.android.widgetapp.briefing4x2.BriefingWidget$1.run(BriefingWidget.java:145)
E/SurfaceWidgetReflection( 2037): 	at android.os.Handler.handleCallback(Handler.java:733)
E/SurfaceWidgetReflection( 2037): 	at android.os.Handler.dispatchMessage(Handler.java:95)
E/SurfaceWidgetReflection( 2037): 	at android.os.Looper.loop(Looper.java:157)
E/SurfaceWidgetReflection( 2037): 	at android.app.ActivityThread.main(ActivityThread.java:5356)
