E/MP-Decision( 2240): num online cores: 1 reqd : 4 available : 4 rq_depth:10.500000 hotplug_avg_load_dw: 35
E/MP-Decision( 2240): UP cpu:1 core_idx:1 Nw:1.900000 Tw:140 rq:10.500000 seq:147.000000
E/MP-Decision( 2240): UP cpu:2 core_idx:2 Nw:2.700000 Tw:90 rq:10.500000 seq:147.000000
E/MP-Decision( 2240): UP cpu:3 core_idx:3 Nw:3.500000 Tw:90 rq:10.500000 seq:98.000000
E/MP-Decision( 2240): num online cores: 4 reqd : 3 available : 4 rq_depth:1.000000 hotplug_avg_load_dw: 98
E/MP-Decision( 2240): DOWN cpu:3 core_idx:3 Ns:3.100000 Ts:240 rq:1.000000 seq:246.000000
E/MP-Decision( 2240): num online cores: 3 reqd : 2 available : 4 rq_depth:1.000000 hotplug_avg_load_dw: 75
E/MP-Decision( 2240): DOWN cpu:2 core_idx:2 Ns:2.100000 Ts:240 rq:1.000000 seq:243.000000
E/MP-Decision( 2240): num online cores: 2 reqd : 1 available : 4 rq_depth:0.000000 hotplug_avg_load_dw: 15
E/MP-Decision( 2240): DOWN cpu:1 core_idx:1 Ns:1.100000 Ts:190 rq:0.000000 seq:196.000000
E/MP-Decision( 2240): num online cores: 1 reqd : 4 available : 4 rq_depth:7.800000 hotplug_avg_load_dw: 32
E/MP-Decision( 2240): UP cpu:1 core_idx:1 Nw:1.900000 Tw:140 rq:7.800000 seq:196.000000
E/MP-Decision( 2240): UP cpu:2 core_idx:2 Nw:2.700000 Tw:90 rq:7.800000 seq:196.000000
E/MP-Decision( 2240): UP cpu:3 core_idx:3 Nw:3.500000 Tw:90 rq:7.800000 seq:147.000000
E/MP-Decision( 2240): num online cores: 4 reqd : 2 available : 4 rq_depth:2.000000 hotplug_avg_load_dw: 144
E/MP-Decision( 2240): DOWN cpu:3 core_idx:3 Ns:3.100000 Ts:240 rq:2.000000 seq:245.000000
E/MP-Decision( 2240): DOWN cpu:2 core_idx:2 Ns:2.100000 Ts:240 rq:2.000000 seq:245.000000
E/MP-Decision( 2240): num online cores: 2 reqd : 1 available : 4 rq_depth:0.000000 hotplug_avg_load_dw: 15
E/MP-Decision( 2240): DOWN cpu:1 core_idx:1 Ns:1.100000 Ts:190 rq:0.000000 seq:245.000000
E/MP-Decision( 2240): num online cores: 1 reqd : 3 available : 4 rq_depth:6.900000 hotplug_avg_load_dw: 30
E/MP-Decision( 2240): UP cpu:1 core_idx:1 Nw:1.900000 Tw:140 rq:6.900000 seq:145.000000
E/MP-Decision( 2240): UP cpu:2 core_idx:2 Nw:2.700000 Tw:90 rq:6.900000 seq:145.000000
E/ECS_EnterpriseContainerCacheData(  812): getContainerStatus while loop
E/ECS_--key--1 = (  812): ----
E/ECS_EnterpriseContainerCacheData(  812): getContainerStatus of: 1 status: 6--flag--true
E/ECS_EnterpriseContainerService(  812): getMountStatus() permission get it
E/MP-Decision( 2240): num online cores: 3 reqd : 4 available : 4 rq_depth:11.300000 hotplug_avg_load_dw: 211
E/MP-Decision( 2240): UP cpu:1 core_idx:1 Nw:1.900000 Tw:140 rq:11.300000 seq:0.000000
E/MP-Decision( 2240): UP cpu:2 core_idx:2 Nw:2.700000 Tw:90 rq:11.300000 seq:0.000000
E/MP-Decision( 2240): UP cpu:3 core_idx:3 Nw:3.500000 Tw:90 rq:11.300000 seq:93.000000
E/Watchdog(  812): !@Sync 6346
E/ECS_EnterpriseContainerCacheData(  812): getContainerStatus while loop
E/ECS_--key--1 = (  812): ----
E/ECS_EnterpriseContainerCacheData(  812): getContainerStatus of: 1 status: 6--flag--true
E/ECS_EnterpriseContainerService(  812): getMountStatus() permission get it
E/SPPClientService(11602): [e] Push Channel Exception : java.net.SocketException: recvfrom failed: ETIMEDOUT (Connection timed out)
E/SPPClientService(11602): [e] exceptionCaught(). NET_TIMEOUT
E/SPPClientService(11602): [e] exceptionCaught(). if case. But because of NoActive signal. ignore.
E/SPPClientService(11602): [b] handleError->resultCode: INITIALIZATION_FAIL(-104)
E/SPPClientService(11602): [b] SharedConstants.WHAT_PUSH_NETWORK_NOT_AVAILABLE
E/SPPClientService(11602): [b] [PushNetlistenerList is empty
E/SPPClientService(11602): [a] [ConnectionManager] Connection is already disconnected.
E/SPPClientService(11602): [b] [ReInit] Retry Count : 0
E/ECS_EnterpriseContainerCacheData(  812): getContainerStatus while loop
E/ECS_--key--1 = (  812): ----
E/ECS_EnterpriseContainerCacheData(  812): getContainerStatus of: 1 status: 6--flag--true
E/ECS_EnterpriseContainerService(  812): getMountStatus() permission get it
E/VVM_ConnectionManager(27020): netinfo mobile: NetworkInfo: type: mobile[UNKNOWN], state: DISCONNECTED/IDLE, reason: (unspecified), extra: (none), roaming: false, failover: true, isAvailable: false, isConnectedToProvisioningNetwork: false
E/VVM_ConnectionManager(27020): netinfo hipri: NetworkInfo: type: mobile_hipri[UNKNOWN], state: UNKNOWN/IDLE, reason: (unspecified), extra: (none), roaming: false, failover: false, isAvailable: false, isConnectedToProvisioningNetwork: false
E/VVM_ConnectionManager(27020): mIsWifiNetworkOn : false newState: no_data doBringUpNetwork: false currentState: VVM-MOBILE-STOPPED
E/MP-Decision( 2240): num online cores: 4 reqd : 3 available : 4 rq_depth:2.600000 hotplug_avg_load_dw: 152
E/MP-Decision( 2240): DOWN cpu:3 core_idx:3 Ns:3.100000 Ts:240 rq:2.600000 seq:243.000000
E/MP-Decision( 2240): num online cores: 3 reqd : 2 available : 4 rq_depth:1.000000 hotplug_avg_load_dw: 82
E/MP-Decision( 2240): DOWN cpu:2 core_idx:2 Ns:2.100000 Ts:240 rq:1.000000 seq:245.000000
E/MP-Decision( 2240): num online cores: 2 reqd : 4 available : 4 rq_depth:4.900000 hotplug_avg_load_dw: 96
E/MP-Decision( 2240): UP cpu:1 core_idx:1 Nw:1.900000 Tw:140 rq:4.900000 seq:0.000000
E/MP-Decision( 2240): UP cpu:2 core_idx:2 Nw:2.700000 Tw:90 rq:4.900000 seq:98.000000
E/MP-Decision( 2240): UP cpu:3 core_idx:3 Nw:3.500000 Tw:90 rq:4.900000 seq:98.000000
E/MP-Decision( 2240): num online cores: 4 reqd : 3 available : 4 rq_depth:2.600000 hotplug_avg_load_dw: 157
E/MP-Decision( 2240): DOWN cpu:3 core_idx:3 Ns:3.100000 Ts:240 rq:2.600000 seq:241.000000
E/MP-Decision( 2240): num online cores: 3 reqd : 2 available : 4 rq_depth:1.000000 hotplug_avg_load_dw: 114
E/MP-Decision( 2240): DOWN cpu:2 core_idx:2 Ns:2.100000 Ts:240 rq:1.000000 seq:242.000000
E/MP-Decision( 2240): num online cores: 2 reqd : 3 available : 4 rq_depth:3.300000 hotplug_avg_load_dw: 89
E/MP-Decision( 2240): UP cpu:1 core_idx:1 Nw:1.900000 Tw:140 rq:3.300000 seq:0.000000
E/MP-Decision( 2240): UP cpu:2 core_idx:2 Nw:2.700000 Tw:90 rq:3.300000 seq:98.000000
E/MP-Decision( 2240): num online cores: 3 reqd : 2 available : 4 rq_depth:1.000000 hotplug_avg_load_dw: 104
E/MP-Decision( 2240): DOWN cpu:2 core_idx:2 Ns:2.100000 Ts:240 rq:1.000000 seq:243.000000
E/MP-Decision( 2240): num online cores: 2 reqd : 4 available : 4 rq_depth:4.700000 hotplug_avg_load_dw: 97
E/MP-Decision( 2240): UP cpu:1 core_idx:1 Nw:1.900000 Tw:140 rq:4.700000 seq:0.000000
E/MP-Decision( 2240): UP cpu:2 core_idx:2 Nw:2.700000 Tw:90 rq:4.700000 seq:98.000000
E/MP-Decision( 2240): UP cpu:3 core_idx:3 Nw:3.500000 Tw:90 rq:4.700000 seq:98.000000
E/MP-Decision( 2240): num online cores: 4 reqd : 3 available : 4 rq_depth:1.000000 hotplug_avg_load_dw: 122
E/MP-Decision( 2240): DOWN cpu:3 core_idx:3 Ns:3.100000 Ts:240 rq:1.000000 seq:241.000000
E/MP-Decision( 2240): num online cores: 3 reqd : 2 available : 4 rq_depth:1.000000 hotplug_avg_load_dw: 75
E/MP-Decision( 2240): DOWN cpu:2 core_idx:2 Ns:2.100000 Ts:240 rq:1.000000 seq:242.000000
E/SupplicantStateTracker(  812): [AUTHENTICATION_FAILURE_EVENT] networkId : 7, count : 1 [EAP]
E/MP-Decision( 2240): num online cores: 2 reqd : 3 available : 4 rq_depth:3.100000 hotplug_avg_load_dw: 94
E/MP-Decision( 2240): UP cpu:1 core_idx:1 Nw:1.900000 Tw:140 rq:3.100000 seq:0.000000
E/MP-Decision( 2240): UP cpu:2 core_idx:2 Nw:2.700000 Tw:90 rq:3.100000 seq:98.000000
E/MP-Decision( 2240): num online cores: 3 reqd : 2 available : 4 rq_depth:1.000000 hotplug_avg_load_dw: 77
E/MP-Decision( 2240): DOWN cpu:2 core_idx:2 Ns:2.100000 Ts:240 rq:1.000000 seq:243.000000
E/MP-Decision( 2240): num online cores: 2 reqd : 4 available : 4 rq_depth:5.900000 hotplug_avg_load_dw: 97
E/MP-Decision( 2240): UP cpu:1 core_idx:1 Nw:1.900000 Tw:140 rq:5.900000 seq:0.000000
E/MP-Decision( 2240): UP cpu:2 core_idx:2 Nw:2.700000 Tw:90 rq:5.900000 seq:98.000000
E/MP-Decision( 2240): UP cpu:3 core_idx:3 Nw:3.500000 Tw:90 rq:5.900000 seq:98.000000
E/X-GOOGLE-TOKEN(27956): auth io problem
E/X-GOOGLE-TOKEN(27956): java.io.IOException: NetworkError
E/X-GOOGLE-TOKEN(27956): 	at android.accounts.AccountManager.convertErrorToException(AccountManager.java:1722)
E/X-GOOGLE-TOKEN(27956): 	at android.accounts.AccountManager.access$400(AccountManager.java:145)
E/X-GOOGLE-TOKEN(27956): 	at android.accounts.AccountManager$AmsTask$Response.onError(AccountManager.java:1583)
E/X-GOOGLE-TOKEN(27956): 	at android.accounts.IAccountManagerResponse$Stub.onTransact(IAccountManagerResponse.java:69)
E/X-GOOGLE-TOKEN(27956): 	at android.os.Binder.execTransact(Binder.java:404)
E/X-GOOGLE-TOKEN(27956): 	at dalvik.system.NativeStart.run(Native Method)
E/SPPClientService(11602): [[SystemStateMonitorService]] SystemStateMonitorService : noConnect? : true
E/SPPClientService(11602): [[SystemStateMonitorService]] No Active Internet
E/SPPClientService(11602): [a] [ConnectionManager] Connection is already disconnected.
E/SPPClientService(11602): [a] [ConnectionManager] Connection is already disconnected.
E/SPPClientService(11602): [[PushClientService]] <<--- PushClientService.deInitPushClientService -------END  --->>
E/MP-Decision( 2240): num online cores: 4 reqd : 3 available : 4 rq_depth:1.000000 hotplug_avg_load_dw: 85
E/MP-Decision( 2240): DOWN cpu:3 core_idx:3 Ns:3.100000 Ts:240 rq:1.000000 seq:245.000000
E/cutils  (  256): Failed to mkdirat(/storage/extSdCard/Android): Read-only file system
E/cutils  (  256): Failed to mkdirat(/storage/extSdCard/Android): Read-only file system
E/MP-Decision( 2240): num online cores: 3 reqd : 2 available : 4 rq_depth:1.000000 hotplug_avg_load_dw: 83
E/MP-Decision( 2240): DOWN cpu:2 core_idx:2 Ns:2.100000 Ts:240 rq:1.000000 seq:240.000000
E/MP-Decision( 2240): num online cores: 2 reqd : 4 available : 4 rq_depth:3.700000 hotplug_avg_load_dw: 78
E/MP-Decision( 2240): UP cpu:1 core_idx:1 Nw:1.900000 Tw:140 rq:3.700000 seq:0.000000
E/MP-Decision( 2240): UP cpu:2 core_idx:2 Nw:2.700000 Tw:90 rq:3.700000 seq:97.000000
E/MP-Decision( 2240): UP cpu:3 core_idx:3 Nw:3.500000 Tw:90 rq:3.700000 seq:97.000000
E/NEXPLAYER_JNI(30501): [nexplayer_jni 5140] cacheIds Ended
E/NEXPLAYER_JNI(30501): getNexALFactoryContext 0x6DC1A350
E/MP-Decision( 2240): num online cores: 4 reqd : 3 available : 4 rq_depth:2.100000 hotplug_avg_load_dw: 139
E/MP-Decision( 2240): DOWN cpu:3 core_idx:3 Ns:3.100000 Ts:240 rq:2.100000 seq:246.000000
E/MP-Decision( 2240): num online cores: 3 reqd : 2 available : 4 rq_depth:2.100000 hotplug_avg_load_dw: 136
E/MP-Decision( 2240): DOWN cpu:2 core_idx:2 Ns:2.100000 Ts:240 rq:2.100000 seq:241.000000
E/MP-Decision( 2240): num online cores: 2 reqd : 4 available : 4 rq_depth:3.500000 hotplug_avg_load_dw: 140
E/MP-Decision( 2240): UP cpu:1 core_idx:1 Nw:1.900000 Tw:140 rq:3.500000 seq:0.000000
E/MP-Decision( 2240): UP cpu:2 core_idx:2 Nw:2.700000 Tw:90 rq:3.500000 seq:98.000000
E/MP-Decision( 2240): UP cpu:3 core_idx:3 Nw:3.500000 Tw:90 rq:3.500000 seq:98.000000
E/MP-Decision( 2240): num online cores: 4 reqd : 3 available : 4 rq_depth:2.000000 hotplug_avg_load_dw: 156
E/MP-Decision( 2240): DOWN cpu:3 core_idx:3 Ns:3.100000 Ts:240 rq:2.000000 seq:240.000000
E/MP-Decision( 2240): num online cores: 3 reqd : 4 available : 4 rq_depth:5.100000 hotplug_avg_load_dw: 172
E/MP-Decision( 2240): UP cpu:1 core_idx:1 Nw:1.900000 Tw:140 rq:5.100000 seq:0.000000
E/MP-Decision( 2240): UP cpu:2 core_idx:2 Nw:2.700000 Tw:90 rq:5.100000 seq:0.000000
E/MP-Decision( 2240): UP cpu:3 core_idx:3 Nw:3.500000 Tw:90 rq:5.100000 seq:98.000000
E/ECS_EnterpriseContainerService(  812): getMountStatus() permission get it
E/ECS_EnterpriseContainerService(  812): getMountStatus() permission get it
E/ECS_EnterpriseContainerService(  812): getMountStatus() permission get it
E/GoogleConversionPing(30546): Error sending ping
E/ECS_EnterpriseContainerService(  812): getMountStatus() permission get it
E/cutils  (  256): Failed to mkdirat(/storage/extSdCard/Android): Read-only file system
E/MP-Decision( 2240): num online cores: 4 reqd : 3 available : 4 rq_depth:2.000000 hotplug_avg_load_dw: 208
E/MP-Decision( 2240): DOWN cpu:3 core_idx:3 Ns:3.100000 Ts:240 rq:2.000000 seq:245.000000
E/MP-Decision( 2240): num online cores: 3 reqd : 4 available : 4 rq_depth:3.700000 hotplug_avg_load_dw: 188
E/MP-Decision( 2240): UP cpu:1 core_idx:1 Nw:1.900000 Tw:140 rq:3.700000 seq:0.000000
E/MP-Decision( 2240): UP cpu:2 core_idx:2 Nw:2.700000 Tw:90 rq:3.700000 seq:0.000000
E/MP-Decision( 2240): UP cpu:3 core_idx:3 Nw:3.500000 Tw:90 rq:3.700000 seq:98.000000
E/MP-Decision( 2240): num online cores: 4 reqd : 3 available : 4 rq_depth:2.700000 hotplug_avg_load_dw: 171
E/MP-Decision( 2240): DOWN cpu:3 core_idx:3 Ns:3.100000 Ts:240 rq:2.700000 seq:243.000000
E/MP-Decision( 2240): num online cores: 3 reqd : 2 available : 4 rq_depth:1.500000 hotplug_avg_load_dw: 76
E/MP-Decision( 2240): DOWN cpu:2 core_idx:2 Ns:2.100000 Ts:240 rq:1.500000 seq:245.000000
