E/cutils  (  256): Failed to mkdirat(/storage/extSdCard/Android): Read-only file system
E/cutils  (  256): Failed to mkdirat(/storage/extSdCard/Android): Read-only file system
E/cutils  (  256): Failed to mkdirat(/storage/extSdCard/Android): Read-only file system
E/cutils  (  256): Failed to mkdirat(/storage/extSdCard/Android): Read-only file system
E/cutils  (  256): Failed to mkdirat(/storage/extSdCard/Android): Read-only file system
E/cutils  (  256): Failed to mkdirat(/storage/extSdCard/Android): Read-only file system
E/cutils  (  256): Failed to mkdirat(/storage/extSdCard/Android): Read-only file system
E/cutils  (  256): Failed to mkdirat(/storage/extSdCard/Android): Read-only file system
E/cutils  (  256): Failed to mkdirat(/storage/extSdCard/Android): Read-only file system
E/cutils  (  256): Failed to mkdirat(/storage/extSdCard/Android): Read-only file system
E/cutils  (  256): Failed to mkdirat(/storage/extSdCard/Android): Read-only file system
E/cutils  (  256): Failed to mkdirat(/storage/extSdCard/Android): Read-only file system
E/cutils  (  256): Failed to mkdirat(/storage/extSdCard/Android): Read-only file system
E/cutils  (  256): Failed to mkdirat(/storage/extSdCard/Android): Read-only file system
E/cutils  (  256): Failed to mkdirat(/storage/extSdCard/Android): Read-only file system
E/cutils  (  256): Failed to mkdirat(/storage/extSdCard/Android): Read-only file system
E/cutils  (  256): Failed to mkdirat(/storage/extSdCard/Android): Read-only file system
E/cutils  (  256): Failed to mkdirat(/storage/extSdCard/Android): Read-only file system
E/cutils  (  256): Failed to mkdirat(/storage/extSdCard/Android): Read-only file system
E/cutils  (  256): Failed to mkdirat(/storage/extSdCard/Android): Read-only file system
E/cutils  (  256): Failed to mkdirat(/storage/extSdCard/Android): Read-only file system
E/cutils  (  256): Failed to mkdirat(/storage/extSdCard/Android): Read-only file system
E/MP-Decision( 2240): num online cores: 4 reqd : 3 available : 4 rq_depth:2.300000 hotplug_avg_load_dw: 158
E/MP-Decision( 2240): DOWN cpu:3 core_idx:3 Ns:3.100000 Ts:240 rq:2.300000 seq:245.000000
E/MP-Decision( 2240): num online cores: 3 reqd : 4 available : 4 rq_depth:5.900000 hotplug_avg_load_dw: 153
E/MP-Decision( 2240): UP cpu:1 core_idx:1 Nw:1.900000 Tw:140 rq:5.900000 seq:0.000000
E/MP-Decision( 2240): UP cpu:2 core_idx:2 Nw:2.700000 Tw:90 rq:5.900000 seq:0.000000
E/MP-Decision( 2240): UP cpu:3 core_idx:3 Nw:3.500000 Tw:90 rq:5.900000 seq:98.000000
E/MP-Decision( 2240): num online cores: 4 reqd : 3 available : 4 rq_depth:3.000000 hotplug_avg_load_dw: 195
E/MP-Decision( 2240): DOWN cpu:3 core_idx:3 Ns:3.100000 Ts:240 rq:3.000000 seq:245.000000
E/MP-Decision( 2240): num online cores: 3 reqd : 4 available : 4 rq_depth:4.300000 hotplug_avg_load_dw: 200
E/MP-Decision( 2240): UP cpu:1 core_idx:1 Nw:1.900000 Tw:140 rq:4.300000 seq:0.000000
E/MP-Decision( 2240): UP cpu:2 core_idx:2 Nw:2.700000 Tw:90 rq:4.300000 seq:0.000000
E/MP-Decision( 2240): UP cpu:3 core_idx:3 Nw:3.500000 Tw:90 rq:4.300000 seq:98.000000
E/Watchdog(  812): !@Sync 6334
E/cutils  (  256): Failed to mkdirat(/storage/extSdCard/Android): Read-only file system
E/MP-Decision( 2240): num online cores: 4 reqd : 3 available : 4 rq_depth:3.000000 hotplug_avg_load_dw: 203
E/MP-Decision( 2240): DOWN cpu:3 core_idx:3 Ns:3.100000 Ts:240 rq:3.000000 seq:245.000000
E/MP-Decision( 2240): num online cores: 3 reqd : 4 available : 4 rq_depth:3.700000 hotplug_avg_load_dw: 182
E/MP-Decision( 2240): UP cpu:1 core_idx:1 Nw:1.900000 Tw:140 rq:3.700000 seq:0.000000
E/MP-Decision( 2240): UP cpu:2 core_idx:2 Nw:2.700000 Tw:90 rq:3.700000 seq:0.000000
E/MP-Decision( 2240): UP cpu:3 core_idx:3 Nw:3.500000 Tw:90 rq:3.700000 seq:98.000000
E/ECS_EnterpriseContainerService(  812): getMountStatus() permission get it
E/ECS_EnterpriseContainerService(  812): getMountStatus() permission get it
E/ECS_EnterpriseContainerService(  812): getMountStatus() permission get it
E/ECS_EnterpriseContainerService(  812): getMountStatus() permission get it
E/MP-Decision( 2240): num online cores: 4 reqd : 3 available : 4 rq_depth:2.000000 hotplug_avg_load_dw: 228
E/MP-Decision( 2240): DOWN cpu:3 core_idx:3 Ns:3.100000 Ts:240 rq:2.000000 seq:246.000000
E/MP-Decision( 2240): num online cores: 3 reqd : 4 available : 4 rq_depth:4.400000 hotplug_avg_load_dw: 164
E/MP-Decision( 2240): UP cpu:1 core_idx:1 Nw:1.900000 Tw:140 rq:4.400000 seq:0.000000
E/MP-Decision( 2240): UP cpu:2 core_idx:2 Nw:2.700000 Tw:90 rq:4.400000 seq:0.000000
E/MP-Decision( 2240): UP cpu:3 core_idx:3 Nw:3.500000 Tw:90 rq:4.400000 seq:98.000000
E/MP-Decision( 2240): num online cores: 4 reqd : 3 available : 4 rq_depth:3.100000 hotplug_avg_load_dw: 269
E/MP-Decision( 2240): DOWN cpu:3 core_idx:3 Ns:3.100000 Ts:240 rq:3.100000 seq:245.000000
E/MP-Decision( 2240): num online cores: 3 reqd : 4 available : 4 rq_depth:4.500000 hotplug_avg_load_dw: 212
E/MP-Decision( 2240): UP cpu:1 core_idx:1 Nw:1.900000 Tw:140 rq:4.500000 seq:0.000000
E/MP-Decision( 2240): UP cpu:2 core_idx:2 Nw:2.700000 Tw:90 rq:4.500000 seq:0.000000
E/MP-Decision( 2240): UP cpu:3 core_idx:3 Nw:3.500000 Tw:90 rq:4.500000 seq:95.000000
E/MP-Decision( 2240): num online cores: 4 reqd : 3 available : 4 rq_depth:2.500000 hotplug_avg_load_dw: 224
E/MP-Decision( 2240): DOWN cpu:3 core_idx:3 Ns:3.100000 Ts:240 rq:2.500000 seq:243.000000
E/MP-Decision( 2240): num online cores: 3 reqd : 4 available : 4 rq_depth:4.300000 hotplug_avg_load_dw: 155
E/MP-Decision( 2240): UP cpu:1 core_idx:1 Nw:1.900000 Tw:140 rq:4.300000 seq:0.000000
E/MP-Decision( 2240): UP cpu:2 core_idx:2 Nw:2.700000 Tw:90 rq:4.300000 seq:0.000000
E/MP-Decision( 2240): UP cpu:3 core_idx:3 Nw:3.500000 Tw:90 rq:4.300000 seq:98.000000
E/ECS_EnterpriseContainerService(  812): getMountStatus() permission get it
E/ECS_EnterpriseContainerService(  812): getMountStatus() permission get it
E/ECS_EnterpriseContainerService(  812): getMountStatus() permission get it
E/ECS_EnterpriseContainerService(  812): getMountStatus() permission get it
E/ECS_EnterpriseContainerService(  812): getMountStatus() permission get it
E/ECS_EnterpriseContainerService(  812): getMountStatus() permission get it
E/MP-Decision( 2240): num online cores: 4 reqd : 2 available : 4 rq_depth:1.000000 hotplug_avg_load_dw: 160
E/MP-Decision( 2240): DOWN cpu:3 core_idx:3 Ns:3.100000 Ts:240 rq:1.000000 seq:246.000000
E/MP-Decision( 2240): DOWN cpu:2 core_idx:2 Ns:2.100000 Ts:240 rq:1.000000 seq:246.000000
E/Sensors (  812): Acc old sensor_state 0, new sensor_state : 1 en : 1
E/MP-Decision( 2240): num online cores: 2 reqd : 3 available : 4 rq_depth:9.300000 hotplug_avg_load_dw: 87
E/MP-Decision( 2240): UP cpu:1 core_idx:1 Nw:1.900000 Tw:140 rq:9.300000 seq:0.000000
E/MP-Decision( 2240): UP cpu:2 core_idx:2 Nw:2.700000 Tw:90 rq:9.300000 seq:98.000000
E/MP-Decision( 2240): num online cores: 3 reqd : 4 available : 4 rq_depth:3.600000 hotplug_avg_load_dw: 200
E/MP-Decision( 2240): UP cpu:1 core_idx:1 Nw:1.900000 Tw:140 rq:3.600000 seq:0.000000
E/MP-Decision( 2240): UP cpu:2 core_idx:2 Nw:2.700000 Tw:90 rq:3.600000 seq:0.000000
E/MP-Decision( 2240): UP cpu:3 core_idx:3 Nw:3.500000 Tw:90 rq:3.600000 seq:96.000000
E/DiscourseLogger(22276): Last activities: [Current Position - 0/100]
E/DiscourseLogger(22276): Last activities: [Current Position - 0/24]
E/DiscourseLogger(22276): Last activities: [Current Position - 1/24]
E/DiscourseLogger(22276): Last activities: [Current Position - 0/10]
E/MP-Decision( 2240): num online cores: 4 reqd : 3 available : 4 rq_depth:1.200000 hotplug_avg_load_dw: 140
E/MP-Decision( 2240): DOWN cpu:3 core_idx:3 Ns:3.100000 Ts:240 rq:1.200000 seq:245.000000
E/MP-Decision( 2240): num online cores: 3 reqd : 4 available : 4 rq_depth:5.700000 hotplug_avg_load_dw: 176
E/MP-Decision( 2240): UP cpu:1 core_idx:1 Nw:1.900000 Tw:140 rq:5.700000 seq:0.000000
E/MP-Decision( 2240): UP cpu:2 core_idx:2 Nw:2.700000 Tw:90 rq:5.700000 seq:0.000000
E/MP-Decision( 2240): UP cpu:3 core_idx:3 Nw:3.500000 Tw:90 rq:5.700000 seq:94.000000
E/MP-Decision( 2240): num online cores: 4 reqd : 3 available : 4 rq_depth:2.300000 hotplug_avg_load_dw: 214
E/MP-Decision( 2240): DOWN cpu:3 core_idx:3 Ns:3.100000 Ts:240 rq:2.300000 seq:245.000000
E/MP-Decision( 2240): num online cores: 3 reqd : 2 available : 4 rq_depth:2.100000 hotplug_avg_load_dw: 146
E/MP-Decision( 2240): DOWN cpu:2 core_idx:2 Ns:2.100000 Ts:240 rq:2.100000 seq:245.000000
E/MP-Decision( 2240): num online cores: 2 reqd : 3 available : 4 rq_depth:5.500000 hotplug_avg_load_dw: 136
E/MP-Decision( 2240): UP cpu:1 core_idx:1 Nw:1.900000 Tw:140 rq:5.500000 seq:0.000000
E/MP-Decision( 2240): UP cpu:2 core_idx:2 Nw:2.700000 Tw:90 rq:5.500000 seq:98.000000
E/MP-Decision( 2240): num online cores: 3 reqd : 4 available : 4 rq_depth:4.300000 hotplug_avg_load_dw: 171
E/MP-Decision( 2240): UP cpu:1 core_idx:1 Nw:1.900000 Tw:140 rq:4.300000 seq:0.000000
E/MP-Decision( 2240): UP cpu:2 core_idx:2 Nw:2.700000 Tw:90 rq:4.300000 seq:0.000000
E/MP-Decision( 2240): UP cpu:3 core_idx:3 Nw:3.500000 Tw:90 rq:4.300000 seq:96.000000
E/Sensors (  812): Acc old sensor_state 1, new sensor_state : 0 en : 0
E/MP-Decision( 2240): num online cores: 4 reqd : 3 available : 4 rq_depth:2.300000 hotplug_avg_load_dw: 155
E/MP-Decision( 2240): DOWN cpu:3 core_idx:3 Ns:3.100000 Ts:240 rq:2.300000 seq:245.000000
E/SPPClientService(11602): [[SystemStateMonitorService]] SystemStateMonitorService : noConnect? : false
E/MP-Decision( 2240): num online cores: 3 reqd : 4 available : 4 rq_depth:6.600000 hotplug_avg_load_dw: 199
E/MP-Decision( 2240): UP cpu:1 core_idx:1 Nw:1.900000 Tw:140 rq:6.600000 seq:0.000000
E/MP-Decision( 2240): UP cpu:2 core_idx:2 Nw:2.700000 Tw:90 rq:6.600000 seq:0.000000
E/MP-Decision( 2240): UP cpu:3 core_idx:3 Nw:3.500000 Tw:90 rq:6.600000 seq:98.000000
E/com.amazon.mp3/com.amazon.identity.auth.device.framework.MAPApplicationInformationQueryer(19745): Notified by action android.intent.action.PACKAGE_CHANGED to invalidate app cache
E/com.amazon.kindle/com.amazon.identity.auth.device.framework.MAPApplicationInformationQueryer(25127): Notified by action android.intent.action.PACKAGE_CHANGED to invalidate app cache
E/com.amazon.venezia/com.amazon.identity.auth.device.framework.MAPApplicationInformationQueryer( 7495): Notified by action android.intent.action.PACKAGE_CHANGED to invalidate app cache
E/com.amazon.mp3/com.amazon.identity.auth.device.framework.MAPApplicationInformationQueryer(25962): Notified by action android.intent.action.PACKAGE_CHANGED to invalidate app cache
E/com.amazon.mShop.android/com.amazon.identity.auth.device.framework.MAPApplicationInformationQueryer(32168): Notified by action android.intent.action.PACKAGE_CHANGED to invalidate app cache
E/cutils  (  256): Failed to mkdirat(/storage/extSdCard/Android): Read-only file system
E/cutils  (  256): Failed to mkdirat(/storage/extSdCard/Android): Read-only file system
E/MP-Decision( 2240): num online cores: 4 reqd : 3 available : 4 rq_depth:3.100000 hotplug_avg_load_dw: 261
E/MP-Decision( 2240): DOWN cpu:3 core_idx:3 Ns:3.100000 Ts:240 rq:3.100000 seq:245.000000
E/MP-Decision( 2240): num online cores: 3 reqd : 2 available : 4 rq_depth:0.300000 hotplug_avg_load_dw: 163
E/MP-Decision( 2240): DOWN cpu:2 core_idx:2 Ns:2.100000 Ts:240 rq:0.300000 seq:245.000000
E/MP-Decision( 2240): num online cores: 2 reqd : 4 available : 4 rq_depth:6.900000 hotplug_avg_load_dw: 114
E/MP-Decision( 2240): UP cpu:1 core_idx:1 Nw:1.900000 Tw:140 rq:6.900000 seq:0.000000
E/MP-Decision( 2240): UP cpu:2 core_idx:2 Nw:2.700000 Tw:90 rq:6.900000 seq:95.000000
E/MP-Decision( 2240): UP cpu:3 core_idx:3 Nw:3.500000 Tw:90 rq:6.900000 seq:95.000000
E/MP-Decision( 2240): num online cores: 4 reqd : 3 available : 4 rq_depth:2.800000 hotplug_avg_load_dw: 238
E/MP-Decision( 2240): DOWN cpu:3 core_idx:3 Ns:3.100000 Ts:240 rq:2.800000 seq:245.000000
E/MP-Decision( 2240): num online cores: 3 reqd : 4 available : 4 rq_depth:8.200000 hotplug_avg_load_dw: 208
E/MP-Decision( 2240): UP cpu:1 core_idx:1 Nw:1.900000 Tw:140 rq:8.200000 seq:0.000000
E/MP-Decision( 2240): UP cpu:2 core_idx:2 Nw:2.700000 Tw:90 rq:8.200000 seq:0.000000
E/MP-Decision( 2240): UP cpu:3 core_idx:3 Nw:3.500000 Tw:90 rq:8.200000 seq:98.000000
E/ResourceType(23314): getSupportListinCSC: cannot open file 
E/ResourceType(23314): The locale in CSC is empty.
E/Samsung TTS(23398): onIsLanguageAvailable() - lang : eng, country : USA, variant : , iResult : 1
E/Samsung TTS(23398): onLoadLanguage() - LANG_COUNTRY_AVAILABLE
E/Samsung TTS(23398): onLoadLanguage() - lang : eng, country : USA, variant : f01
E/        (23398): Samsung TTS Engine - initialize() : Samsung TTS Engine (released - 201302151)
E/        (23398): Samsung TTS Engine - initialize() : ro.product.manufacturer - samsung
E/Samsung TTS(23398): onIsLanguageAvailable() - lang : eng, country : USA, variant : , iResult : 1
E/Samsung TTS(23398): onIsLanguageAvailable() - lang : eng, country : USA, variant : , iResult : 1
E/Samsung TTS(23398): onLoadLanguage() - LANG_COUNTRY_AVAILABLE
E/Samsung TTS(23398): onLoadLanguage() - lang : eng, country : USA, variant : f01
E/NEXPLAYER_JNI(23548): [nexplayer_jni 5140] cacheIds Ended
E/NEXPLAYER_JNI(23548): getNexALFactoryContext 0x6DC19680
E/MP-Decision( 2240): num online cores: 4 reqd : 3 available : 4 rq_depth:3.000000 hotplug_avg_load_dw: 215
E/MP-Decision( 2240): DOWN cpu:3 core_idx:3 Ns:3.100000 Ts:240 rq:3.000000 seq:245.000000
E/MP-Decision( 2240): num online cores: 3 reqd : 4 available : 4 rq_depth:6.500000 hotplug_avg_load_dw: 202
E/MP-Decision( 2240): UP cpu:1 core_idx:1 Nw:1.900000 Tw:140 rq:6.500000 seq:0.000000
E/MP-Decision( 2240): UP cpu:2 core_idx:2 Nw:2.700000 Tw:90 rq:6.500000 seq:0.000000
E/MP-Decision( 2240): UP cpu:3 core_idx:3 Nw:3.500000 Tw:90 rq:6.500000 seq:98.000000
E/OpenGLRenderer(28776): SFEffectCache:clear(), mSize = 0
E/cutils  (  256): Failed to mkdirat(/storage/extSdCard/Android): Read-only file system
E/MP-Decision( 2240): num online cores: 4 reqd : 3 available : 4 rq_depth:3.100000 hotplug_avg_load_dw: 221
E/MP-Decision( 2240): DOWN cpu:3 core_idx:3 Ns:3.100000 Ts:240 rq:3.100000 seq:245.000000
E/MP-Decision( 2240): num online cores: 3 reqd : 4 available : 4 rq_depth:5.900000 hotplug_avg_load_dw: 204
E/MP-Decision( 2240): UP cpu:1 core_idx:1 Nw:1.900000 Tw:140 rq:5.900000 seq:0.000000
E/MP-Decision( 2240): UP cpu:2 core_idx:2 Nw:2.700000 Tw:90 rq:5.900000 seq:0.000000
E/MP-Decision( 2240): UP cpu:3 core_idx:3 Nw:3.500000 Tw:90 rq:5.900000 seq:94.000000
E/MP-Decision( 2240): num online cores: 4 reqd : 3 available : 4 rq_depth:2.100000 hotplug_avg_load_dw: 185
E/MP-Decision( 2240): DOWN cpu:3 core_idx:3 Ns:3.100000 Ts:240 rq:2.100000 seq:245.000000
E/MP-Decision( 2240): num online cores: 3 reqd : 2 available : 4 rq_depth:2.100000 hotplug_avg_load_dw: 213
E/MP-Decision( 2240): DOWN cpu:2 core_idx:2 Ns:2.100000 Ts:240 rq:2.100000 seq:242.000000
E/MP-Decision( 2240): num online cores: 2 reqd : 3 available : 4 rq_depth:3.300000 hotplug_avg_load_dw: 142
E/MP-Decision( 2240): UP cpu:1 core_idx:1 Nw:1.900000 Tw:140 rq:3.300000 seq:0.000000
E/MP-Decision( 2240): UP cpu:2 core_idx:2 Nw:2.700000 Tw:90 rq:3.300000 seq:95.000000
E/MP-Decision( 2240): num online cores: 3 reqd : 2 available : 4 rq_depth:1.700000 hotplug_avg_load_dw: 210
E/MP-Decision( 2240): DOWN cpu:2 core_idx:2 Ns:2.100000 Ts:240 rq:1.700000 seq:245.000000
E/MP-Decision( 2240): num online cores: 2 reqd : 4 available : 4 rq_depth:3.700000 hotplug_avg_load_dw: 142
E/MP-Decision( 2240): UP cpu:1 core_idx:1 Nw:1.900000 Tw:140 rq:3.700000 seq:0.000000
E/MP-Decision( 2240): UP cpu:2 core_idx:2 Nw:2.700000 Tw:90 rq:3.700000 seq:98.000000
E/MP-Decision( 2240): UP cpu:3 core_idx:3 Nw:3.500000 Tw:90 rq:3.700000 seq:98.000000
E/MP-Decision( 2240): num online cores: 4 reqd : 3 available : 4 rq_depth:1.700000 hotplug_avg_load_dw: 213
E/MP-Decision( 2240): DOWN cpu:3 core_idx:3 Ns:3.100000 Ts:240 rq:1.700000 seq:245.000000
E/MP-Decision( 2240): num online cores: 3 reqd : 2 available : 4 rq_depth:1.700000 hotplug_avg_load_dw: 208
E/MP-Decision( 2240): DOWN cpu:2 core_idx:2 Ns:2.100000 Ts:240 rq:1.700000 seq:242.000000
E/MP-Decision( 2240): num online cores: 2 reqd : 3 available : 4 rq_depth:4.900000 hotplug_avg_load_dw: 141
E/MP-Decision( 2240): UP cpu:1 core_idx:1 Nw:1.900000 Tw:140 rq:4.900000 seq:0.000000
E/MP-Decision( 2240): UP cpu:2 core_idx:2 Nw:2.700000 Tw:90 rq:4.900000 seq:98.000000
E/SPPClientService(11602): [[SystemStateMonitorService]] SystemStateMonitorService : noConnect? : false
E/MP-Decision( 2240): num online cores: 3 reqd : 4 available : 4 rq_depth:4.300000 hotplug_avg_load_dw: 192
E/MP-Decision( 2240): UP cpu:1 core_idx:1 Nw:1.900000 Tw:140 rq:4.300000 seq:0.000000
E/MP-Decision( 2240): UP cpu:2 core_idx:2 Nw:2.700000 Tw:90 rq:4.300000 seq:0.000000
E/MP-Decision( 2240): UP cpu:3 core_idx:3 Nw:3.500000 Tw:90 rq:4.300000 seq:96.000000
E/cutils  (  256): Failed to mkdirat(/storage/extSdCard/Android): Read-only file system
E/cutils  (  256): Failed to mkdirat(/storage/extSdCard/Android): Read-only file system
E/MP-Decision( 2240): num online cores: 4 reqd : 3 available : 4 rq_depth:1.900000 hotplug_avg_load_dw: 135
E/MP-Decision( 2240): DOWN cpu:3 core_idx:3 Ns:3.100000 Ts:240 rq:1.900000 seq:245.000000
E/NEXPLAYER_JNI(23922): [nexplayer_jni 5140] cacheIds Ended
E/NEXPLAYER_JNI(23922): getNexALFactoryContext 0x6DC19680
E/MTPRx   (22016): started activity for popup
E/MP-Decision( 2240): num online cores: 3 reqd : 4 available : 4 rq_depth:9.900000 hotplug_avg_load_dw: 118
E/MP-Decision( 2240): UP cpu:1 core_idx:1 Nw:1.900000 Tw:140 rq:9.900000 seq:0.000000
E/MP-Decision( 2240): UP cpu:2 core_idx:2 Nw:2.700000 Tw:90 rq:9.900000 seq:0.000000
E/MP-Decision( 2240): UP cpu:3 core_idx:3 Nw:3.500000 Tw:90 rq:9.900000 seq:98.000000
E/SettingsReceiverActivity(22016): PREF_DONT_ASK_AGAIN : true
E/OpenGLRenderer(28776): SFEffectCache:clear(), mSize = 0
E/ECS_EnterpriseContainerService(  812): getMountStatus() permission get it
E/ECS_EnterpriseContainerService(  812): getMountStatus() permission get it
E/ECS_EnterpriseContainerService(  812): getMountStatus() permission get it
E/ECS_EnterpriseContainerService(  812): getMountStatus() permission get it
E/ECS_EnterpriseContainerService(  812): getMountStatus() permission get it
E/ECS_EnterpriseContainerService(  812): getMountStatus() permission get it
E/ECS_EnterpriseContainerService(  812): getMountStatus() permission get it
E/ECS_EnterpriseContainerService(  812): getMountStatus() permission get it
E/cutils  (  256): Failed to mkdirat(/storage/extSdCard/Android): Read-only file system
E/ECS_EnterpriseContainerService(  812): getMountStatus() permission get it
E/ECS_EnterpriseContainerService(  812): getMountStatus() permission get it
E/ECS_EnterpriseContainerService(  812): getMountStatus() permission get it
E/ECS_EnterpriseContainerService(  812): getMountStatus() permission get it
E/ECS_EnterpriseContainerService(  812): getMountStatus() permission get it
E/ECS_EnterpriseContainerService(  812): getMountStatus() permission get it
E/ECS_EnterpriseContainerService(  812): getMountStatus() permission get it
E/ECS_EnterpriseContainerService(  812): getMountStatus() permission get it
E/ECS_EnterpriseContainerService(  812): getMountStatus() permission get it
E/ECS_EnterpriseContainerService(  812): getMountStatus() permission get it
E/ECS_EnterpriseContainerService(  812): getMountStatus() permission get it
E/ECS_EnterpriseContainerService(  812): getMountStatus() permission get it
E/ECS_EnterpriseContainerService(  812): getMountStatus() permission get it
E/ECS_EnterpriseContainerService(  812): getMountStatus() permission get it
E/ECS_EnterpriseContainerService(  812): getMountStatus() permission get it
E/ECS_EnterpriseContainerService(  812): getMountStatus() permission get it
E/ECS_EnterpriseContainerService(  812): getMountStatus() permission get it
E/ECS_EnterpriseContainerService(  812): getMountStatus() permission get it
E/ECS_EnterpriseContainerService(  812): getMountStatus() permission get it
E/ECS_EnterpriseContainerService(  812): getMountStatus() permission get it
E/ECS_EnterpriseContainerService(  812): getMountStatus() permission get it
E/ECS_EnterpriseContainerService(  812): getMountStatus() permission get it
E/ECS_EnterpriseContainerService(  812): getMountStatus() permission get it
E/ECS_EnterpriseContainerService(  812): getMountStatus() permission get it
E/ECS_EnterpriseContainerService(  812): getMountStatus() permission get it
E/ECS_EnterpriseContainerService(  812): getMountStatus() permission get it
E/ECS_EnterpriseContainerService(  812): getMountStatus() permission get it
E/ECS_EnterpriseContainerService(  812): getMountStatus() permission get it
E/ECS_EnterpriseContainerService(  812): getMountStatus() permission get it
E/ECS_EnterpriseContainerService(  812): getMountStatus() permission get it
E/ECS_EnterpriseContainerService(  812): getMountStatus() permission get it
E/ECS_EnterpriseContainerService(  812): getMountStatus() permission get it
E/ECS_EnterpriseContainerService(  812): getMountStatus() permission get it
E/Watchdog(  812): !@Sync 6335
E/TagForNotify(24109): [No cache] of Notify Toggle State
E/TagForNotify(24109): setNotifyToggleStateList:: param stateLis is null OR size 0
E/AcrossPromote(24109): [isTimeForShowAd]Not found match id of Across promote Ad
E/STATUSBAR-RecentTasksLoader( 1288): InterruptedException
E/cutils  (  256): Failed to mkdirat(/storage/extSdCard/Android): Read-only file system
E/MP-Decision( 2240): num online cores: 4 reqd : 3 available : 4 rq_depth:1.000000 hotplug_avg_load_dw: 94
E/MP-Decision( 2240): DOWN cpu:3 core_idx:3 Ns:3.100000 Ts:240 rq:1.000000 seq:245.000000
E/MP-Decision( 2240): num online cores: 3 reqd : 2 available : 4 rq_depth:1.000000 hotplug_avg_load_dw: 80
E/MP-Decision( 2240): DOWN cpu:2 core_idx:2 Ns:2.100000 Ts:240 rq:1.000000 seq:241.000000
E/ECS_EnterpriseContainerService(  812): getMountStatus() permission get it
E/MP-Decision( 2240): num online cores: 2 reqd : 4 available : 4 rq_depth:3.500000 hotplug_avg_load_dw: 98
E/MP-Decision( 2240): UP cpu:1 core_idx:1 Nw:1.900000 Tw:140 rq:3.500000 seq:0.000000
E/MP-Decision( 2240): UP cpu:2 core_idx:2 Nw:2.700000 Tw:90 rq:3.500000 seq:98.000000
E/MP-Decision( 2240): UP cpu:3 core_idx:3 Nw:3.500000 Tw:90 rq:3.500000 seq:98.000000
E/MP-Decision( 2240): num online cores: 4 reqd : 3 available : 4 rq_depth:1.000000 hotplug_avg_load_dw: 100
E/MP-Decision( 2240): DOWN cpu:3 core_idx:3 Ns:3.100000 Ts:240 rq:1.000000 seq:240.000000
E/MP-Decision( 2240): num online cores: 3 reqd : 2 available : 4 rq_depth:1.900000 hotplug_avg_load_dw: 129
E/MP-Decision( 2240): DOWN cpu:2 core_idx:2 Ns:2.100000 Ts:240 rq:1.900000 seq:242.000000
E/MP-Decision( 2240): num online cores: 2 reqd : 3 available : 4 rq_depth:2.700000 hotplug_avg_load_dw: 138
E/MP-Decision( 2240): UP cpu:1 core_idx:1 Nw:1.900000 Tw:140 rq:2.700000 seq:0.000000
E/MP-Decision( 2240): UP cpu:2 core_idx:2 Nw:2.700000 Tw:90 rq:2.700000 seq:98.000000
E/MP-Decision( 2240): num online cores: 3 reqd : 2 available : 4 rq_depth:2.100000 hotplug_avg_load_dw: 87
E/MP-Decision( 2240): DOWN cpu:2 core_idx:2 Ns:2.100000 Ts:240 rq:2.100000 seq:243.000000
E/ECS_EnterpriseContainerService(  812): getMountStatus() permission get it
E/ECS_EnterpriseContainerService(  812): getMountStatus() permission get it
E/ECS_EnterpriseContainerService(  812): getMountStatus() permission get it
E/ECS_EnterpriseContainerService(  812): getMountStatus() permission get it
E/MP-Decision( 2240): num online cores: 2 reqd : 3 available : 4 rq_depth:3.700000 hotplug_avg_load_dw: 132
E/MP-Decision( 2240): UP cpu:1 core_idx:1 Nw:1.900000 Tw:140 rq:3.700000 seq:0.000000
E/MP-Decision( 2240): UP cpu:2 core_idx:2 Nw:2.700000 Tw:90 rq:3.700000 seq:94.000000
E/ECS_EnterpriseContainerService(  812): getMountStatus() permission get it
E/ECS_EnterpriseContainerService(  812): getMountStatus() permission get it
E/ECS_EnterpriseContainerService(  812): getMountStatus() permission get it
E/ECS_EnterpriseContainerService(  812): getMountStatus() permission get it
E/ECS_EnterpriseContainerService(  812): getMountStatus() permission get it
E/MP-Decision( 2240): num online cores: 3 reqd : 4 available : 4 rq_depth:6.700000 hotplug_avg_load_dw: 167
E/MP-Decision( 2240): UP cpu:1 core_idx:1 Nw:1.900000 Tw:140 rq:6.700000 seq:0.000000
E/MP-Decision( 2240): UP cpu:2 core_idx:2 Nw:2.700000 Tw:90 rq:6.700000 seq:0.000000
E/MP-Decision( 2240): UP cpu:3 core_idx:3 Nw:3.500000 Tw:90 rq:6.700000 seq:98.000000
E/ECS_EnterpriseContainerService(  812): getMountStatus() permission get it
E/ECS_EnterpriseContainerService(  812): getMountStatus() permission get it
E/ECS_EnterpriseContainerService(  812): getMountStatus() permission get it
E/ECS_EnterpriseContainerService(  812): getMountStatus() permission get it
E/ECS_EnterpriseContainerService(  812): getMountStatus() permission get it
E/ECS_EnterpriseContainerService(  812): getMountStatus() permission get it
E/ECS_EnterpriseContainerService(  812): getMountStatus() permission get it
E/ECS_EnterpriseContainerService(  812): getMountStatus() permission get it
E/ECS_EnterpriseContainerService(  812): getMountStatus() permission get it
E/ECS_EnterpriseContainerService(  812): getMountStatus() permission get it
E/ECS_EnterpriseContainerService(  812): getMountStatus() permission get it
E/ECS_EnterpriseContainerService(  812): getMountStatus() permission get it
E/ECS_EnterpriseContainerService(  812): getMountStatus() permission get it
E/ECS_EnterpriseContainerService(  812): getMountStatus() permission get it
E/ECS_EnterpriseContainerService(  812): getMountStatus() permission get it
E/ECS_EnterpriseContainerService(  812): getMountStatus() permission get it
E/ECS_EnterpriseContainerService(  812): getMountStatus() permission get it
E/ECS_EnterpriseContainerService(  812): getMountStatus() permission get it
E/ECS_EnterpriseContainerService(  812): getMountStatus() permission get it
E/ECS_EnterpriseContainerService(  812): getMountStatus() permission get it
E/ECS_EnterpriseContainerService(  812): getMountStatus() permission get it
E/ECS_EnterpriseContainerService(  812): getMountStatus() permission get it
E/ECS_EnterpriseContainerService(  812): getMountStatus() permission get it
E/ECS_EnterpriseContainerService(  812): getMountStatus() permission get it
E/MP-Decision( 2240): num online cores: 4 reqd : 2 available : 4 rq_depth:1.100000 hotplug_avg_load_dw: 131
E/MP-Decision( 2240): DOWN cpu:3 core_idx:3 Ns:3.100000 Ts:240 rq:1.100000 seq:245.000000
E/MP-Decision( 2240): DOWN cpu:2 core_idx:2 Ns:2.100000 Ts:240 rq:1.100000 seq:245.000000
E/MP-Decision( 2240): num online cores: 2 reqd : 4 available : 4 rq_depth:3.500000 hotplug_avg_load_dw: 101
E/MP-Decision( 2240): UP cpu:1 core_idx:1 Nw:1.900000 Tw:140 rq:3.500000 seq:0.000000
E/MP-Decision( 2240): UP cpu:2 core_idx:2 Nw:2.700000 Tw:90 rq:3.500000 seq:135.000000
E/MP-Decision( 2240): UP cpu:3 core_idx:3 Nw:3.500000 Tw:90 rq:3.500000 seq:135.000000
E/MP-Decision( 2240): num online cores: 4 reqd : 3 available : 4 rq_depth:2.100000 hotplug_avg_load_dw: 204
E/MP-Decision( 2240): DOWN cpu:3 core_idx:3 Ns:3.100000 Ts:240 rq:2.100000 seq:241.000000
E/CscReceiver(13296): onReceive android.intent.action.SIM_STATE_CHANGED
E/CscFota (13296): CscFota update()
E/CscParser(13296): update(): xml file exist
E/CscFota (13296): no FOTA profiles in customer
E/MP-Decision( 2240): num online cores: 3 reqd : 4 available : 4 rq_depth:4.000000 hotplug_avg_load_dw: 204
E/MP-Decision( 2240): UP cpu:1 core_idx:1 Nw:1.900000 Tw:140 rq:4.000000 seq:0.000000
E/MP-Decision( 2240): UP cpu:2 core_idx:2 Nw:2.700000 Tw:90 rq:4.000000 seq:0.000000
E/MP-Decision( 2240): UP cpu:3 core_idx:3 Nw:3.500000 Tw:90 rq:4.000000 seq:98.000000
E/SBrowserContentProviderUtility(24337): userSerialNumber >>>>>>>>>>>>>>>>>>>>>>>>>>>>>>>>> 0
E/OperatorBookmarksSIMReceiver(24337): onReceive runs..android.intent.action.SIM_STATE_CHANGED
E/chromium(24337): [ERROR:net_util.cc(1819)] Not implemented reached in net::IPv6SupportResult net::(anonymous namespace)::TestIPv6SupportInternal()
E/chromium(24337): [ERROR:shell_integration_android.cc(12)] Not implemented reached in static ShellIntegration::DefaultWebClientSetPermission ShellIntegration::CanSetAsDefaultBrowser()
E/chromium(24337): [ERROR:browser_process_impl.cc(713)] Not implemented reached in virtual BackgroundModeManager* BrowserProcessImpl::background_mode_manager()
E/chromium(24337): [ERROR:chrome_browser_main_android.cc(130)] Not implemented reached in void RecordBreakpadStatusUMA(MetricsService*)
E/MP-Decision( 2240): num online cores: 4 reqd : 2 available : 4 rq_depth:2.100000 hotplug_avg_load_dw: 216
E/MP-Decision( 2240): DOWN cpu:3 core_idx:3 Ns:3.100000 Ts:240 rq:2.100000 seq:245.000000
E/MP-Decision( 2240): DOWN cpu:2 core_idx:2 Ns:2.100000 Ts:240 rq:2.100000 seq:245.000000
E/MP-Decision( 2240): num online cores: 2 reqd : 4 available : 4 rq_depth:4.000000 hotplug_avg_load_dw: 131
E/MP-Decision( 2240): UP cpu:1 core_idx:1 Nw:1.900000 Tw:140 rq:4.000000 seq:0.000000
E/MP-Decision( 2240): UP cpu:2 core_idx:2 Nw:2.700000 Tw:90 rq:4.000000 seq:98.000000
E/MP-Decision( 2240): UP cpu:3 core_idx:3 Nw:3.500000 Tw:90 rq:4.000000 seq:98.000000
E/ECS_EnterpriseContainerService(  812): getMountStatus() permission get it
E/ECS_EnterpriseContainerService(  812): getMountStatus() permission get it
E/SurfaceWidgetReflection( 2037): [123491/1] failed to invoke method
E/SurfaceWidgetReflection( 2037): java.lang.reflect.InvocationTargetException
E/SurfaceWidgetReflection( 2037): 	at java.lang.reflect.Method.invokeNative(Native Method)
E/SurfaceWidgetReflection( 2037): 	at java.lang.reflect.Method.invoke(Method.java:515)
E/SurfaceWidgetReflection( 2037): 	at com.samsung.surfacewidget.SurfaceWidgetReflection$MethodHelper.invoke(SurfaceWidgetReflection.java:315)
E/SurfaceWidgetReflection( 2037): 	at com.samsung.surfacewidget.SurfaceWidgetClient.destroyRootView(SurfaceWidgetClient.java:1189)
E/SurfaceWidgetReflection( 2037): 	at com.samsung.surfacewidget.SurfaceWidgetClient.setContentView(SurfaceWidgetClient.java:395)
E/SurfaceWidgetReflection( 2037): 	at com.samsung.android.widgetapp.briefing4x2.BriefingWidget.setContentView(BriefingWidget.java:107)
E/SurfaceWidgetReflection( 2037): 	at com.samsung.android.widgetapp.briefing4x2.BriefingSurfaceWidgetRenderer4x2.updateWidgetScreen(BriefingSurfaceWidgetRenderer4x2.java:126)
E/SurfaceWidgetReflection( 2037): 	at com.samsung.android.widgetapp.briefing4x2.BriefingWidget$1.run(BriefingWidget.java:145)
E/SurfaceWidgetReflection( 2037): 	at android.os.Handler.handleCallback(Handler.java:733)
E/SurfaceWidgetReflection( 2037): 	at android.os.Handler.dispatchMessage(Handler.java:95)
E/SurfaceWidgetReflection( 2037): 	at android.os.Looper.loop(Looper.java:157)
E/SurfaceWidgetReflection( 2037): 	at android.app.ActivityThread.main(ActivityThread.java:5356)
E/SurfaceWidgetReflection( 2037): 	at java.lang.reflect.Method.invokeNative(Native Method)
E/SurfaceWidgetReflection( 2037): 	at java.lang.reflect.Method.invoke(Method.java:515)
E/SurfaceWidgetReflection( 2037): 	at com.android.internal.os.ZygoteInit$MethodAndArgsCaller.run(ZygoteInit.java:1265)
E/SurfaceWidgetReflection( 2037): 	at com.android.internal.os.ZygoteInit.main(ZygoteInit.java:1081)
E/SurfaceWidgetReflection( 2037): 	at dalvik.system.NativeStart.main(Native Method)
E/SurfaceWidgetReflection( 2037): Caused by: java.lang.NullPointerException
E/SurfaceWidgetReflection( 2037): 	at android.view.ViewRootImpl.dispatchDetachedFromWindow(ViewRootImpl.java:3281)
E/SurfaceWidgetReflection( 2037): 	... 17 more
E/ECS_EnterpriseContainerService(  812): getMountStatus() permission get it
E/ECS_EnterpriseContainerService(  812): getMountStatus() permission get it
E/MP-Decision( 2240): num online cores: 4 reqd : 3 available : 4 rq_depth:2.200000 hotplug_avg_load_dw: 211
E/MP-Decision( 2240): DOWN cpu:3 core_idx:3 Ns:3.100000 Ts:240 rq:2.200000 seq:245.000000
E/ECS_EnterpriseContainerService(  812): getMountStatus() permission get it
E/ECS_EnterpriseContainerService(  812): getMountStatus() permission get it
E/ECS_EnterpriseContainerService(  812): getMountStatus() permission get it
E/ECS_EnterpriseContainerService(  812): getMountStatus() permission get it
E/MP-Decision( 2240): num online cores: 3 reqd : 4 available : 4 rq_depth:6.300000 hotplug_avg_load_dw: 188
E/MP-Decision( 2240): UP cpu:1 core_idx:1 Nw:1.900000 Tw:140 rq:6.300000 seq:0.000000
E/MP-Decision( 2240): UP cpu:2 core_idx:2 Nw:2.700000 Tw:90 rq:6.300000 seq:0.000000
E/MP-Decision( 2240): UP cpu:3 core_idx:3 Nw:3.500000 Tw:90 rq:6.300000 seq:98.000000
E/ECS_EnterpriseContainerService(  812): getMountStatus() permission get it
E/ECS_EnterpriseContainerService(  812): getMountStatus() permission get it
E/ECS_EnterpriseContainerService(  812): getMountStatus() permission get it
E/ECS_EnterpriseContainerService(  812): getMountStatus() permission get it
E/ECS_EnterpriseContainerService(  812): getMountStatus() permission get it
E/ECS_EnterpriseContainerService(  812): getMountStatus() permission get it
E/ECS_EnterpriseContainerService(  812): getMountStatus() permission get it
E/ECS_EnterpriseContainerService(  812): getMountStatus() permission get it
E/ECS_EnterpriseContainerService(  812): getMountStatus() permission get it
E/ECS_EnterpriseContainerService(  812): getMountStatus() permission get it
E/ECS_EnterpriseContainerService(  812): getMountStatus() permission get it
E/MP-Decision( 2240): num online cores: 4 reqd : 3 available : 4 rq_depth:1.000000 hotplug_avg_load_dw: 119
E/MP-Decision( 2240): DOWN cpu:3 core_idx:3 Ns:3.100000 Ts:240 rq:1.000000 seq:245.000000
E/MP-Decision( 2240): num online cores: 3 reqd : 2 available : 4 rq_depth:1.000000 hotplug_avg_load_dw: 72
E/MP-Decision( 2240): DOWN cpu:2 core_idx:2 Ns:2.100000 Ts:240 rq:1.000000 seq:245.000000
E/MP-Decision( 2240): num online cores: 2 reqd : 3 available : 4 rq_depth:6.900000 hotplug_avg_load_dw: 83
E/MP-Decision( 2240): UP cpu:1 core_idx:1 Nw:1.900000 Tw:140 rq:6.900000 seq:0.000000
E/MP-Decision( 2240): UP cpu:2 core_idx:2 Nw:2.700000 Tw:90 rq:6.900000 seq:98.000000
E/MP-Decision( 2240): num online cores: 3 reqd : 4 available : 4 rq_depth:4.700000 hotplug_avg_load_dw: 168
E/MP-Decision( 2240): UP cpu:1 core_idx:1 Nw:1.900000 Tw:140 rq:4.700000 seq:0.000000
E/MP-Decision( 2240): UP cpu:2 core_idx:2 Nw:2.700000 Tw:90 rq:4.700000 seq:0.000000
E/MP-Decision( 2240): UP cpu:3 core_idx:3 Nw:3.500000 Tw:90 rq:4.700000 seq:96.000000
E/MP-Decision( 2240): num online cores: 4 reqd : 3 available : 4 rq_depth:1.300000 hotplug_avg_load_dw: 173
E/MP-Decision( 2240): DOWN cpu:3 core_idx:3 Ns:3.100000 Ts:240 rq:1.300000 seq:246.000000
E/MP-Decision( 2240): num online cores: 3 reqd : 2 available : 4 rq_depth:1.000000 hotplug_avg_load_dw: 135
E/MP-Decision( 2240): DOWN cpu:2 core_idx:2 Ns:2.100000 Ts:240 rq:1.000000 seq:243.000000
E/MP-Decision( 2240): num online cores: 2 reqd : 3 available : 4 rq_depth:3.500000 hotplug_avg_load_dw: 110
E/MP-Decision( 2240): UP cpu:1 core_idx:1 Nw:1.900000 Tw:140 rq:3.500000 seq:0.000000
E/MP-Decision( 2240): UP cpu:2 core_idx:2 Nw:2.700000 Tw:90 rq:3.500000 seq:99.000000
E/MP-Decision( 2240): num online cores: 3 reqd : 4 available : 4 rq_depth:3.700000 hotplug_avg_load_dw: 186
E/MP-Decision( 2240): UP cpu:1 core_idx:1 Nw:1.900000 Tw:140 rq:3.700000 seq:0.000000
E/MP-Decision( 2240): UP cpu:2 core_idx:2 Nw:2.700000 Tw:90 rq:3.700000 seq:0.000000
E/MP-Decision( 2240): UP cpu:3 core_idx:3 Nw:3.500000 Tw:90 rq:3.700000 seq:97.000000
E/MP-Decision( 2240): num online cores: 4 reqd : 3 available : 4 rq_depth:1.500000 hotplug_avg_load_dw: 182
E/MP-Decision( 2240): DOWN cpu:3 core_idx:3 Ns:3.100000 Ts:240 rq:1.500000 seq:243.000000
E/MP-Decision( 2240): num online cores: 3 reqd : 2 available : 4 rq_depth:1.000000 hotplug_avg_load_dw: 142
E/MP-Decision( 2240): DOWN cpu:2 core_idx:2 Ns:2.100000 Ts:240 rq:1.000000 seq:242.000000
E/MP-Decision( 2240): num online cores: 2 reqd : 3 available : 4 rq_depth:2.700000 hotplug_avg_load_dw: 142
E/MP-Decision( 2240): UP cpu:1 core_idx:1 Nw:1.900000 Tw:140 rq:2.700000 seq:0.000000
E/MP-Decision( 2240): UP cpu:2 core_idx:2 Nw:2.700000 Tw:90 rq:2.700000 seq:98.000000
E/MP-Decision( 2240): num online cores: 3 reqd : 2 available : 4 rq_depth:1.100000 hotplug_avg_load_dw: 142
E/MP-Decision( 2240): DOWN cpu:2 core_idx:2 Ns:2.100000 Ts:240 rq:1.100000 seq:245.000000
E/MP-Decision( 2240): num online cores: 2 reqd : 4 available : 4 rq_depth:4.500000 hotplug_avg_load_dw: 81
E/MP-Decision( 2240): UP cpu:1 core_idx:1 Nw:1.900000 Tw:140 rq:4.500000 seq:0.000000
E/MP-Decision( 2240): UP cpu:2 core_idx:2 Nw:2.700000 Tw:90 rq:4.500000 seq:96.000000
E/MP-Decision( 2240): UP cpu:3 core_idx:3 Nw:3.500000 Tw:90 rq:4.500000 seq:96.000000
E/MP-Decision( 2240): num online cores: 4 reqd : 3 available : 4 rq_depth:1.000000 hotplug_avg_load_dw: 178
E/MP-Decision( 2240): DOWN cpu:3 core_idx:3 Ns:3.100000 Ts:240 rq:1.000000 seq:241.000000
E/MP-Decision( 2240): num online cores: 3 reqd : 2 available : 4 rq_depth:1.300000 hotplug_avg_load_dw: 144
E/MP-Decision( 2240): DOWN cpu:2 core_idx:2 Ns:2.100000 Ts:240 rq:1.300000 seq:242.000000
E/MP-Decision( 2240): num online cores: 2 reqd : 4 available : 4 rq_depth:5.200000 hotplug_avg_load_dw: 142
E/MP-Decision( 2240): UP cpu:1 core_idx:1 Nw:1.900000 Tw:140 rq:5.200000 seq:0.000000
E/MP-Decision( 2240): UP cpu:2 core_idx:2 Nw:2.700000 Tw:90 rq:5.200000 seq:98.000000
E/MP-Decision( 2240): UP cpu:3 core_idx:3 Nw:3.500000 Tw:90 rq:5.200000 seq:98.000000
E/SPPClientService(11602): [[SystemStateMonitorService]] SystemStateMonitorService : noConnect? : false
E/BadgeCache( 1629): 2. Do not updateBadgeCounts!!, multiple data for appIndex=2
E/cutils  (  256): Failed to mkdirat(/storage/extSdCard/Android): Read-only file system
E/cutils  (  256): Failed to mkdirat(/storage/extSdCard/Android): Read-only file system
E/MP-Decision( 2240): num online cores: 4 reqd : 3 available : 4 rq_depth:2.000000 hotplug_avg_load_dw: 179
E/MP-Decision( 2240): DOWN cpu:3 core_idx:3 Ns:3.100000 Ts:240 rq:2.000000 seq:245.000000
E/MP-Decision( 2240): num online cores: 3 reqd : 2 available : 4 rq_depth:2.000000 hotplug_avg_load_dw: 209
E/MP-Decision( 2240): DOWN cpu:2 core_idx:2 Ns:2.100000 Ts:240 rq:2.000000 seq:245.000000
E/MP-Decision( 2240): num online cores: 2 reqd : 4 available : 4 rq_depth:5.000000 hotplug_avg_load_dw: 120
E/MP-Decision( 2240): UP cpu:1 core_idx:1 Nw:1.900000 Tw:140 rq:5.000000 seq:0.000000
E/MP-Decision( 2240): UP cpu:2 core_idx:2 Nw:2.700000 Tw:90 rq:5.000000 seq:98.000000
E/MP-Decision( 2240): UP cpu:3 core_idx:3 Nw:3.500000 Tw:90 rq:5.000000 seq:98.000000
E/MP-Decision( 2240): num online cores: 4 reqd : 3 available : 4 rq_depth:2.300000 hotplug_avg_load_dw: 194
E/MP-Decision( 2240): DOWN cpu:3 core_idx:3 Ns:3.100000 Ts:240 rq:2.300000 seq:245.000000
E/NEXPLAYER_JNI(24808): [nexplayer_jni 5140] cacheIds Ended
E/NEXPLAYER_JNI(24808): getNexALFactoryContext 0x6DC1A350
E/MP-Decision( 2240): num online cores: 3 reqd : 2 available : 4 rq_depth:1.700000 hotplug_avg_load_dw: 163
E/MP-Decision( 2240): DOWN cpu:2 core_idx:2 Ns:2.100000 Ts:240 rq:1.700000 seq:245.000000
E/MP-Decision( 2240): num online cores: 2 reqd : 4 available : 4 rq_depth:5.300000 hotplug_avg_load_dw: 142
E/MP-Decision( 2240): UP cpu:1 core_idx:1 Nw:1.900000 Tw:140 rq:5.300000 seq:0.000000
E/MP-Decision( 2240): UP cpu:2 core_idx:2 Nw:2.700000 Tw:90 rq:5.300000 seq:95.000000
E/MP-Decision( 2240): UP cpu:3 core_idx:3 Nw:3.500000 Tw:90 rq:5.300000 seq:95.000000
E/MP-Decision( 2240): num online cores: 4 reqd : 3 available : 4 rq_depth:2.000000 hotplug_avg_load_dw: 216
E/MP-Decision( 2240): DOWN cpu:3 core_idx:3 Ns:3.100000 Ts:240 rq:2.000000 seq:243.000000
E/MP-Decision( 2240): num online cores: 3 reqd : 4 available : 4 rq_depth:5.300000 hotplug_avg_load_dw: 198
E/MP-Decision( 2240): UP cpu:1 core_idx:1 Nw:1.900000 Tw:140 rq:5.300000 seq:0.000000
E/MP-Decision( 2240): UP cpu:2 core_idx:2 Nw:2.700000 Tw:90 rq:5.300000 seq:0.000000
E/MP-Decision( 2240): UP cpu:3 core_idx:3 Nw:3.500000 Tw:90 rq:5.300000 seq:97.000000
E/BadgeCache( 1629): 2. Do not updateBadgeCounts!!, multiple data for appIndex=2
E/OpenGLRenderer(28776): SFEffectCache:clear(), mSize = 0
E/cutils  (  256): Failed to mkdirat(/storage/extSdCard/Android): Read-only file system
E/kickstart(  990): EVENT: Received 48 bytes
E/kickstart(  990): EVENT: RECEIVED <-- SAHARA_HELLO
E/kickstart(  990): EVENT: SENDING --> SAHARA_HELLO_RESPONSE
E/kickstart(  990): EVENT: sahara_mode                         = 2
E/kickstart(  990): EVENT: m_comm->sahara_hello_packet_rx.mode = 2
E/kickstart(  990): EVENT: helloRx.mode                        = 2
E/kickstart(  990): Wrote to /sys/power/wake_lock
E/kickstart(  990): EVENT: Waiting for data to read
E/kickstart(  990): EVENT: Data available to read
E/kickstart(  990): EVENT: Received 16 bytes
E/kickstart(  990): EVENT: RECEIVED <-- SAHARA_MEMORY_DEBUG
E/kickstart(  990): EVENT: SENDING --> SAHARA_MEMORY_READ
E/kickstart(  990): EVENT: Sent SAHARA_MEMORY_READ, address 41506290, length 52
E/kickstart(  990): EVENT: Waiting for data to read
E/kickstart(  990): EVENT: Data available to read
E/kickstart(  990): EVENT: Received 52 bytes
E/kickstart(  990): EVENT: 0x46980000, len=000C0000, "m9kefs1", ""
E/kickstart(  990): EVENT: STATE <-- SAHARA_WAIT_MEMORY_REGION
E/kickstart(  990): EVENT: Saving "/dev/block/platform/msm_sdcc.1/by-name/m9kefs1"
E/kickstart(  990): EVENT: SENDING --> SAHARA_MEMORY_READ
E/kickstart(  990): EVENT: Sent SAHARA_MEMORY_READ, address 46980000, length 786432
E/kickstart(  990): EVENT: Waiting for data to read
E/kickstart(  990): EVENT: Data available to read
E/kickstart(  990): EVENT: Received 65536 bytes
E/kickstart(  990): EVENT: Waiting for data to read
E/kickstart(  990): EVENT: Data available to read
E/kickstart(  990): EVENT: Received 65536 bytes
E/kickstart(  990): EVENT: Waiting for data to read
E/kickstart(  990): EVENT: Data available to read
E/kickstart(  990): EVENT: Received 65536 bytes
E/kickstart(  990): EVENT: Waiting for data to read
E/kickstart(  990): EVENT: Data available to read
E/kickstart(  990): EVENT: Received 65536 bytes
E/kickstart(  990): EVENT: Waiting for data to read
E/kickstart(  990): EVENT: Data available to read
E/kickstart(  990): EVENT: Received 65536 bytes
E/kickstart(  990): EVENT: Waiting for data to read
E/kickstart(  990): EVENT: Data available to read
E/kickstart(  990): EVENT: Received 65536 bytes
E/kickstart(  990): EVENT: Waiting for data to read
E/kickstart(  990): EVENT: Data available to read
E/kickstart(  990): EVENT: Received 81920 bytes
E/kickstart(  990): EVENT: Waiting for data to read
E/kickstart(  990): EVENT: Data available to read
E/kickstart(  990): EVENT: Received 49152 bytes
E/kickstart(  990): EVENT: Waiting for data to read
E/kickstart(  990): EVENT: Data available to read
E/kickstart(  990): EVENT: Received 81920 bytes
E/kickstart(  990): EVENT: Waiting for data to read
E/kickstart(  990): EVENT: Data available to read
E/kickstart(  990): EVENT: Received 49152 bytes
E/kickstart(  990): EVENT: Waiting for data to read
E/kickstart(  990): EVENT: Data available to read
E/kickstart(  990): EVENT: Received 81920 bytes
E/kickstart(  990): EVENT: Waiting for data to read
E/kickstart(  990): EVENT: Data available to read
E/kickstart(  990): EVENT: Received 49152 bytes
E/kickstart(  990): EVENT: Received: 786432 bytes
E/kickstart(  990): EVENT: Writing to disk
E/kickstart(  990): EVENT: Successfully wrote to disk
E/kickstart(  990): Received file "/dev/block/platform/msm_sdcc.1/by-name/m9kefs1"
E/kickstart(  990): 786432 bytes transferred in 0.135s (5.55 MBps)
E/kickstart(  990): EVENT: num_debug_entries not >=0
E/kickstart(  990): Successfully downloaded files from target 
E/kickstart(  990): EVENT: SENDING --> SAHARA_RESET
E/kickstart(  990): Wrote to /sys/power/wake_unlock
E/kickstart(  990): EVENT: Waiting for data to read
E/kickstart(  990): EVENT: Data available to read
E/kickstart(  990): EVENT: Received 8 bytes
E/kickstart(  990): EVENT: RECEIVED <-- SAHARA_RESET_RESP
E/kickstart(  990): Sahara protocol completed
E/kickstart(  990): EVENT: STATE <-- SAHARA_WAIT_HELLO
E/kickstart(  990): EVENT: Waiting for data to read
E/kickstart(  990): EVENT: Data available to read
E/MP-Decision( 2240): num online cores: 4 reqd : 3 available : 4 rq_depth:2.000000 hotplug_avg_load_dw: 240
E/MP-Decision( 2240): DOWN cpu:3 core_idx:3 Ns:3.100000 Ts:240 rq:2.000000 seq:245.000000
E/MP-Decision( 2240): num online cores: 3 reqd : 2 available : 4 rq_depth:1.900000 hotplug_avg_load_dw: 179
E/MP-Decision( 2240): DOWN cpu:2 core_idx:2 Ns:2.100000 Ts:240 rq:1.900000 seq:245.000000
E/MP-Decision( 2240): num online cores: 2 reqd : 4 available : 4 rq_depth:4.500000 hotplug_avg_load_dw: 137
E/MP-Decision( 2240): UP cpu:1 core_idx:1 Nw:1.900000 Tw:140 rq:4.500000 seq:0.000000
E/MP-Decision( 2240): UP cpu:2 core_idx:2 Nw:2.700000 Tw:90 rq:4.500000 seq:95.000000
E/MP-Decision( 2240): UP cpu:3 core_idx:3 Nw:3.500000 Tw:90 rq:4.500000 seq:95.000000
E/MP-Decision( 2240): num online cores: 4 reqd : 3 available : 4 rq_depth:1.900000 hotplug_avg_load_dw: 197
E/MP-Decision( 2240): DOWN cpu:3 core_idx:3 Ns:3.100000 Ts:240 rq:1.900000 seq:241.000000
E/MP-Decision( 2240): num online cores: 3 reqd : 2 available : 4 rq_depth:2.100000 hotplug_avg_load_dw: 134
E/MP-Decision( 2240): DOWN cpu:2 core_idx:2 Ns:2.100000 Ts:240 rq:2.100000 seq:241.000000
E/MP-Decision( 2240): num online cores: 2 reqd : 4 available : 4 rq_depth:4.000000 hotplug_avg_load_dw: 142
E/MP-Decision( 2240): UP cpu:1 core_idx:1 Nw:1.900000 Tw:140 rq:4.000000 seq:0.000000
E/MP-Decision( 2240): UP cpu:2 core_idx:2 Nw:2.700000 Tw:90 rq:4.000000 seq:98.000000
E/MP-Decision( 2240): UP cpu:3 core_idx:3 Nw:3.500000 Tw:90 rq:4.000000 seq:98.000000
E/MP-Decision( 2240): num online cores: 4 reqd : 3 available : 4 rq_depth:2.200000 hotplug_avg_load_dw: 222
E/MP-Decision( 2240): DOWN cpu:3 core_idx:3 Ns:3.100000 Ts:240 rq:2.200000 seq:245.000000
E/MP-Decision( 2240): num online cores: 3 reqd : 2 available : 4 rq_depth:1.000000 hotplug_avg_load_dw: 154
E/MP-Decision( 2240): DOWN cpu:2 core_idx:2 Ns:2.100000 Ts:240 rq:1.000000 seq:242.000000
E/SPPClientService(11602): [[SystemStateMonitorService]] SystemStateMonitorService : noConnect? : false
E/MP-Decision( 2240): num online cores: 2 reqd : 4 available : 4 rq_depth:7.300000 hotplug_avg_load_dw: 142
E/MP-Decision( 2240): UP cpu:1 core_idx:1 Nw:1.900000 Tw:140 rq:7.300000 seq:0.000000
E/MP-Decision( 2240): UP cpu:2 core_idx:2 Nw:2.700000 Tw:90 rq:7.300000 seq:98.000000
E/MP-Decision( 2240): UP cpu:3 core_idx:3 Nw:3.500000 Tw:90 rq:7.300000 seq:98.000000
E/cutils  (  256): Failed to mkdirat(/storage/extSdCard/Android): Read-only file system
E/cutils  (  256): Failed to mkdirat(/storage/extSdCard/Android): Read-only file system
E/MP-Decision( 2240): num online cores: 4 reqd : 3 available : 4 rq_depth:1.300000 hotplug_avg_load_dw: 136
E/MP-Decision( 2240): DOWN cpu:3 core_idx:3 Ns:3.100000 Ts:240 rq:1.300000 seq:245.000000
E/NEXPLAYER_JNI(25165): [nexplayer_jni 5140] cacheIds Ended
E/NEXPLAYER_JNI(25165): getNexALFactoryContext 0x6DC19680
E/Watchdog(  812): !@Sync 6336
E/MP-Decision( 2240): num online cores: 3 reqd : 4 available : 4 rq_depth:6.200000 hotplug_avg_load_dw: 157
E/MP-Decision( 2240): UP cpu:1 core_idx:1 Nw:1.900000 Tw:140 rq:6.200000 seq:0.000000
E/MP-Decision( 2240): UP cpu:2 core_idx:2 Nw:2.700000 Tw:90 rq:6.200000 seq:0.000000
E/MP-Decision( 2240): UP cpu:3 core_idx:3 Nw:3.500000 Tw:90 rq:6.200000 seq:98.000000
E/OpenGLRenderer(28776): SFEffectCache:clear(), mSize = 0
E/ECS_EnterpriseContainerService(  812): getMountStatus() permission get it
E/ECS_EnterpriseContainerService(  812): getMountStatus() permission get it
E/ECS_EnterpriseContainerService(  812): getMountStatus() permission get it
E/ECS_EnterpriseContainerService(  812): getMountStatus() permission get it
E/ECS_EnterpriseContainerService(  812): getMountStatus() permission get it
E/ECS_EnterpriseContainerService(  812): getMountStatus() permission get it
E/cutils  (  256): Failed to mkdirat(/storage/extSdCard/Android): Read-only file system
E/ECS_EnterpriseContainerService(  812): getMountStatus() permission get it
E/ECS_EnterpriseContainerService(  812): getMountStatus() permission get it
E/ECS_EnterpriseContainerService(  812): getMountStatus() permission get it
E/ECS_EnterpriseContainerService(  812): getMountStatus() permission get it
E/ECS_EnterpriseContainerService(  812): getMountStatus() permission get it
E/Sensors (  812): Acc old sensor_state 0, new sensor_state : 1 en : 1
E/cutils  (  256): Failed to mkdirat(/storage/extSdCard/Android): Read-only file system
E/cutils  (  256): Failed to mkdirat(/storage/extSdCard/Android): Read-only file system
E/ECS_EnterpriseContainerService(  812): getMountStatus() permission get it
E/ECS_EnterpriseContainerService(  812): getMountStatus() permission get it
E/ECS_EnterpriseContainerService(  812): getMountStatus() permission get it
E/cutils  (  256): Failed to mkdirat(/storage/extSdCard/Android): Read-only file system
E/Sensors (  812): Acc old sensor_state 1, new sensor_state : 0 en : 0
E/MP-Decision( 2240): num online cores: 4 reqd : 2 available : 4 rq_depth:1.400000 hotplug_avg_load_dw: 98
E/MP-Decision( 2240): DOWN cpu:3 core_idx:3 Ns:3.100000 Ts:240 rq:1.400000 seq:245.000000
E/MP-Decision( 2240): DOWN cpu:2 core_idx:2 Ns:2.100000 Ts:240 rq:1.400000 seq:245.000000
E/MP-Decision( 2240): num online cores: 2 reqd : 3 available : 4 rq_depth:5.500000 hotplug_avg_load_dw: 86
E/MP-Decision( 2240): UP cpu:1 core_idx:1 Nw:1.900000 Tw:140 rq:5.500000 seq:0.000000
E/MP-Decision( 2240): UP cpu:2 core_idx:2 Nw:2.700000 Tw:90 rq:5.500000 seq:91.000000
E/OpenGLRenderer(20945): SFEffectCache:clear(), mSize = 0
