E/MP-Decision( 2240): num online cores: 3 reqd : 4 available : 4 rq_depth:5.100000 hotplug_avg_load_dw: 154
E/MP-Decision( 2240): UP cpu:1 core_idx:1 Nw:1.900000 Tw:140 rq:5.100000 seq:0.000000
E/MP-Decision( 2240): UP cpu:2 core_idx:2 Nw:2.700000 Tw:90 rq:5.100000 seq:0.000000
E/MP-Decision( 2240): UP cpu:3 core_idx:3 Nw:3.500000 Tw:90 rq:5.100000 seq:98.000000
E/MP-Decision( 2240): num online cores: 4 reqd : 3 available : 4 rq_depth:2.300000 hotplug_avg_load_dw: 159
E/MP-Decision( 2240): DOWN cpu:3 core_idx:3 Ns:3.100000 Ts:240 rq:2.300000 seq:245.000000
E/ECS_EnterpriseContainerService(  812): getMountStatus() permission get it
E/ECS_EnterpriseContainerService(  812): getMountStatus() permission get it
E/ECS_EnterpriseContainerService(  812): getMountStatus() permission get it
E/ECS_EnterpriseContainerService(  812): getMountStatus() permission get it
E/MP-Decision( 2240): num online cores: 3 reqd : 4 available : 4 rq_depth:4.800000 hotplug_avg_load_dw: 167
E/MP-Decision( 2240): UP cpu:1 core_idx:1 Nw:1.900000 Tw:140 rq:4.800000 seq:0.000000
E/MP-Decision( 2240): UP cpu:2 core_idx:2 Nw:2.700000 Tw:90 rq:4.800000 seq:0.000000
E/MP-Decision( 2240): UP cpu:3 core_idx:3 Nw:3.500000 Tw:90 rq:4.800000 seq:98.000000
E/ECS_EnterpriseContainerService(  812): getMountStatus() permission get it
E/ECS_EnterpriseContainerService(  812): getMountStatus() permission get it
E/ECS_EnterpriseContainerService(  812): getMountStatus() permission get it
E/RecentsPanelView( 1288): package not found
E/ECS_EnterpriseContainerService(  812): getMountStatus() permission get it
E/ECS_EnterpriseContainerService(  812): getMountStatus() permission get it
E/ECS_EnterpriseContainerService(  812): getMountStatus() permission get it
E/ECS_EnterpriseContainerService(  812): getMountStatus() permission get it
E/ECS_EnterpriseContainerService(  812): getMountStatus() permission get it
E/ECS_EnterpriseContainerService(  812): getMountStatus() permission get it
E/ECS_EnterpriseContainerService(  812): getMountStatus() permission get it
E/ECS_EnterpriseContainerService(  812): getMountStatus() permission get it
E/ECS_EnterpriseContainerService(  812): getMountStatus() permission get it
E/ECS_EnterpriseContainerService(  812): getMountStatus() permission get it
E/ECS_EnterpriseContainerService(  812): getMountStatus() permission get it
E/ECS_EnterpriseContainerService(  812): getMountStatus() permission get it
E/ECS_EnterpriseContainerService(  812): getMountStatus() permission get it
E/ECS_EnterpriseContainerService(  812): getMountStatus() permission get it
E/ECS_EnterpriseContainerService(  812): getMountStatus() permission get it
E/ECS_EnterpriseContainerService(  812): getMountStatus() permission get it
E/ECS_EnterpriseContainerService(  812): getMountStatus() permission get it
E/ECS_EnterpriseContainerService(  812): getMountStatus() permission get it
E/ECS_EnterpriseContainerService(  812): getMountStatus() permission get it
E/ECS_EnterpriseContainerService(  812): getMountStatus() permission get it
E/ECS_EnterpriseContainerService(  812): getMountStatus() permission get it
E/ECS_EnterpriseContainerService(  812): getMountStatus() permission get it
E/ECS_EnterpriseContainerService(  812): getMountStatus() permission get it
E/ECS_EnterpriseContainerService(  812): getMountStatus() permission get it
E/ECS_EnterpriseContainerService(  812): getMountStatus() permission get it
E/ECS_EnterpriseContainerService(  812): getMountStatus() permission get it
E/ECS_EnterpriseContainerService(  812): getMountStatus() permission get it
E/ECS_EnterpriseContainerService(  812): getMountStatus() permission get it
E/ECS_EnterpriseContainerService(  812): getMountStatus() permission get it
E/ECS_EnterpriseContainerService(  812): getMountStatus() permission get it
E/ECS_EnterpriseContainerService(  812): getMountStatus() permission get it
E/ECS_EnterpriseContainerService(  812): getMountStatus() permission get it
E/ECS_EnterpriseContainerService(  812): getMountStatus() permission get it
E/ECS_EnterpriseContainerService(  812): getMountStatus() permission get it
E/ECS_EnterpriseContainerService(  812): getMountStatus() permission get it
E/ECS_EnterpriseContainerService(  812): getMountStatus() permission get it
E/ECS_EnterpriseContainerService(  812): getMountStatus() permission get it
E/ECS_EnterpriseContainerService(  812): getMountStatus() permission get it
E/ECS_EnterpriseContainerService(  812): getMountStatus() permission get it
E/ECS_EnterpriseContainerService(  812): getMountStatus() permission get it
E/ECS_EnterpriseContainerService(  812): getMountStatus() permission get it
E/ECS_EnterpriseContainerService(  812): getMountStatus() permission get it
E/ECS_EnterpriseContainerService(  812): getMountStatus() permission get it
E/ECS_EnterpriseContainerService(  812): getMountStatus() permission get it
E/ECS_EnterpriseContainerService(  812): getMountStatus() permission get it
E/ECS_EnterpriseContainerService(  812): getMountStatus() permission get it
E/ECS_EnterpriseContainerService(  812): getMountStatus() permission get it
E/ECS_EnterpriseContainerService(  812): getMountStatus() permission get it
E/OpenGLRenderer( 1629): SFEffectCache:clear(), mSize = 0
E/ECS_EnterpriseContainerService(  812): getMountStatus() permission get it
E/ECS_EnterpriseContainerService(  812): getMountStatus() permission get it
E/ECS_EnterpriseContainerService(  812): getMountStatus() permission get it
E/ECS_EnterpriseContainerService(  812): getMountStatus() permission get it
E/ECS_EnterpriseContainerService(  812): getMountStatus() permission get it
E/ECS_EnterpriseContainerService(  812): getMountStatus() permission get it
E/ECS_EnterpriseContainerService(  812): getMountStatus() permission get it
E/ECS_EnterpriseContainerService(  812): getMountStatus() permission get it
E/ECS_EnterpriseContainerService(  812): getMountStatus() permission get it
E/ECS_EnterpriseContainerService(  812): getMountStatus() permission get it
E/ECS_EnterpriseContainerService(  812): getMountStatus() permission get it
E/SurfaceWidgetReflection( 2037): [123491/1] failed to invoke method
E/SurfaceWidgetReflection( 2037): java.lang.reflect.InvocationTargetException
E/SurfaceWidgetReflection( 2037): 	at java.lang.reflect.Method.invokeNative(Native Method)
E/SurfaceWidgetReflection( 2037): 	at java.lang.reflect.Method.invoke(Method.java:515)
E/SurfaceWidgetReflection( 2037): 	at com.samsung.surfacewidget.SurfaceWidgetReflection$MethodHelper.invoke(SurfaceWidgetReflection.java:315)
E/SurfaceWidgetReflection( 2037): 	at com.samsung.surfacewidget.SurfaceWidgetClient.destroyRootView(SurfaceWidgetClient.java:1189)
E/SurfaceWidgetReflection( 2037): 	at com.samsung.surfacewidget.SurfaceWidgetClient.setContentView(SurfaceWidgetClient.java:395)
E/SurfaceWidgetReflection( 2037): 	at com.samsung.android.widgetapp.briefing4x2.BriefingWidget.setContentView(BriefingWidget.java:107)
E/SurfaceWidgetReflection( 2037): 	at com.samsung.android.widgetapp.briefing4x2.BriefingSurfaceWidgetRenderer4x2.updateWidgetScreen(BriefingSurfaceWidgetRenderer4x2.java:126)
E/SurfaceWidgetReflection( 2037): 	at com.samsung.android.widgetapp.briefing4x2.BriefingWidget$1.run(BriefingWidget.java:145)
E/SurfaceWidgetReflection( 2037): 	at android.os.Handler.handleCallback(Handler.java:733)
E/SurfaceWidgetReflection( 2037): 	at android.os.Handler.dispatchMessage(Handler.java:95)
E/SurfaceWidgetReflection( 2037): 	at android.os.Looper.loop(Looper.java:157)
E/SurfaceWidgetReflection( 2037): 	at android.app.ActivityThread.main(ActivityThread.java:5356)
E/SurfaceWidgetReflection( 2037): 	at java.lang.reflect.Method.invokeNative(Native Method)
E/SurfaceWidgetReflection( 2037): 	at java.lang.reflect.Method.invoke(Method.java:515)
E/SurfaceWidgetReflection( 2037): 	at com.android.internal.os.ZygoteInit$MethodAndArgsCaller.run(ZygoteInit.java:1265)
E/SurfaceWidgetReflection( 2037): 	at com.android.internal.os.ZygoteInit.main(ZygoteInit.java:1081)
E/SurfaceWidgetReflection( 2037): 	at dalvik.system.NativeStart.main(Native Method)
E/SurfaceWidgetReflection( 2037): Caused by: java.lang.NullPointerException
E/SurfaceWidgetReflection( 2037): 	at android.view.ViewRootImpl.dispatchDetachedFromWindow(ViewRootImpl.java:3281)
E/SurfaceWidgetReflection( 2037): 	... 17 more
E/ECS_EnterpriseContainerService(  812): getMountStatus() permission get it
E/ECS_EnterpriseContainerService(  812): getMountStatus() permission get it
E/ECS_EnterpriseContainerService(  812): getMountStatus() permission get it
E/ECS_EnterpriseContainerService(  812): getMountStatus() permission get it
E/ECS_EnterpriseContainerService(  812): getMountStatus() permission get it
E/ECS_EnterpriseContainerService(  812): getMountStatus() permission get it
E/ECS_EnterpriseContainerService(  812): getMountStatus() permission get it
E/AndroidProtocolHandler(20945): Unable to open asset URL: file:///android_asset/www/css/bootstrap.css
E/AndroidProtocolHandler(20945): Unable to open asset URL: file:///android_asset/www/css/bootstrap-theme.css
E/ECS_EnterpriseContainerService(  812): getMountStatus() permission get it
E/ECS_EnterpriseContainerService(  812): getMountStatus() permission get it
E/ECS_EnterpriseContainerService(  812): getMountStatus() permission get it
E/ECS_EnterpriseContainerService(  812): getMountStatus() permission get it
E/ECS_EnterpriseContainerService(  812): getMountStatus() permission get it
E/ECS_EnterpriseContainerService(  812): getMountStatus() permission get it
E/ECS_EnterpriseContainerService(  812): getMountStatus() permission get it
E/ECS_EnterpriseContainerService(  812): getMountStatus() permission get it
E/ECS_EnterpriseContainerService(  812): getMountStatus() permission get it
E/ECS_EnterpriseContainerService(  812): getMountStatus() permission get it
E/ECS_EnterpriseContainerService(  812): getMountStatus() permission get it
E/ECS_EnterpriseContainerService(  812): getMountStatus() permission get it
E/ECS_EnterpriseContainerService(  812): getMountStatus() permission get it
E/ECS_EnterpriseContainerService(  812): getMountStatus() permission get it
E/MP-Decision( 2240): num online cores: 4 reqd : 3 available : 4 rq_depth:1.000000 hotplug_avg_load_dw: 93
E/MP-Decision( 2240): DOWN cpu:3 core_idx:3 Ns:3.100000 Ts:240 rq:1.000000 seq:245.000000
E/MP-Decision( 2240): num online cores: 3 reqd : 2 available : 4 rq_depth:1.000000 hotplug_avg_load_dw: 81
E/MP-Decision( 2240): DOWN cpu:2 core_idx:2 Ns:2.100000 Ts:240 rq:1.000000 seq:241.000000
E/MP-Decision( 2240): num online cores: 2 reqd : 4 available : 4 rq_depth:4.700000 hotplug_avg_load_dw: 104
E/MP-Decision( 2240): UP cpu:1 core_idx:1 Nw:1.900000 Tw:140 rq:4.700000 seq:0.000000
E/MP-Decision( 2240): UP cpu:2 core_idx:2 Nw:2.700000 Tw:90 rq:4.700000 seq:98.000000
E/MP-Decision( 2240): UP cpu:3 core_idx:3 Nw:3.500000 Tw:90 rq:4.700000 seq:98.000000
E/kickstart(  990): EVENT: Received 48 bytes
E/kickstart(  990): EVENT: RECEIVED <-- SAHARA_HELLO
E/kickstart(  990): EVENT: SENDING --> SAHARA_HELLO_RESPONSE
E/kickstart(  990): EVENT: sahara_mode                         = 2
E/kickstart(  990): EVENT: m_comm->sahara_hello_packet_rx.mode = 2
E/kickstart(  990): EVENT: helloRx.mode                        = 2
E/kickstart(  990): Wrote to /sys/power/wake_lock
E/kickstart(  990): EVENT: Waiting for data to read
E/kickstart(  990): EVENT: Data available to read
E/kickstart(  990): EVENT: Received 16 bytes
E/kickstart(  990): EVENT: RECEIVED <-- SAHARA_MEMORY_DEBUG
E/kickstart(  990): EVENT: SENDING --> SAHARA_MEMORY_READ
E/kickstart(  990): EVENT: Sent SAHARA_MEMORY_READ, address 41506290, length 52
E/kickstart(  990): EVENT: Waiting for data to read
E/kickstart(  990): EVENT: Data available to read
E/kickstart(  990): EVENT: Received 52 bytes
E/kickstart(  990): EVENT: 0x46980000, len=000C0000, "m9kefs2", ""
E/kickstart(  990): EVENT: STATE <-- SAHARA_WAIT_MEMORY_REGION
E/kickstart(  990): EVENT: Saving "/dev/block/platform/msm_sdcc.1/by-name/m9kefs2"
E/kickstart(  990): EVENT: SENDING --> SAHARA_MEMORY_READ
E/kickstart(  990): EVENT: Sent SAHARA_MEMORY_READ, address 46980000, length 786432
E/kickstart(  990): EVENT: Waiting for data to read
E/kickstart(  990): EVENT: Data available to read
E/kickstart(  990): EVENT: Received 16384 bytes
E/kickstart(  990): EVENT: Waiting for data to read
E/kickstart(  990): EVENT: Data available to read
E/kickstart(  990): EVENT: Received 81920 bytes
E/kickstart(  990): EVENT: Waiting for data to read
E/kickstart(  990): EVENT: Data available to read
E/kickstart(  990): EVENT: Received 81920 bytes
E/kickstart(  990): EVENT: Waiting for data to read
E/kickstart(  990): EVENT: Data available to read
E/kickstart(  990): EVENT: Received 65536 bytes
E/kickstart(  990): EVENT: Waiting for data to read
E/kickstart(  990): EVENT: Data available to read
E/kickstart(  990): EVENT: Received 81920 bytes
E/kickstart(  990): EVENT: Waiting for data to read
E/kickstart(  990): EVENT: Data available to read
E/kickstart(  990): EVENT: Received 65536 bytes
E/kickstart(  990): EVENT: Waiting for data to read
E/kickstart(  990): EVENT: Data available to read
E/kickstart(  990): EVENT: Received 65536 bytes
E/kickstart(  990): EVENT: Waiting for data to read
E/kickstart(  990): EVENT: Data available to read
E/kickstart(  990): EVENT: Received 81920 bytes
E/kickstart(  990): EVENT: Waiting for data to read
E/kickstart(  990): EVENT: Data available to read
E/kickstart(  990): EVENT: Received 65536 bytes
E/kickstart(  990): EVENT: Waiting for data to read
E/kickstart(  990): EVENT: Data available to read
E/kickstart(  990): EVENT: Received 81920 bytes
E/kickstart(  990): EVENT: Waiting for data to read
E/kickstart(  990): EVENT: Data available to read
E/kickstart(  990): EVENT: Received 65536 bytes
E/kickstart(  990): EVENT: Waiting for data to read
E/kickstart(  990): EVENT: Data available to read
E/kickstart(  990): EVENT: Received 32768 bytes
E/kickstart(  990): EVENT: Received: 786432 bytes
E/kickstart(  990): EVENT: Writing to disk
E/kickstart(  990): EVENT: Successfully wrote to disk
E/kickstart(  990): Received file "/dev/block/platform/msm_sdcc.1/by-name/m9kefs2"
E/kickstart(  990): 786432 bytes transferred in 0.094s (7.95 MBps)
E/kickstart(  990): EVENT: num_debug_entries not >=0
E/kickstart(  990): Successfully downloaded files from target 
E/kickstart(  990): EVENT: SENDING --> SAHARA_RESET
E/kickstart(  990): Wrote to /sys/power/wake_unlock
E/kickstart(  990): EVENT: Waiting for data to read
E/kickstart(  990): EVENT: Data available to read
E/kickstart(  990): EVENT: Received 8 bytes
E/kickstart(  990): EVENT: RECEIVED <-- SAHARA_RESET_RESP
E/kickstart(  990): Sahara protocol completed
E/kickstart(  990): EVENT: STATE <-- SAHARA_WAIT_HELLO
E/kickstart(  990): EVENT: Waiting for data to read
E/kickstart(  990): EVENT: Data available to read
E/MP-Decision( 2240): num online cores: 4 reqd : 3 available : 4 rq_depth:1.900000 hotplug_avg_load_dw: 147
E/MP-Decision( 2240): DOWN cpu:3 core_idx:3 Ns:3.100000 Ts:240 rq:1.900000 seq:245.000000
E/MP-Decision( 2240): num online cores: 3 reqd : 2 available : 4 rq_depth:1.000000 hotplug_avg_load_dw: 72
E/MP-Decision( 2240): DOWN cpu:2 core_idx:2 Ns:2.100000 Ts:240 rq:1.000000 seq:245.000000
E/MP-Decision( 2240): num online cores: 2 reqd : 3 available : 4 rq_depth:2.900000 hotplug_avg_load_dw: 85
E/MP-Decision( 2240): UP cpu:1 core_idx:1 Nw:1.900000 Tw:140 rq:2.900000 seq:0.000000
E/MP-Decision( 2240): UP cpu:2 core_idx:2 Nw:2.700000 Tw:90 rq:2.900000 seq:98.000000
E/MP-Decision( 2240): num online cores: 3 reqd : 2 available : 4 rq_depth:1.000000 hotplug_avg_load_dw: 121
E/MP-Decision( 2240): DOWN cpu:2 core_idx:2 Ns:2.100000 Ts:240 rq:1.000000 seq:245.000000
E/ECS_EnterpriseContainerService(  812): getMountStatus() permission get it
E/MP-Decision( 2240): num online cores: 2 reqd : 4 available : 4 rq_depth:6.300000 hotplug_avg_load_dw: 101
E/MP-Decision( 2240): UP cpu:1 core_idx:1 Nw:1.900000 Tw:140 rq:6.300000 seq:0.000000
E/MP-Decision( 2240): UP cpu:2 core_idx:2 Nw:2.700000 Tw:90 rq:6.300000 seq:98.000000
E/MP-Decision( 2240): UP cpu:3 core_idx:3 Nw:3.500000 Tw:90 rq:6.300000 seq:98.000000
E/ECS_EnterpriseContainerService(  812): getMountStatus() permission get it
E/ECS_EnterpriseContainerService(  812): getMountStatus() permission get it
E/ECS_EnterpriseContainerService(  812): getMountStatus() permission get it
E/ECS_EnterpriseContainerService(  812): getMountStatus() permission get it
E/ECS_EnterpriseContainerService(  812): getMountStatus() permission get it
E/ECS_EnterpriseContainerService(  812): getMountStatus() permission get it
E/ECS_EnterpriseContainerService(  812): getMountStatus() permission get it
E/ECS_EnterpriseContainerService(  812): getMountStatus() permission get it
E/ECS_EnterpriseContainerService(  812): getMountStatus() permission get it
E/ECS_EnterpriseContainerService(  812): getMountStatus() permission get it
E/ECS_EnterpriseContainerService(  812): getMountStatus() permission get it
E/ECS_EnterpriseContainerService(  812): getMountStatus() permission get it
E/ECS_EnterpriseContainerService(  812): getMountStatus() permission get it
E/ECS_EnterpriseContainerService(  812): getMountStatus() permission get it
E/ECS_EnterpriseContainerService(  812): getMountStatus() permission get it
E/ECS_EnterpriseContainerService(  812): getMountStatus() permission get it
E/ECS_EnterpriseContainerService(  812): getMountStatus() permission get it
E/ECS_EnterpriseContainerService(  812): getMountStatus() permission get it
E/ECS_EnterpriseContainerService(  812): getMountStatus() permission get it
E/ECS_EnterpriseContainerService(  812): getMountStatus() permission get it
E/ECS_EnterpriseContainerService(  812): getMountStatus() permission get it
E/ECS_EnterpriseContainerService(  812): getMountStatus() permission get it
E/ECS_EnterpriseContainerService(  812): getMountStatus() permission get it
E/ECS_EnterpriseContainerService(  812): getMountStatus() permission get it
E/ECS_EnterpriseContainerService(  812): getMountStatus() permission get it
E/ECS_EnterpriseContainerService(  812): getMountStatus() permission get it
E/ECS_EnterpriseContainerService(  812): getMountStatus() permission get it
E/ECS_EnterpriseContainerService(  812): getMountStatus() permission get it
E/ECS_EnterpriseContainerService(  812): getMountStatus() permission get it
E/ECS_EnterpriseContainerService(  812): getMountStatus() permission get it
E/ECS_EnterpriseContainerService(  812): getMountStatus() permission get it
E/ECS_EnterpriseContainerService(  812): getMountStatus() permission get it
E/ECS_EnterpriseContainerService(  812): getMountStatus() permission get it
E/ECS_EnterpriseContainerService(  812): getMountStatus() permission get it
E/ECS_EnterpriseContainerService(  812): getMountStatus() permission get it
E/ECS_EnterpriseContainerService(  812): getMountStatus() permission get it
E/ECS_EnterpriseContainerService(  812): getMountStatus() permission get it
E/ECS_EnterpriseContainerService(  812): getMountStatus() permission get it
E/ECS_EnterpriseContainerService(  812): getMountStatus() permission get it
E/ECS_EnterpriseContainerService(  812): getMountStatus() permission get it
E/ECS_EnterpriseContainerService(  812): getMountStatus() permission get it
E/ECS_EnterpriseContainerService(  812): getMountStatus() permission get it
E/ECS_EnterpriseContainerService(  812): getMountStatus() permission get it
E/ECS_EnterpriseContainerService(  812): getMountStatus() permission get it
E/ECS_EnterpriseContainerService(  812): getMountStatus() permission get it
E/ECS_EnterpriseContainerService(  812): getMountStatus() permission get it
E/ECS_EnterpriseContainerService(  812): getMountStatus() permission get it
E/ECS_EnterpriseContainerService(  812): getMountStatus() permission get it
E/ECS_EnterpriseContainerService(  812): getMountStatus() permission get it
E/ECS_EnterpriseContainerService(  812): getMountStatus() permission get it
E/ECS_EnterpriseContainerService(  812): getMountStatus() permission get it
E/ECS_EnterpriseContainerService(  812): getMountStatus() permission get it
E/ECS_EnterpriseContainerService(  812): getMountStatus() permission get it
E/ECS_EnterpriseContainerService(  812): getMountStatus() permission get it
E/ECS_EnterpriseContainerService(  812): getMountStatus() permission get it
E/ECS_EnterpriseContainerService(  812): getMountStatus() permission get it
E/ECS_EnterpriseContainerService(  812): getMountStatus() permission get it
E/ECS_EnterpriseContainerService(  812): getMountStatus() permission get it
E/ECS_EnterpriseContainerService(  812): getMountStatus() permission get it
E/ECS_EnterpriseContainerService(  812): getMountStatus() permission get it
E/ECS_EnterpriseContainerService(  812): getMountStatus() permission get it
E/ECS_EnterpriseContainerService(  812): getMountStatus() permission get it
E/ECS_EnterpriseContainerService(  812): getMountStatus() permission get it
E/ECS_EnterpriseContainerService(  812): getMountStatus() permission get it
E/cutils  (  256): Failed to mkdirat(/storage/extSdCard/Android): Read-only file system
E/MP-Decision( 2240): num online cores: 4 reqd : 2 available : 4 rq_depth:2.000000 hotplug_avg_load_dw: 159
E/MP-Decision( 2240): DOWN cpu:3 core_idx:3 Ns:3.100000 Ts:240 rq:2.000000 seq:245.000000
E/MP-Decision( 2240): DOWN cpu:2 core_idx:2 Ns:2.100000 Ts:240 rq:2.000000 seq:245.000000
E/MP-Decision( 2240): num online cores: 2 reqd : 4 available : 4 rq_depth:8.600000 hotplug_avg_load_dw: 111
E/MP-Decision( 2240): UP cpu:1 core_idx:1 Nw:1.900000 Tw:140 rq:8.600000 seq:0.000000
E/MP-Decision( 2240): UP cpu:2 core_idx:2 Nw:2.700000 Tw:90 rq:8.600000 seq:98.000000
E/MP-Decision( 2240): UP cpu:3 core_idx:3 Nw:3.500000 Tw:90 rq:8.600000 seq:98.000000
E/ECS_EnterpriseContainerService(  812): getMountStatus() permission get it
E/ECS_EnterpriseContainerService(  812): getMountStatus() permission get it
E/ECS_EnterpriseContainerService(  812): getMountStatus() permission get it
E/ECS_EnterpriseContainerService(  812): getMountStatus() permission get it
E/ECS_EnterpriseContainerService(  812): getMountStatus() permission get it
E/ECS_EnterpriseContainerService(  812): getMountStatus() permission get it
E/ECS_EnterpriseContainerService(  812): getMountStatus() permission get it
E/ECS_EnterpriseContainerService(  812): getMountStatus() permission get it
E/ECS_EnterpriseContainerService(  812): getMountStatus() permission get it
E/ECS_EnterpriseContainerService(  812): getMountStatus() permission get it
E/ECS_EnterpriseContainerService(  812): getMountStatus() permission get it
E/ECS_EnterpriseContainerService(  812): getMountStatus() permission get it
E/ECS_EnterpriseContainerService(  812): getMountStatus() permission get it
E/ECS_EnterpriseContainerService(  812): getMountStatus() permission get it
E/ECS_EnterpriseContainerService(  812): getMountStatus() permission get it
E/SurfaceWidgetReflection( 2037): [123491/1] failed to invoke method
E/SurfaceWidgetReflection( 2037): java.lang.reflect.InvocationTargetException
E/SurfaceWidgetReflection( 2037): 	at java.lang.reflect.Method.invokeNative(Native Method)
E/SurfaceWidgetReflection( 2037): 	at java.lang.reflect.Method.invoke(Method.java:515)
E/SurfaceWidgetReflection( 2037): 	at com.samsung.surfacewidget.SurfaceWidgetReflection$MethodHelper.invoke(SurfaceWidgetReflection.java:315)
E/SurfaceWidgetReflection( 2037): 	at com.samsung.surfacewidget.SurfaceWidgetClient.destroyRootView(SurfaceWidgetClient.java:1189)
E/SurfaceWidgetReflection( 2037): 	at com.samsung.surfacewidget.SurfaceWidgetClient.setContentView(SurfaceWidgetClient.java:395)
E/SurfaceWidgetReflection( 2037): 	at com.samsung.android.widgetapp.briefing4x2.BriefingWidget.setContentView(BriefingWidget.java:107)
E/SurfaceWidgetReflection( 2037): 	at com.samsung.android.widgetapp.briefing4x2.BriefingSurfaceWidgetRenderer4x2.updateWidgetScreen(BriefingSurfaceWidgetRenderer4x2.java:126)
E/SurfaceWidgetReflection( 2037): 	at com.samsung.android.widgetapp.briefing4x2.BriefingWidget$1.run(BriefingWidget.java:145)
E/SurfaceWidgetReflection( 2037): 	at android.os.Handler.handleCallback(Handler.java:733)
E/SurfaceWidgetReflection( 2037): 	at android.os.Handler.dispatchMessage(Handler.java:95)
E/SurfaceWidgetReflection( 2037): 	at android.os.Looper.loop(Looper.java:157)
E/SurfaceWidgetReflection( 2037): 	at android.app.ActivityThread.main(ActivityThread.java:5356)
E/SurfaceWidgetReflection( 2037): 	at java.lang.reflect.Method.invokeNative(Native Method)
E/SurfaceWidgetReflection( 2037): 	at java.lang.reflect.Method.invoke(Method.java:515)
E/SurfaceWidgetReflection( 2037): 	at com.android.internal.os.ZygoteInit$MethodAndArgsCaller.run(ZygoteInit.java:1265)
E/SurfaceWidgetReflection( 2037): 	at com.android.internal.os.ZygoteInit.main(ZygoteInit.java:1081)
E/SurfaceWidgetReflection( 2037): 	at dalvik.system.NativeStart.main(Native Method)
E/SurfaceWidgetReflection( 2037): Caused by: java.lang.NullPointerException
E/SurfaceWidgetReflection( 2037): 	at android.view.ViewRootImpl.dispatchDetachedFromWindow(ViewRootImpl.java:3281)
E/SurfaceWidgetReflection( 2037): 	... 17 more
E/ECS_EnterpriseContainerService(  812): getMountStatus() permission get it
E/CscReceiver(13296): onReceive android.intent.action.SIM_STATE_CHANGED
E/CscFota (13296): CscFota update()
E/CscParser(13296): update(): xml file exist
E/CscFota (13296): no FOTA profiles in customer
E/MP-Decision( 2240): num online cores: 4 reqd : 3 available : 4 rq_depth:2.500000 hotplug_avg_load_dw: 196
E/MP-Decision( 2240): DOWN cpu:3 core_idx:3 Ns:3.100000 Ts:240 rq:2.500000 seq:245.000000
E/SBrowserContentProviderUtility(26162): userSerialNumber >>>>>>>>>>>>>>>>>>>>>>>>>>>>>>>>> 0
E/OperatorBookmarksSIMReceiver(26162): onReceive runs..android.intent.action.SIM_STATE_CHANGED
E/MP-Decision( 2240): num online cores: 3 reqd : 4 available : 4 rq_depth:4.500000 hotplug_avg_load_dw: 186
E/MP-Decision( 2240): UP cpu:1 core_idx:1 Nw:1.900000 Tw:140 rq:4.500000 seq:0.000000
E/MP-Decision( 2240): UP cpu:2 core_idx:2 Nw:2.700000 Tw:90 rq:4.500000 seq:0.000000
E/MP-Decision( 2240): UP cpu:3 core_idx:3 Nw:3.500000 Tw:90 rq:4.500000 seq:98.000000
E/ECS_EnterpriseContainerService(  812): getMountStatus() permission get it
E/chromium(26162): [ERROR:net_util.cc(1819)] Not implemented reached in net::IPv6SupportResult net::(anonymous namespace)::TestIPv6SupportInternal()
E/chromium(26162): [ERROR:shell_integration_android.cc(12)] Not implemented reached in static ShellIntegration::DefaultWebClientSetPermission ShellIntegration::CanSetAsDefaultBrowser()
E/chromium(26162): [ERROR:browser_process_impl.cc(713)] Not implemented reached in virtual BackgroundModeManager* BrowserProcessImpl::background_mode_manager()
E/chromium(26162): [ERROR:chrome_browser_main_android.cc(130)] Not implemented reached in void RecordBreakpadStatusUMA(MetricsService*)
E/MP-Decision( 2240): num online cores: 4 reqd : 3 available : 4 rq_depth:2.700000 hotplug_avg_load_dw: 205
E/MP-Decision( 2240): DOWN cpu:3 core_idx:3 Ns:3.100000 Ts:240 rq:2.700000 seq:245.000000
E/MP-Decision( 2240): num online cores: 3 reqd : 2 available : 4 rq_depth:1.100000 hotplug_avg_load_dw: 198
E/MP-Decision( 2240): DOWN cpu:2 core_idx:2 Ns:2.100000 Ts:240 rq:1.100000 seq:242.000000
E/MP-Decision( 2240): num online cores: 2 reqd : 4 available : 4 rq_depth:3.500000 hotplug_avg_load_dw: 142
E/MP-Decision( 2240): UP cpu:1 core_idx:1 Nw:1.900000 Tw:140 rq:3.500000 seq:0.000000
E/MP-Decision( 2240): UP cpu:2 core_idx:2 Nw:2.700000 Tw:90 rq:3.500000 seq:98.000000
E/MP-Decision( 2240): UP cpu:3 core_idx:3 Nw:3.500000 Tw:90 rq:3.500000 seq:98.000000
E/MP-Decision( 2240): num online cores: 4 reqd : 3 available : 4 rq_depth:2.300000 hotplug_avg_load_dw: 199
E/MP-Decision( 2240): DOWN cpu:3 core_idx:3 Ns:3.100000 Ts:240 rq:2.300000 seq:241.000000
E/MP-Decision( 2240): num online cores: 3 reqd : 2 available : 4 rq_depth:1.000000 hotplug_avg_load_dw: 63
E/MP-Decision( 2240): DOWN cpu:2 core_idx:2 Ns:2.100000 Ts:240 rq:1.000000 seq:242.000000
E/MP-Decision( 2240): num online cores: 2 reqd : 3 available : 4 rq_depth:2.900000 hotplug_avg_load_dw: 94
E/MP-Decision( 2240): UP cpu:1 core_idx:1 Nw:1.900000 Tw:140 rq:2.900000 seq:0.000000
E/MP-Decision( 2240): UP cpu:2 core_idx:2 Nw:2.700000 Tw:90 rq:2.900000 seq:98.000000
E/MP-Decision( 2240): num online cores: 3 reqd : 2 available : 4 rq_depth:1.400000 hotplug_avg_load_dw: 88
E/MP-Decision( 2240): DOWN cpu:2 core_idx:2 Ns:2.100000 Ts:240 rq:1.400000 seq:243.000000
E/MP-Decision( 2240): num online cores: 2 reqd : 4 available : 4 rq_depth:5.300000 hotplug_avg_load_dw: 90
E/MP-Decision( 2240): UP cpu:1 core_idx:1 Nw:1.900000 Tw:140 rq:5.300000 seq:0.000000
E/MP-Decision( 2240): UP cpu:2 core_idx:2 Nw:2.700000 Tw:90 rq:5.300000 seq:98.000000
E/MP-Decision( 2240): UP cpu:3 core_idx:3 Nw:3.500000 Tw:90 rq:5.300000 seq:98.000000
E/ECS_EnterpriseContainerService(  812): getMountStatus() permission get it
E/MP-Decision( 2240): num online cores: 4 reqd : 3 available : 4 rq_depth:2.500000 hotplug_avg_load_dw: 157
E/MP-Decision( 2240): DOWN cpu:3 core_idx:3 Ns:3.100000 Ts:240 rq:2.500000 seq:242.000000
E/MP-Decision( 2240): num online cores: 3 reqd : 2 available : 4 rq_depth:1.000000 hotplug_avg_load_dw: 79
E/MP-Decision( 2240): DOWN cpu:2 core_idx:2 Ns:2.100000 Ts:240 rq:1.000000 seq:245.000000
E/MP-Decision( 2240): num online cores: 2 reqd : 3 available : 4 rq_depth:3.300000 hotplug_avg_load_dw: 94
E/MP-Decision( 2240): UP cpu:1 core_idx:1 Nw:1.900000 Tw:140 rq:3.300000 seq:0.000000
E/MP-Decision( 2240): UP cpu:2 core_idx:2 Nw:2.700000 Tw:90 rq:3.300000 seq:98.000000
E/MP-Decision( 2240): num online cores: 3 reqd : 2 available : 4 rq_depth:1.800000 hotplug_avg_load_dw: 86
E/MP-Decision( 2240): DOWN cpu:2 core_idx:2 Ns:2.100000 Ts:240 rq:1.800000 seq:242.000000
E/Watchdog(  812): !@Sync 6337
E/MP-Decision( 2240): num online cores: 2 reqd : 3 available : 4 rq_depth:4.300000 hotplug_avg_load_dw: 90
E/MP-Decision( 2240): UP cpu:1 core_idx:1 Nw:1.900000 Tw:140 rq:4.300000 seq:0.000000
E/MP-Decision( 2240): UP cpu:2 core_idx:2 Nw:2.700000 Tw:90 rq:4.300000 seq:98.000000
E/MP-Decision( 2240): num online cores: 3 reqd : 2 available : 4 rq_depth:1.100000 hotplug_avg_load_dw: 86
E/MP-Decision( 2240): DOWN cpu:2 core_idx:2 Ns:2.100000 Ts:240 rq:1.100000 seq:245.000000
E/ECS_EnterpriseContainerService(  812): getMountStatus() permission get it
E/ECS_EnterpriseContainerService(  812): getMountStatus() permission get it
E/ECS_EnterpriseContainerService(  812): getMountStatus() permission get it
E/ECS_EnterpriseContainerService(  812): getMountStatus() permission get it
E/ECS_EnterpriseContainerService(  812): getMountStatus() permission get it
E/MP-Decision( 2240): num online cores: 2 reqd : 4 available : 4 rq_depth:4.400000 hotplug_avg_load_dw: 96
E/MP-Decision( 2240): UP cpu:1 core_idx:1 Nw:1.900000 Tw:140 rq:4.400000 seq:0.000000
E/MP-Decision( 2240): UP cpu:2 core_idx:2 Nw:2.700000 Tw:90 rq:4.400000 seq:98.000000
E/MP-Decision( 2240): UP cpu:3 core_idx:3 Nw:3.500000 Tw:90 rq:4.400000 seq:98.000000
E/ECS_EnterpriseContainerService(  812): getMountStatus() permission get it
E/ECS_EnterpriseContainerService(  812): getMountStatus() permission get it
E/ECS_EnterpriseContainerService(  812): getMountStatus() permission get it
E/ECS_EnterpriseContainerService(  812): getMountStatus() permission get it
E/ECS_EnterpriseContainerService(  812): getMountStatus() permission get it
E/ECS_EnterpriseContainerService(  812): getMountStatus() permission get it
E/ECS_EnterpriseContainerService(  812): getMountStatus() permission get it
E/ECS_EnterpriseContainerService(  812): getMountStatus() permission get it
E/ECS_EnterpriseContainerService(  812): getMountStatus() permission get it
E/ECS_EnterpriseContainerService(  812): getMountStatus() permission get it
E/ECS_EnterpriseContainerService(  812): getMountStatus() permission get it
E/ECS_EnterpriseContainerService(  812): getMountStatus() permission get it
E/ECS_EnterpriseContainerService(  812): getMountStatus() permission get it
E/ECS_EnterpriseContainerService(  812): getMountStatus() permission get it
E/SurfaceWidgetReflection( 2037): [123491/1] failed to invoke method
E/SurfaceWidgetReflection( 2037): java.lang.reflect.InvocationTargetException
E/SurfaceWidgetReflection( 2037): 	at java.lang.reflect.Method.invokeNative(Native Method)
E/SurfaceWidgetReflection( 2037): 	at java.lang.reflect.Method.invoke(Method.java:515)
E/SurfaceWidgetReflection( 2037): 	at com.samsung.surfacewidget.SurfaceWidgetReflection$MethodHelper.invoke(SurfaceWidgetReflection.java:315)
E/SurfaceWidgetReflection( 2037): 	at com.samsung.surfacewidget.SurfaceWidgetClient.destroyRootView(SurfaceWidgetClient.java:1189)
E/SurfaceWidgetReflection( 2037): 	at com.samsung.surfacewidget.SurfaceWidgetClient.setContentView(SurfaceWidgetClient.java:395)
E/SurfaceWidgetReflection( 2037): 	at com.samsung.android.widgetapp.briefing4x2.BriefingWidget.setContentView(BriefingWidget.java:107)
E/SurfaceWidgetReflection( 2037): 	at com.samsung.android.widgetapp.briefing4x2.BriefingSurfaceWidgetRenderer4x2.updateWidgetScreen(BriefingSurfaceWidgetRenderer4x2.java:126)
E/SurfaceWidgetReflection( 2037): 	at com.samsung.android.widgetapp.briefing4x2.BriefingWidget$1.run(BriefingWidget.java:145)
E/SurfaceWidgetReflection( 2037): 	at android.os.Handler.handleCallback(Handler.java:733)
E/SurfaceWidgetReflection( 2037): 	at android.os.Handler.dispatchMessage(Handler.java:95)
E/SurfaceWidgetReflection( 2037): 	at android.os.Looper.loop(Looper.java:157)
E/SurfaceWidgetReflection( 2037): 	at android.app.ActivityThread.main(ActivityThread.java:5356)
E/SurfaceWidgetReflection( 2037): 	at java.lang.reflect.Method.invokeNative(Native Method)
E/SurfaceWidgetReflection( 2037): 	at java.lang.reflect.Method.invoke(Method.java:515)
E/SurfaceWidgetReflection( 2037): 	at com.android.internal.os.ZygoteInit$MethodAndArgsCaller.run(ZygoteInit.java:1265)
E/SurfaceWidgetReflection( 2037): 	at com.android.internal.os.ZygoteInit.main(ZygoteInit.java:1081)
E/SurfaceWidgetReflection( 2037): 	at dalvik.system.NativeStart.main(Native Method)
E/SurfaceWidgetReflection( 2037): Caused by: java.lang.NullPointerException
E/SurfaceWidgetReflection( 2037): 	at android.view.ViewRootImpl.dispatchDetachedFromWindow(ViewRootImpl.java:3281)
E/SurfaceWidgetReflection( 2037): 	... 17 more
E/MP-Decision( 2240): num online cores: 4 reqd : 3 available : 4 rq_depth:2.700000 hotplug_avg_load_dw: 117
E/MP-Decision( 2240): DOWN cpu:3 core_idx:3 Ns:3.100000 Ts:240 rq:2.700000 seq:245.000000
E/MP-Decision( 2240): num online cores: 3 reqd : 2 available : 4 rq_depth:1.000000 hotplug_avg_load_dw: 67
E/MP-Decision( 2240): DOWN cpu:2 core_idx:2 Ns:2.100000 Ts:240 rq:1.000000 seq:241.000000
E/MP-Decision( 2240): num online cores: 2 reqd : 4 available : 4 rq_depth:3.900000 hotplug_avg_load_dw: 109
E/MP-Decision( 2240): UP cpu:1 core_idx:1 Nw:1.900000 Tw:140 rq:3.900000 seq:0.000000
E/MP-Decision( 2240): UP cpu:2 core_idx:2 Nw:2.700000 Tw:90 rq:3.900000 seq:98.000000
E/MP-Decision( 2240): UP cpu:3 core_idx:3 Nw:3.500000 Tw:90 rq:3.900000 seq:98.000000
E/MP-Decision( 2240): num online cores: 4 reqd : 2 available : 4 rq_depth:1.100000 hotplug_avg_load_dw: 87
E/MP-Decision( 2240): DOWN cpu:3 core_idx:3 Ns:3.100000 Ts:240 rq:1.100000 seq:240.000000
E/MP-Decision( 2240): DOWN cpu:2 core_idx:2 Ns:2.100000 Ts:240 rq:1.100000 seq:240.000000
E/MP-Decision( 2240): num online cores: 2 reqd : 4 available : 4 rq_depth:4.500000 hotplug_avg_load_dw: 90
E/MP-Decision( 2240): UP cpu:1 core_idx:1 Nw:1.900000 Tw:140 rq:4.500000 seq:0.000000
E/MP-Decision( 2240): UP cpu:2 core_idx:2 Nw:2.700000 Tw:90 rq:4.500000 seq:98.000000
E/MP-Decision( 2240): UP cpu:3 core_idx:3 Nw:3.500000 Tw:90 rq:4.500000 seq:98.000000
E/MP-Decision( 2240): num online cores: 4 reqd : 2 available : 4 rq_depth:1.000000 hotplug_avg_load_dw: 124
E/MP-Decision( 2240): DOWN cpu:3 core_idx:3 Ns:3.100000 Ts:240 rq:1.000000 seq:245.000000
E/MP-Decision( 2240): DOWN cpu:2 core_idx:2 Ns:2.100000 Ts:240 rq:1.000000 seq:245.000000
E/MP-Decision( 2240): num online cores: 2 reqd : 3 available : 4 rq_depth:3.500000 hotplug_avg_load_dw: 97
E/MP-Decision( 2240): UP cpu:1 core_idx:1 Nw:1.900000 Tw:140 rq:3.500000 seq:0.000000
E/MP-Decision( 2240): UP cpu:2 core_idx:2 Nw:2.700000 Tw:90 rq:3.500000 seq:98.000000
E/MP-Decision( 2240): num online cores: 3 reqd : 2 available : 4 rq_depth:1.000000 hotplug_avg_load_dw: 87
E/MP-Decision( 2240): DOWN cpu:2 core_idx:2 Ns:2.100000 Ts:240 rq:1.000000 seq:245.000000
