--------- beginning of /dev/log/system
E/Watchdog(  812): !@Sync 6325
E/Nat464Xlat(  812): stopClat: already stopped
E/Watchdog(  812): !@Sync 6326
E/Watchdog(  812): !@Sync 6327
E/Watchdog(  812): !@Sync 6328
--------- beginning of /dev/log/main
E/MP-Decision( 2240): num online cores: 3 reqd : 2 available : 4 rq_depth:1.200000 hotplug_avg_load_dw: 66
E/MP-Decision( 2240): DOWN cpu:2 core_idx:2 Ns:2.100000 Ts:240 rq:1.200000 seq:241.000000
E/MP-Decision( 2240): num online cores: 2 reqd : 4 available : 4 rq_depth:3.700000 hotplug_avg_load_dw: 93
E/MP-Decision( 2240): UP cpu:1 core_idx:1 Nw:1.900000 Tw:140 rq:3.700000 seq:0.000000
E/MP-Decision( 2240): UP cpu:2 core_idx:2 Nw:2.700000 Tw:90 rq:3.700000 seq:98.000000
E/MP-Decision( 2240): UP cpu:3 core_idx:3 Nw:3.500000 Tw:90 rq:3.700000 seq:98.000000
E/ECS_EnterpriseContainerService(  812): getMountStatus() permission get it
E/ECS_EnterpriseContainerService(  812): getMountStatus() permission get it
E/ECS_EnterpriseContainerService(  812): getMountStatus() permission get it
E/ECS_EnterpriseContainerService(  812): getMountStatus() permission get it
E/        (13296): File Open Failed
E/MP-Decision( 2240): num online cores: 4 reqd : 2 available : 4 rq_depth:1.000000 hotplug_avg_load_dw: 80
E/MP-Decision( 2240): DOWN cpu:3 core_idx:3 Ns:3.100000 Ts:240 rq:1.000000 seq:245.000000
E/MP-Decision( 2240): DOWN cpu:2 core_idx:2 Ns:2.100000 Ts:240 rq:1.000000 seq:245.000000
E/MP-Decision( 2240): num online cores: 2 reqd : 4 available : 4 rq_depth:3.500000 hotplug_avg_load_dw: 96
E/MP-Decision( 2240): UP cpu:1 core_idx:1 Nw:1.900000 Tw:140 rq:3.500000 seq:0.000000
E/MP-Decision( 2240): UP cpu:2 core_idx:2 Nw:2.700000 Tw:90 rq:3.500000 seq:98.000000
E/MP-Decision( 2240): UP cpu:3 core_idx:3 Nw:3.500000 Tw:90 rq:3.500000 seq:98.000000
E/LightSensor(  812): Light old sensor_state 0, new sensor_state : 128 en : 1
E/MP-Decision( 2240): num online cores: 4 reqd : 2 available : 4 rq_depth:1.000000 hotplug_avg_load_dw: 69
E/MP-Decision( 2240): DOWN cpu:3 core_idx:3 Ns:3.100000 Ts:240 rq:1.000000 seq:240.000000
E/MP-Decision( 2240): DOWN cpu:2 core_idx:2 Ns:2.100000 Ts:240 rq:1.000000 seq:240.000000
E/LightSensor(  812): Light old sensor_state 128, new sensor_state : 0 en : 0
E/SamsungWindowManager(  812): mCoreNumLockHelper.acquire
E/MP-Decision( 2240): num online cores: 2 reqd : 4 available : 4 rq_depth:4.500000 hotplug_avg_load_dw: 77
E/MP-Decision( 2240): UP cpu:1 core_idx:1 Nw:1.900000 Tw:140 rq:4.500000 seq:0.000000
E/MP-Decision( 2240): UP cpu:2 core_idx:2 Nw:2.700000 Tw:90 rq:4.500000 seq:98.000000
E/MP-Decision( 2240): UP cpu:3 core_idx:3 Nw:3.500000 Tw:90 rq:4.500000 seq:98.000000
E/MP-Decision( 2240): num online cores: 4 reqd : 2 available : 4 rq_depth:1.900000 hotplug_avg_load_dw: 92
E/MP-Decision( 2240): DOWN cpu:3 core_idx:3 Ns:3.100000 Ts:240 rq:1.900000 seq:243.000000
E/MP-Decision( 2240): DOWN cpu:2 core_idx:2 Ns:2.100000 Ts:240 rq:1.900000 seq:243.000000
E/MISC PowerHAL(  812): sysfs_write : Error opening /sys/class/input/input3/enabled: No such file or directory
E/MISC PowerHAL(  812): sysfs_write : Error opening /sys/class/input/input19/enabled: No such file or directory
E/MP-Decision( 2240): num online cores: 2 reqd : 3 available : 4 rq_depth:3.100000 hotplug_avg_load_dw: 87
E/MP-Decision( 2240): UP cpu:1 core_idx:1 Nw:1.900000 Tw:140 rq:3.100000 seq:0.000000
E/MP-Decision( 2240): UP cpu:2 core_idx:2 Nw:2.700000 Tw:90 rq:3.100000 seq:98.000000
E/MP-Decision( 2240): num online cores: 3 reqd : 2 available : 4 rq_depth:1.100000 hotplug_avg_load_dw: 70
E/MP-Decision( 2240): DOWN cpu:2 core_idx:2 Ns:2.100000 Ts:240 rq:1.100000 seq:245.000000
E/MP-Decision( 2240): num online cores: 2 reqd : 4 available : 4 rq_depth:5.300000 hotplug_avg_load_dw: 60
E/MP-Decision( 2240): UP cpu:1 core_idx:1 Nw:1.900000 Tw:140 rq:5.300000 seq:0.000000
E/MP-Decision( 2240): UP cpu:2 core_idx:2 Nw:2.700000 Tw:90 rq:5.300000 seq:98.000000
E/MP-Decision( 2240): UP cpu:3 core_idx:3 Nw:3.500000 Tw:90 rq:5.300000 seq:98.000000
E/MP-Decision( 2240): num online cores: 4 reqd : 3 available : 4 rq_depth:2.000000 hotplug_avg_load_dw: 105
E/MP-Decision( 2240): DOWN cpu:3 core_idx:3 Ns:3.100000 Ts:240 rq:2.000000 seq:286.000000
E/MP-Decision( 2240): num online cores: 3 reqd : 2 available : 4 rq_depth:1.000000 hotplug_avg_load_dw: 119
E/MP-Decision( 2240): DOWN cpu:2 core_idx:2 Ns:2.100000 Ts:240 rq:1.000000 seq:245.000000
E/MISC PowerHAL(  812): sysfs_write : Error opening /sys/class/input/input3/enabled: No such file or directory
E/MISC PowerHAL(  812): sysfs_write : Error opening /sys/class/input/input19/enabled: No such file or directory
E/SamsungWindowManager(  812): mCoreNumLockHelper.acquire
E/ECS_EnterpriseContainerService(  812): getMountStatus() permission get it
E/ECS_EnterpriseContainerService(  812): getMountStatus() permission get it
E/MISC PowerHAL(  812): sysfs_write : Error opening /sys/class/input/input3/enabled: No such file or directory
E/MISC PowerHAL(  812): sysfs_write : Error opening /sys/class/input/input19/enabled: No such file or directory
E/MP-Decision( 2240): num online cores: 2 reqd : 4 available : 4 rq_depth:8.500000 hotplug_avg_load_dw: 119
E/MP-Decision( 2240): UP cpu:1 core_idx:1 Nw:1.900000 Tw:140 rq:8.500000 seq:0.000000
E/MP-Decision( 2240): UP cpu:2 core_idx:2 Nw:2.700000 Tw:90 rq:8.500000 seq:95.000000
E/MP-Decision( 2240): UP cpu:3 core_idx:3 Nw:3.500000 Tw:90 rq:8.500000 seq:95.000000
E/MP-Decision( 2240): num online cores: 4 reqd : 2 available : 4 rq_depth:1.000000 hotplug_avg_load_dw: 94
E/MP-Decision( 2240): DOWN cpu:3 core_idx:3 Ns:3.100000 Ts:240 rq:1.000000 seq:245.000000
E/MP-Decision( 2240): DOWN cpu:2 core_idx:2 Ns:2.100000 Ts:240 rq:1.000000 seq:245.000000
E/MP-Decision( 2240): num online cores: 2 reqd : 3 available : 4 rq_depth:2.900000 hotplug_avg_load_dw: 88
E/MP-Decision( 2240): UP cpu:1 core_idx:1 Nw:1.900000 Tw:140 rq:2.900000 seq:0.000000
E/MP-Decision( 2240): UP cpu:2 core_idx:2 Nw:2.700000 Tw:90 rq:2.900000 seq:98.000000
E/MP-Decision( 2240): num online cores: 3 reqd : 2 available : 4 rq_depth:1.000000 hotplug_avg_load_dw: 86
E/MP-Decision( 2240): DOWN cpu:2 core_idx:2 Ns:2.100000 Ts:240 rq:1.000000 seq:243.000000
E/MISC PowerHAL(  812): sysfs_write : Error opening /sys/class/input/input3/enabled: No such file or directory
E/MISC PowerHAL(  812): sysfs_write : Error opening /sys/class/input/input19/enabled: No such file or directory
E/MP-Decision( 2240): num online cores: 2 reqd : 4 available : 4 rq_depth:13.700000 hotplug_avg_load_dw: 84
E/MP-Decision( 2240): UP cpu:1 core_idx:1 Nw:1.900000 Tw:140 rq:13.700000 seq:0.000000
E/MP-Decision( 2240): UP cpu:2 core_idx:2 Nw:2.700000 Tw:90 rq:13.700000 seq:98.000000
E/MP-Decision( 2240): UP cpu:3 core_idx:3 Nw:3.500000 Tw:90 rq:13.700000 seq:98.000000
E/LightSensor(  812): Light old sensor_state 0, new sensor_state : 128 en : 1
E/AwesomePlayer(  283): LPAPlayer::Clip duration setting of less than 30sec not supported, defaulting to 60sec
E/MediaPlayerService(  283): WFD client is not created 
E/AwesomePlayer(  283): LPAPlayer::Clip duration setting of less than 30sec not supported, defaulting to 60sec
E/ACDB-LOADER(  283): Error: ACDB AudProc vol returned = -8
E/MediaPlayer( 1288): Should have subtitle controller already set
E/AudioResampler(  283): Unsupported sample format, 1 bits, 2 channels
E/MISC PowerHAL(  812): sysfs_write : Error opening /sys/class/input/input3/enabled: No such file or directory
E/MISC PowerHAL(  812): sysfs_write : Error opening /sys/class/input/input19/enabled: No such file or directory
E/LightSensor(  812): Light old sensor_state 128, new sensor_state : 0 en : 0
E/MP-Decision( 2240): num online cores: 4 reqd : 3 available : 4 rq_depth:2.800000 hotplug_avg_load_dw: 127
E/MP-Decision( 2240): DOWN cpu:3 core_idx:3 Ns:3.100000 Ts:240 rq:2.800000 seq:245.000000
E/MP-Decision( 2240): num online cores: 3 reqd : 4 available : 4 rq_depth:11.300000 hotplug_avg_load_dw: 165
E/MP-Decision( 2240): UP cpu:1 core_idx:1 Nw:1.900000 Tw:140 rq:11.300000 seq:0.000000
E/MP-Decision( 2240): UP cpu:2 core_idx:2 Nw:2.700000 Tw:90 rq:11.300000 seq:0.000000
E/MP-Decision( 2240): UP cpu:3 core_idx:3 Nw:3.500000 Tw:90 rq:11.300000 seq:98.000000
E/MP-Decision( 2240): num online cores: 4 reqd : 3 available : 4 rq_depth:2.500000 hotplug_avg_load_dw: 127
E/MP-Decision( 2240): DOWN cpu:3 core_idx:3 Ns:3.100000 Ts:240 rq:2.500000 seq:245.000000
E/MP-Decision( 2240): num online cores: 3 reqd : 4 available : 4 rq_depth:3.600000 hotplug_avg_load_dw: 129
E/MP-Decision( 2240): UP cpu:1 core_idx:1 Nw:1.900000 Tw:140 rq:3.600000 seq:0.000000
E/MP-Decision( 2240): UP cpu:2 core_idx:2 Nw:2.700000 Tw:90 rq:3.600000 seq:0.000000
E/MP-Decision( 2240): UP cpu:3 core_idx:3 Nw:3.500000 Tw:90 rq:3.600000 seq:98.000000
E/MISC PowerHAL(  812): sysfs_write : Error opening /sys/class/input/input3/enabled: No such file or directory
E/MISC PowerHAL(  812): sysfs_write : Error opening /sys/class/input/input19/enabled: No such file or directory
E/MP-Decision( 2240): num online cores: 4 reqd : 3 available : 4 rq_depth:2.300000 hotplug_avg_load_dw: 131
E/MP-Decision( 2240): DOWN cpu:3 core_idx:3 Ns:3.100000 Ts:240 rq:2.300000 seq:245.000000
E/MP-Decision( 2240): num online cores: 3 reqd : 2 available : 4 rq_depth:0.000000 hotplug_avg_load_dw: 58
E/MP-Decision( 2240): DOWN cpu:2 core_idx:2 Ns:2.100000 Ts:240 rq:0.000000 seq:249.000000
E/MP-Decision( 2240): num online cores: 2 reqd : 4 available : 4 rq_depth:3.500000 hotplug_avg_load_dw: 120
E/MP-Decision( 2240): UP cpu:1 core_idx:1 Nw:1.900000 Tw:140 rq:3.500000 seq:0.000000
E/MP-Decision( 2240): UP cpu:2 core_idx:2 Nw:2.700000 Tw:90 rq:3.500000 seq:117.000000
E/MP-Decision( 2240): UP cpu:3 core_idx:3 Nw:3.500000 Tw:90 rq:3.500000 seq:117.000000
E/ECS_EnterpriseContainerService(  812): getMountStatus() permission get it
E/MP-Decision( 2240): num online cores: 4 reqd : 3 available : 4 rq_depth:2.500000 hotplug_avg_load_dw: 93
E/MP-Decision( 2240): DOWN cpu:3 core_idx:3 Ns:3.100000 Ts:240 rq:2.500000 seq:245.000000
E/MP-Decision( 2240): num online cores: 3 reqd : 2 available : 4 rq_depth:1.300000 hotplug_avg_load_dw: 120
E/MP-Decision( 2240): DOWN cpu:2 core_idx:2 Ns:2.100000 Ts:240 rq:1.300000 seq:245.000000
E/MP-Decision( 2240): num online cores: 2 reqd : 3 available : 4 rq_depth:2.800000 hotplug_avg_load_dw: 90
E/MP-Decision( 2240): UP cpu:1 core_idx:1 Nw:1.900000 Tw:140 rq:2.800000 seq:0.000000
E/MP-Decision( 2240): UP cpu:2 core_idx:2 Nw:2.700000 Tw:90 rq:2.800000 seq:98.000000
E/Watchdog(  812): !@Sync 6329
E/MP-Decision( 2240): num online cores: 3 reqd : 2 available : 4 rq_depth:1.500000 hotplug_avg_load_dw: 78
E/MP-Decision( 2240): DOWN cpu:2 core_idx:2 Ns:2.100000 Ts:240 rq:1.500000 seq:245.000000
E/SamsungWindowManager(  812): mCoreNumLockHelper.acquire
E/MISC PowerHAL(  812): sysfs_write : Error opening /sys/class/input/input3/enabled: No such file or directory
E/MISC PowerHAL(  812): sysfs_write : Error opening /sys/class/input/input19/enabled: No such file or directory
E/ViewRootImpl(  812): sendUserActionEvent() mView == null
E/MP-Decision( 2240): num online cores: 2 reqd : 4 available : 4 rq_depth:7.500000 hotplug_avg_load_dw: 87
E/MP-Decision( 2240): UP cpu:1 core_idx:1 Nw:1.900000 Tw:140 rq:7.500000 seq:0.000000
E/MP-Decision( 2240): UP cpu:2 core_idx:2 Nw:2.700000 Tw:90 rq:7.500000 seq:98.000000
E/MP-Decision( 2240): UP cpu:3 core_idx:3 Nw:3.500000 Tw:90 rq:7.500000 seq:98.000000
E/ECS_EnterpriseContainerService(  812): getMountStatus() permission get it
E/ECS_EnterpriseContainerService(  812): getMountStatus() permission get it
E/ECS_EnterpriseContainerService(  812): getMountStatus() permission get it
E/ECS_EnterpriseContainerService(  812): getMountStatus() permission get it
E/ECS_EnterpriseContainerService(  812): getMountStatus() permission get it
E/ECS_EnterpriseContainerService(  812): getMountStatus() permission get it
E/ECS_EnterpriseContainerService(  812): getMountStatus() permission get it
E/ECS_EnterpriseContainerService(  812): getMountStatus() permission get it
E/ECS_EnterpriseContainerService(  812): getMountStatus() permission get it
E/ECS_EnterpriseContainerService(  812): getMountStatus() permission get it
E/ECS_EnterpriseContainerService(  812): getMountStatus() permission get it
E/MP-Decision( 2240): num online cores: 4 reqd : 3 available : 4 rq_depth:1.500000 hotplug_avg_load_dw: 165
E/MP-Decision( 2240): DOWN cpu:3 core_idx:3 Ns:3.100000 Ts:240 rq:1.500000 seq:245.000000
E/ECS_EnterpriseContainerService(  812): getMountStatus() permission get it
E/ECS_EnterpriseContainerService(  812): getMountStatus() permission get it
E/ECS_EnterpriseContainerService(  812): getMountStatus() permission get it
E/ECS_EnterpriseContainerService(  812): getMountStatus() permission get it
E/ECS_EnterpriseContainerService(  812): getMountStatus() permission get it
E/ECS_EnterpriseContainerService(  812): getMountStatus() permission get it
E/ECS_EnterpriseContainerService(  812): getMountStatus() permission get it
E/MP-Decision( 2240): num online cores: 3 reqd : 2 available : 4 rq_depth:1.000000 hotplug_avg_load_dw: 50
E/MP-Decision( 2240): DOWN cpu:2 core_idx:2 Ns:2.100000 Ts:240 rq:1.000000 seq:245.000000
E/LightSensor(  812): Light old sensor_state 0, new sensor_state : 128 en : 1
E/MP-Decision( 2240): num online cores: 2 reqd : 4 available : 4 rq_depth:8.700000 hotplug_avg_load_dw: 101
E/MP-Decision( 2240): UP cpu:1 core_idx:1 Nw:1.900000 Tw:140 rq:8.700000 seq:0.000000
E/MP-Decision( 2240): UP cpu:2 core_idx:2 Nw:2.700000 Tw:90 rq:8.700000 seq:98.000000
E/MP-Decision( 2240): UP cpu:3 core_idx:3 Nw:3.500000 Tw:90 rq:8.700000 seq:98.000000
E/MP-Decision( 2240): num online cores: 4 reqd : 2 available : 4 rq_depth:1.000000 hotplug_avg_load_dw: 64
E/MP-Decision( 2240): DOWN cpu:3 core_idx:3 Ns:3.100000 Ts:240 rq:1.000000 seq:245.000000
E/MP-Decision( 2240): DOWN cpu:2 core_idx:2 Ns:2.100000 Ts:240 rq:1.000000 seq:245.000000
E/LightSensor(  812): Light old sensor_state 128, new sensor_state : 0 en : 0
E/MP-Decision( 2240): num online cores: 2 reqd : 4 available : 4 rq_depth:6.700000 hotplug_avg_load_dw: 105
E/MP-Decision( 2240): UP cpu:1 core_idx:1 Nw:1.900000 Tw:140 rq:6.700000 seq:0.000000
E/MP-Decision( 2240): UP cpu:2 core_idx:2 Nw:2.700000 Tw:90 rq:6.700000 seq:98.000000
E/MP-Decision( 2240): UP cpu:3 core_idx:3 Nw:3.500000 Tw:90 rq:6.700000 seq:98.000000
E/MP-Decision( 2240): num online cores: 4 reqd : 3 available : 4 rq_depth:1.300000 hotplug_avg_load_dw: 128
E/MP-Decision( 2240): DOWN cpu:3 core_idx:3 Ns:3.100000 Ts:240 rq:1.300000 seq:245.000000
E/MP-Decision( 2240): num online cores: 3 reqd : 2 available : 4 rq_depth:1.000000 hotplug_avg_load_dw: 83
E/MP-Decision( 2240): DOWN cpu:2 core_idx:2 Ns:2.100000 Ts:240 rq:1.000000 seq:242.000000
E/android.os.Debug(  812): !@Dumpstate > sdumpstate -q -z -o /data/log/dumpstate_pms
E/LightSensor(  812): Light old sensor_state 0, new sensor_state : 128 en : 1
E/MP-Decision( 2240): num online cores: 2 reqd : 4 available : 4 rq_depth:22.900000 hotplug_avg_load_dw: 119
E/MP-Decision( 2240): UP cpu:1 core_idx:1 Nw:1.900000 Tw:140 rq:22.900000 seq:0.000000
E/MP-Decision( 2240): UP cpu:2 core_idx:2 Nw:2.700000 Tw:90 rq:22.900000 seq:98.000000
E/MP-Decision( 2240): UP cpu:3 core_idx:3 Nw:3.500000 Tw:90 rq:22.900000 seq:98.000000
E/        (  296): SWETA :: Inside SecEDSVendorBase :: getStatus, nParam = 0
E/        (  296): SWETA :: Inside SecEDSVendorBase :: getStatus, nParam = 1
E/MP-Decision( 2240): num online cores: 4 reqd : 2 available : 4 rq_depth:1.900000 hotplug_avg_load_dw: 97
E/MP-Decision( 2240): DOWN cpu:3 core_idx:3 Ns:3.100000 Ts:240 rq:1.900000 seq:245.000000
E/MP-Decision( 2240): DOWN cpu:2 core_idx:2 Ns:2.100000 Ts:240 rq:1.900000 seq:245.000000
E/MP-Decision( 2240): num online cores: 2 reqd : 3 available : 4 rq_depth:3.000000 hotplug_avg_load_dw: 107
E/MP-Decision( 2240): UP cpu:1 core_idx:1 Nw:1.900000 Tw:140 rq:3.000000 seq:0.000000
E/MP-Decision( 2240): UP cpu:2 core_idx:2 Nw:2.700000 Tw:90 rq:3.000000 seq:98.000000
E/MP-Decision( 2240): num online cores: 3 reqd : 2 available : 4 rq_depth:1.500000 hotplug_avg_load_dw: 139
E/MP-Decision( 2240): DOWN cpu:2 core_idx:2 Ns:2.100000 Ts:240 rq:1.500000 seq:243.000000
E/LightSensor(  812): Light old sensor_state 128, new sensor_state : 0 en : 0
E/MP-Decision( 2240): num online cores: 2 reqd : 3 available : 4 rq_depth:5.000000 hotplug_avg_load_dw: 87
E/MP-Decision( 2240): UP cpu:1 core_idx:1 Nw:1.900000 Tw:140 rq:5.000000 seq:0.000000
E/MP-Decision( 2240): UP cpu:2 core_idx:2 Nw:2.700000 Tw:90 rq:5.000000 seq:98.000000
E/MP-Decision( 2240): num online cores: 3 reqd : 4 available : 4 rq_depth:3.900000 hotplug_avg_load_dw: 165
E/MP-Decision( 2240): UP cpu:1 core_idx:1 Nw:1.900000 Tw:140 rq:3.900000 seq:0.000000
E/MP-Decision( 2240): UP cpu:2 core_idx:2 Nw:2.700000 Tw:90 rq:3.900000 seq:0.000000
E/MP-Decision( 2240): UP cpu:3 core_idx:3 Nw:3.500000 Tw:90 rq:3.900000 seq:96.000000
E/MP-Decision( 2240): num online cores: 4 reqd : 2 available : 4 rq_depth:1.300000 hotplug_avg_load_dw: 91
E/MP-Decision( 2240): DOWN cpu:3 core_idx:3 Ns:3.100000 Ts:240 rq:1.300000 seq:243.000000
E/MP-Decision( 2240): DOWN cpu:2 core_idx:2 Ns:2.100000 Ts:240 rq:1.300000 seq:243.000000
E/MP-Decision( 2240): num online cores: 2 reqd : 3 available : 4 rq_depth:2.700000 hotplug_avg_load_dw: 89
E/MP-Decision( 2240): UP cpu:1 core_idx:1 Nw:1.900000 Tw:140 rq:2.700000 seq:0.000000
E/MP-Decision( 2240): UP cpu:2 core_idx:2 Nw:2.700000 Tw:90 rq:2.700000 seq:98.000000
E/MP-Decision( 2240): num online cores: 3 reqd : 4 available : 4 rq_depth:3.900000 hotplug_avg_load_dw: 110
E/MP-Decision( 2240): UP cpu:1 core_idx:1 Nw:1.900000 Tw:140 rq:3.900000 seq:0.000000
E/MP-Decision( 2240): UP cpu:2 core_idx:2 Nw:2.700000 Tw:90 rq:3.900000 seq:0.000000
E/MP-Decision( 2240): UP cpu:3 core_idx:3 Nw:3.500000 Tw:90 rq:3.900000 seq:98.000000
E/ViewRootImpl(  812): sendUserActionEvent() mView == null
E/Nat464Xlat(  812): stopClat: already stopped
E/Sensors (  812): Acc old sensor_state 0, new sensor_state : 1 en : 1
E/ECS_EnterpriseContainerService(  812): getMountStatus() permission get it
E/NfcService( 1508): callback == null
E/GestureService( 1821): updateFlags started
E/GestureService( 1821): bVertical = false
E/GestureService( 1821): bHorizontal = false
E/videowall-TranscodeReceiver(14544): broadcastMSG : android.intent.action.SCREEN_ON
E/KeyguardViewMediator( 1288): resetStateLocked
E/KeyguardHostView( 1288): KeyguardHostView()
E/ECS_EnterpriseContainerCacheData(  812): getContainerStatus while loop
E/ECS_--key--1 = (  812): ----
E/ECS_EnterpriseContainerCacheData(  812): getContainerStatus of: 1 status: 6--flag--true
E/ECS_EnterpriseContainerService(  812): getMountStatus() permission get it
E/VVM_ConnectionManager(22276): netinfo mobile: NetworkInfo: type: mobile[UNKNOWN], state: DISCONNECTED/DISCONNECTED, reason: (unspecified), extra: cdma, roaming: false, failover: true, isAvailable: false, isConnectedToProvisioningNetwork: false
E/VVM_ConnectionManager(22276): netinfo hipri: NetworkInfo: type: mobile_hipri[UNKNOWN], state: UNKNOWN/IDLE, reason: (unspecified), extra: (none), roaming: false, failover: false, isAvailable: true, isConnectedToProvisioningNetwork: false
E/VVM_ConnectionManager(22276): mIsWifiNetworkOn : true newState: no_data doBringUpNetwork: false currentState: VVM-MOBILE-STOPPED
E/ECS_EnterpriseContainerCacheData(  812): getContainerStatus while loop
E/ECS_--key--1 = (  812): ----
E/ECS_EnterpriseContainerCacheData(  812): getContainerStatus of: 1 status: 6--flag--true
E/ECS_EnterpriseContainerService(  812): getMountStatus() permission get it
E/VVM_ConnectionManager(22276): netinfo mobile: NetworkInfo: type: mobile[UNKNOWN], state: DISCONNECTED/DISCONNECTED, reason: (unspecified), extra: cdma, roaming: false, failover: true, isAvailable: false, isConnectedToProvisioningNetwork: false
E/VVM_ConnectionManager(22276): netinfo hipri: NetworkInfo: type: mobile_hipri[UNKNOWN], state: UNKNOWN/IDLE, reason: (unspecified), extra: (none), roaming: false, failover: false, isAvailable: true, isConnectedToProvisioningNetwork: false
E/VVM_ConnectionManager(22276): mIsWifiNetworkOn : true newState: no_data doBringUpNetwork: false currentState: VVM-MOBILE-STOPPED
E/MP-Decision( 2240): num online cores: 4 reqd : 3 available : 4 rq_depth:2.000000 hotplug_avg_load_dw: 123
E/MP-Decision( 2240): DOWN cpu:3 core_idx:3 Ns:3.100000 Ts:240 rq:2.000000 seq:245.000000
E/MP-Decision( 2240): num online cores: 3 reqd : 4 available : 4 rq_depth:3.800000 hotplug_avg_load_dw: 100
E/MP-Decision( 2240): UP cpu:1 core_idx:1 Nw:1.900000 Tw:140 rq:3.800000 seq:0.000000
E/MP-Decision( 2240): UP cpu:2 core_idx:2 Nw:2.700000 Tw:90 rq:3.800000 seq:0.000000
E/MP-Decision( 2240): UP cpu:3 core_idx:3 Nw:3.500000 Tw:90 rq:3.800000 seq:98.000000
E/MP-Decision( 2240): num online cores: 4 reqd : 3 available : 4 rq_depth:2.100000 hotplug_avg_load_dw: 142
E/MP-Decision( 2240): DOWN cpu:3 core_idx:3 Ns:3.100000 Ts:240 rq:2.100000 seq:245.000000
E/MP-Decision( 2240): num online cores: 3 reqd : 2 available : 4 rq_depth:1.500000 hotplug_avg_load_dw: 96
E/MP-Decision( 2240): DOWN cpu:2 core_idx:2 Ns:2.100000 Ts:240 rq:1.500000 seq:243.000000
E/MP-Decision( 2240): num online cores: 2 reqd : 4 available : 4 rq_depth:5.700000 hotplug_avg_load_dw: 126
E/MP-Decision( 2240): UP cpu:1 core_idx:1 Nw:1.900000 Tw:140 rq:5.700000 seq:0.000000
E/MP-Decision( 2240): UP cpu:2 core_idx:2 Nw:2.700000 Tw:90 rq:5.700000 seq:94.000000
E/MP-Decision( 2240): UP cpu:3 core_idx:3 Nw:3.500000 Tw:90 rq:5.700000 seq:94.000000
E/MP-Decision( 2240): num online cores: 4 reqd : 3 available : 4 rq_depth:2.500000 hotplug_avg_load_dw: 127
E/MP-Decision( 2240): DOWN cpu:3 core_idx:3 Ns:3.100000 Ts:240 rq:2.500000 seq:240.000000
E/Sensors (  812): Acc old sensor_state 1, new sensor_state : 0 en : 0
E/MP-Decision( 2240): num online cores: 3 reqd : 4 available : 4 rq_depth:4.300000 hotplug_avg_load_dw: 137
E/MP-Decision( 2240): UP cpu:1 core_idx:1 Nw:1.900000 Tw:140 rq:4.300000 seq:0.000000
E/MP-Decision( 2240): UP cpu:2 core_idx:2 Nw:2.700000 Tw:90 rq:4.300000 seq:0.000000
E/MP-Decision( 2240): UP cpu:3 core_idx:3 Nw:3.500000 Tw:90 rq:4.300000 seq:97.000000
E/MP-Decision( 2240): num online cores: 4 reqd : 2 available : 4 rq_depth:1.900000 hotplug_avg_load_dw: 104
E/MP-Decision( 2240): DOWN cpu:3 core_idx:3 Ns:3.100000 Ts:240 rq:1.900000 seq:245.000000
E/MP-Decision( 2240): DOWN cpu:2 core_idx:2 Ns:2.100000 Ts:240 rq:1.900000 seq:245.000000
E/MP-Decision( 2240): num online cores: 2 reqd : 3 available : 4 rq_depth:3.300000 hotplug_avg_load_dw: 78
E/MP-Decision( 2240): UP cpu:1 core_idx:1 Nw:1.900000 Tw:140 rq:3.300000 seq:0.000000
E/MP-Decision( 2240): UP cpu:2 core_idx:2 Nw:2.700000 Tw:90 rq:3.300000 seq:93.000000
E/MP-Decision( 2240): num online cores: 3 reqd : 4 available : 4 rq_depth:5.100000 hotplug_avg_load_dw: 129
E/MP-Decision( 2240): UP cpu:1 core_idx:1 Nw:1.900000 Tw:140 rq:5.100000 seq:0.000000
E/MP-Decision( 2240): UP cpu:2 core_idx:2 Nw:2.700000 Tw:90 rq:5.100000 seq:0.000000
E/MP-Decision( 2240): UP cpu:3 core_idx:3 Nw:3.500000 Tw:90 rq:5.100000 seq:96.000000
E/ECS_EnterpriseContainerService(  812): getMountStatus() permission get it
E/ECS_EnterpriseContainerService(  812): getMountStatus() permission get it
E/ECS_EnterpriseContainerService(  812): getMountStatus() permission get it
E/ECS_EnterpriseContainerService(  812): getMountStatus() permission get it
E/UsbDebuggingManager(  812): got -1 reading
E/UsbDebuggingManager(  812): Communication error: 
E/UsbDebuggingManager(  812): java.io.IOException: Connection reset by peer
E/UsbDebuggingManager(  812): 	at android.net.LocalSocketImpl.readba_native(Native Method)
E/UsbDebuggingManager(  812): 	at android.net.LocalSocketImpl.access$400(LocalSocketImpl.java:33)
E/UsbDebuggingManager(  812): 	at android.net.LocalSocketImpl$SocketInputStream.read(LocalSocketImpl.java:98)
E/UsbDebuggingManager(  812): 	at android.net.LocalSocketImpl$SocketInputStream.read(LocalSocketImpl.java:84)
E/UsbDebuggingManager(  812): 	at com.android.server.usb.UsbDebuggingManager.listenToSocket(UsbDebuggingManager.java:86)
E/UsbDebuggingManager(  812): 	at com.android.server.usb.UsbDebuggingManager.run(UsbDebuggingManager.java:116)
E/UsbDebuggingManager(  812): 	at java.lang.Thread.run(Thread.java:841)
E/MP-Decision( 2240): num online cores: 4 reqd : 3 available : 4 rq_depth:2.900000 hotplug_avg_load_dw: 141
E/MP-Decision( 2240): DOWN cpu:3 core_idx:3 Ns:3.100000 Ts:240 rq:2.900000 seq:243.000000
E/MP-Decision( 2240): num online cores: 3 reqd : 4 available : 4 rq_depth:5.600000 hotplug_avg_load_dw: 123
E/MP-Decision( 2240): UP cpu:1 core_idx:1 Nw:1.900000 Tw:140 rq:5.600000 seq:0.000000
E/MP-Decision( 2240): UP cpu:2 core_idx:2 Nw:2.700000 Tw:90 rq:5.600000 seq:0.000000
E/MP-Decision( 2240): UP cpu:3 core_idx:3 Nw:3.500000 Tw:90 rq:5.600000 seq:96.000000
E/MP-Decision( 2240): num online cores: 4 reqd : 3 available : 4 rq_depth:2.700000 hotplug_avg_load_dw: 124
E/MP-Decision( 2240): DOWN cpu:3 core_idx:3 Ns:3.100000 Ts:240 rq:2.700000 seq:245.000000
E/LightSensor(  812): Light old sensor_state 0, new sensor_state : 128 en : 1
E/MP-Decision( 2240): num online cores: 3 reqd : 4 available : 4 rq_depth:11.900000 hotplug_avg_load_dw: 161
E/MP-Decision( 2240): UP cpu:1 core_idx:1 Nw:1.900000 Tw:140 rq:11.900000 seq:0.000000
E/MP-Decision( 2240): UP cpu:2 core_idx:2 Nw:2.700000 Tw:90 rq:11.900000 seq:0.000000
E/MP-Decision( 2240): UP cpu:3 core_idx:3 Nw:3.500000 Tw:90 rq:11.900000 seq:95.000000
E/LightSensor(  812): Light old sensor_state 128, new sensor_state : 0 en : 0
E/MP-Decision( 2240): num online cores: 4 reqd : 3 available : 4 rq_depth:1.100000 hotplug_avg_load_dw: 130
E/MP-Decision( 2240): DOWN cpu:3 core_idx:3 Ns:3.100000 Ts:240 rq:1.100000 seq:245.000000
E/QSEECOMAPI: (19989): Error::Failed to open /dev/qseecom device
E/QSEECOMAPI: (19989): Error::Failed to open /dev/qseecom device
E/QSEECOMAPI: (19989): Error::Failed to open /dev/qseecom device
E/QSEECOMAPI: (19989): Error::Failed to open /dev/qseecom device
E/QSEECOMAPI: (19989): Error::Failed to open /dev/qseecom device
E/MP-Decision( 2240): num online cores: 3 reqd : 2 available : 4 rq_depth:1.300000 hotplug_avg_load_dw: 69
E/MP-Decision( 2240): DOWN cpu:2 core_idx:2 Ns:2.100000 Ts:240 rq:1.300000 seq:245.000000
E/LightSensor(  812): Light old sensor_state 0, new sensor_state : 128 en : 1
E/MP-Decision( 2240): num online cores: 2 reqd : 4 available : 4 rq_depth:7.500000 hotplug_avg_load_dw: 100
E/MP-Decision( 2240): UP cpu:1 core_idx:1 Nw:1.900000 Tw:140 rq:7.500000 seq:0.000000
E/MP-Decision( 2240): UP cpu:2 core_idx:2 Nw:2.700000 Tw:90 rq:7.500000 seq:98.000000
E/MP-Decision( 2240): UP cpu:3 core_idx:3 Nw:3.500000 Tw:90 rq:7.500000 seq:98.000000
E/MP-Decision( 2240): num online cores: 4 reqd : 2 available : 4 rq_depth:1.000000 hotplug_avg_load_dw: 117
E/MP-Decision( 2240): DOWN cpu:3 core_idx:3 Ns:3.100000 Ts:240 rq:1.000000 seq:245.000000
E/MP-Decision( 2240): DOWN cpu:2 core_idx:2 Ns:2.100000 Ts:240 rq:1.000000 seq:245.000000
E/Watchdog(  812): !@Sync 6330
E/LightSensor(  812): Light old sensor_state 128, new sensor_state : 0 en : 0
E/MP-Decision( 2240): num online cores: 2 reqd : 4 available : 4 rq_depth:6.500000 hotplug_avg_load_dw: 85
E/MP-Decision( 2240): UP cpu:1 core_idx:1 Nw:1.900000 Tw:140 rq:6.500000 seq:0.000000
E/MP-Decision( 2240): UP cpu:2 core_idx:2 Nw:2.700000 Tw:90 rq:6.500000 seq:98.000000
E/MP-Decision( 2240): UP cpu:3 core_idx:3 Nw:3.500000 Tw:90 rq:6.500000 seq:98.000000
E/ECS_EnterpriseContainerCacheData(  812): getContainerStatus while loop
E/ECS_--key--1 = (  812): ----
E/ECS_EnterpriseContainerCacheData(  812): getContainerStatus of: 1 status: 6--flag--true
E/ECS_EnterpriseContainerCacheData(  812): getContainerLockOnScreenLock: getting false
E/ECS_EnterpriseContainerCacheData(  812): getContainerVerifyOnlyOnChangeMode: getting false
E/NfcService( 1508): callback == null
E/videowall-TranscodeReceiver(14544): broadcastMSG : android.intent.action.SCREEN_OFF
E/MP-Decision( 2240): num online cores: 4 reqd : 3 available : 4 rq_depth:3.000000 hotplug_avg_load_dw: 145
E/MP-Decision( 2240): DOWN cpu:3 core_idx:3 Ns:3.100000 Ts:240 rq:3.000000 seq:245.000000
E/MP-Decision( 2240): num online cores: 3 reqd : 2 available : 4 rq_depth:1.700000 hotplug_avg_load_dw: 98
E/MP-Decision( 2240): DOWN cpu:2 core_idx:2 Ns:2.100000 Ts:240 rq:1.700000 seq:241.000000
E/MP-Decision( 2240): num online cores: 2 reqd : 3 available : 4 rq_depth:3.600000 hotplug_avg_load_dw: 87
E/MP-Decision( 2240): UP cpu:1 core_idx:1 Nw:1.900000 Tw:140 rq:3.600000 seq:0.000000
E/MP-Decision( 2240): UP cpu:2 core_idx:2 Nw:2.700000 Tw:90 rq:3.600000 seq:93.000000
E/MP-Decision( 2240): num online cores: 3 reqd : 2 available : 4 rq_depth:1.000000 hotplug_avg_load_dw: 69
E/MP-Decision( 2240): DOWN cpu:2 core_idx:2 Ns:2.100000 Ts:240 rq:1.000000 seq:245.000000
E/MP-Decision( 2240): num online cores: 2 reqd : 3 available : 4 rq_depth:2.900000 hotplug_avg_load_dw: 84
E/MP-Decision( 2240): UP cpu:1 core_idx:1 Nw:1.900000 Tw:140 rq:2.900000 seq:0.000000
E/MP-Decision( 2240): UP cpu:2 core_idx:2 Nw:2.700000 Tw:90 rq:2.900000 seq:98.000000
E/MP-Decision( 2240): num online cores: 3 reqd : 2 available : 4 rq_depth:1.000000 hotplug_avg_load_dw: 83
E/MP-Decision( 2240): DOWN cpu:2 core_idx:2 Ns:2.100000 Ts:240 rq:1.000000 seq:243.000000
E/MP-Decision( 2240): num online cores: 2 reqd : 3 available : 4 rq_depth:2.800000 hotplug_avg_load_dw: 117
E/MP-Decision( 2240): UP cpu:1 core_idx:1 Nw:1.900000 Tw:140 rq:2.800000 seq:0.000000
E/MP-Decision( 2240): UP cpu:2 core_idx:2 Nw:2.700000 Tw:90 rq:2.800000 seq:98.000000
E/MP-Decision( 2240): num online cores: 3 reqd : 4 available : 4 rq_depth:6.000000 hotplug_avg_load_dw: 123
E/MP-Decision( 2240): UP cpu:1 core_idx:1 Nw:1.900000 Tw:140 rq:6.000000 seq:0.000000
E/MP-Decision( 2240): UP cpu:2 core_idx:2 Nw:2.700000 Tw:90 rq:6.000000 seq:0.000000
E/MP-Decision( 2240): UP cpu:3 core_idx:3 Nw:3.500000 Tw:90 rq:6.000000 seq:98.000000
E/MP-Decision( 2240): num online cores: 4 reqd : 2 available : 4 rq_depth:1.000000 hotplug_avg_load_dw: 63
E/MP-Decision( 2240): DOWN cpu:3 core_idx:3 Ns:3.100000 Ts:240 rq:1.000000 seq:245.000000
E/MP-Decision( 2240): DOWN cpu:2 core_idx:2 Ns:2.100000 Ts:240 rq:1.000000 seq:245.000000
E/MP-Decision( 2240): num online cores: 2 reqd : 4 available : 4 rq_depth:13.300000 hotplug_avg_load_dw: 71
E/MP-Decision( 2240): UP cpu:1 core_idx:1 Nw:1.900000 Tw:140 rq:13.300000 seq:0.000000
E/MP-Decision( 2240): UP cpu:2 core_idx:2 Nw:2.700000 Tw:90 rq:13.300000 seq:245.000000
E/MP-Decision( 2240): UP cpu:3 core_idx:3 Nw:3.500000 Tw:90 rq:13.300000 seq:98.000000
E/MP-Decision( 2240): num online cores: 4 reqd : 3 available : 4 rq_depth:1.100000 hotplug_avg_load_dw: 68
E/MP-Decision( 2240): DOWN cpu:3 core_idx:3 Ns:3.100000 Ts:240 rq:1.100000 seq:245.000000
E/MP-Decision( 2240): num online cores: 3 reqd : 2 available : 4 rq_depth:1.100000 hotplug_avg_load_dw: 64
E/MP-Decision( 2240): DOWN cpu:2 core_idx:2 Ns:2.100000 Ts:240 rq:1.100000 seq:242.000000
E/MP-Decision( 2240): num online cores: 2 reqd : 4 available : 4 rq_depth:4.100000 hotplug_avg_load_dw: 68
E/MP-Decision( 2240): UP cpu:1 core_idx:1 Nw:1.900000 Tw:140 rq:4.100000 seq:0.000000
E/MP-Decision( 2240): UP cpu:2 core_idx:2 Nw:2.700000 Tw:90 rq:4.100000 seq:245.000000
E/MP-Decision( 2240): UP cpu:3 core_idx:3 Nw:3.500000 Tw:90 rq:4.100000 seq:196.000000
E/MP-Decision( 2240): num online cores: 4 reqd : 3 available : 4 rq_depth:1.900000 hotplug_avg_load_dw: 113
E/MP-Decision( 2240): DOWN cpu:3 core_idx:3 Ns:3.100000 Ts:240 rq:1.900000 seq:287.000000
E/MP-Decision( 2240): num online cores: 3 reqd : 4 available : 4 rq_depth:3.500000 hotplug_avg_load_dw: 139
E/MP-Decision( 2240): UP cpu:1 core_idx:1 Nw:1.900000 Tw:140 rq:3.500000 seq:0.000000
E/MP-Decision( 2240): UP cpu:2 core_idx:2 Nw:2.700000 Tw:90 rq:3.500000 seq:0.000000
E/MP-Decision( 2240): UP cpu:3 core_idx:3 Nw:3.500000 Tw:90 rq:3.500000 seq:98.000000
E/MP-Decision( 2240): num online cores: 4 reqd : 2 available : 4 rq_depth:1.700000 hotplug_avg_load_dw: 150
E/MP-Decision( 2240): DOWN cpu:3 core_idx:3 Ns:3.100000 Ts:240 rq:1.700000 seq:243.000000
E/MP-Decision( 2240): DOWN cpu:2 core_idx:2 Ns:2.100000 Ts:240 rq:1.700000 seq:243.000000
E/MP-Decision( 2240): num online cores: 2 reqd : 4 available : 4 rq_depth:6.100000 hotplug_avg_load_dw: 119
E/MP-Decision( 2240): UP cpu:1 core_idx:1 Nw:1.900000 Tw:140 rq:6.100000 seq:0.000000
E/MP-Decision( 2240): UP cpu:2 core_idx:2 Nw:2.700000 Tw:90 rq:6.100000 seq:92.000000
E/MP-Decision( 2240): UP cpu:3 core_idx:3 Nw:3.500000 Tw:90 rq:6.100000 seq:92.000000
E/MP-Decision( 2240): num online cores: 4 reqd : 2 available : 4 rq_depth:1.500000 hotplug_avg_load_dw: 155
E/MP-Decision( 2240): DOWN cpu:3 core_idx:3 Ns:3.100000 Ts:240 rq:1.500000 seq:240.000000
E/MP-Decision( 2240): DOWN cpu:2 core_idx:2 Ns:2.100000 Ts:240 rq:1.500000 seq:240.000000
E/MP-Decision( 2240): num online cores: 2 reqd : 4 available : 4 rq_depth:3.900000 hotplug_avg_load_dw: 118
E/MP-Decision( 2240): UP cpu:1 core_idx:1 Nw:1.900000 Tw:140 rq:3.900000 seq:0.000000
E/MP-Decision( 2240): UP cpu:2 core_idx:2 Nw:2.700000 Tw:90 rq:3.900000 seq:91.000000
E/MP-Decision( 2240): UP cpu:3 core_idx:3 Nw:3.500000 Tw:90 rq:3.900000 seq:91.000000
E/MP-Decision( 2240): num online cores: 4 reqd : 3 available : 4 rq_depth:1.300000 hotplug_avg_load_dw: 153
E/MP-Decision( 2240): DOWN cpu:3 core_idx:3 Ns:3.100000 Ts:240 rq:1.300000 seq:240.000000
E/MP-Decision( 2240): num online cores: 3 reqd : 2 available : 4 rq_depth:1.500000 hotplug_avg_load_dw: 154
E/MP-Decision( 2240): DOWN cpu:2 core_idx:2 Ns:2.100000 Ts:240 rq:1.500000 seq:242.000000
E/MP-Decision( 2240): num online cores: 2 reqd : 3 available : 4 rq_depth:2.900000 hotplug_avg_load_dw: 109
E/MP-Decision( 2240): UP cpu:1 core_idx:1 Nw:1.900000 Tw:140 rq:2.900000 seq:0.000000
E/MP-Decision( 2240): UP cpu:2 core_idx:2 Nw:2.700000 Tw:90 rq:2.900000 seq:95.000000
E/SPPClientService(11602): [[SystemStateMonitorService]] SystemStateMonitorService : noConnect? : true
E/SPPClientService(11602): [[SystemStateMonitorService]] No Active Internet
E/SPPClientService(11602): [a] [ConnectionManager] Connection is already disconnected.
E/SPPClientService(11602): [a] [ConnectionManager] Connection is already disconnected.
E/MP-Decision( 2240): num online cores: 3 reqd : 4 available : 4 rq_depth:6.900000 hotplug_avg_load_dw: 177
E/MP-Decision( 2240): UP cpu:1 core_idx:1 Nw:1.900000 Tw:140 rq:6.900000 seq:0.000000
E/MP-Decision( 2240): UP cpu:2 core_idx:2 Nw:2.700000 Tw:90 rq:6.900000 seq:0.000000
E/MP-Decision( 2240): UP cpu:3 core_idx:3 Nw:3.500000 Tw:90 rq:6.900000 seq:96.000000
E/cutils  (  256): Failed to mkdirat(/storage/extSdCard/Android): Read-only file system
E/cutils  (  256): Failed to mkdirat(/storage/extSdCard/Android): Read-only file system
E/NEXPLAYER_JNI(20355): [nexplayer_jni 5140] cacheIds Ended
E/NEXPLAYER_JNI(20355): getNexALFactoryContext 0x6DC1A350
E/MP-Decision( 2240): num online cores: 4 reqd : 3 available : 4 rq_depth:2.300000 hotplug_avg_load_dw: 130
E/MP-Decision( 2240): DOWN cpu:3 core_idx:3 Ns:3.100000 Ts:240 rq:2.300000 seq:245.000000
E/MP-Decision( 2240): num online cores: 3 reqd : 4 available : 4 rq_depth:4.300000 hotplug_avg_load_dw: 130
E/MP-Decision( 2240): UP cpu:1 core_idx:1 Nw:1.900000 Tw:140 rq:4.300000 seq:0.000000
E/MP-Decision( 2240): UP cpu:2 core_idx:2 Nw:2.700000 Tw:90 rq:4.300000 seq:0.000000
E/MP-Decision( 2240): UP cpu:3 core_idx:3 Nw:3.500000 Tw:90 rq:4.300000 seq:99.000000
E/cutils  (  256): Failed to mkdirat(/storage/extSdCard/Android): Read-only file system
E/MP-Decision( 2240): num online cores: 4 reqd : 3 available : 4 rq_depth:2.700000 hotplug_avg_load_dw: 213
E/MP-Decision( 2240): DOWN cpu:3 core_idx:3 Ns:3.100000 Ts:240 rq:2.700000 seq:245.000000
E/MP-Decision( 2240): num online cores: 3 reqd : 4 available : 4 rq_depth:4.500000 hotplug_avg_load_dw: 159
E/MP-Decision( 2240): UP cpu:1 core_idx:1 Nw:1.900000 Tw:140 rq:4.500000 seq:0.000000
E/MP-Decision( 2240): UP cpu:2 core_idx:2 Nw:2.700000 Tw:90 rq:4.500000 seq:0.000000
E/MP-Decision( 2240): UP cpu:3 core_idx:3 Nw:3.500000 Tw:90 rq:4.500000 seq:97.000000
E/MP-Decision( 2240): num online cores: 4 reqd : 2 available : 4 rq_depth:2.000000 hotplug_avg_load_dw: 156
E/MP-Decision( 2240): DOWN cpu:3 core_idx:3 Ns:3.100000 Ts:240 rq:2.000000 seq:245.000000
E/MP-Decision( 2240): DOWN cpu:2 core_idx:2 Ns:2.100000 Ts:240 rq:2.000000 seq:245.000000
E/MP-Decision( 2240): num online cores: 2 reqd : 3 available : 4 rq_depth:3.500000 hotplug_avg_load_dw: 106
E/MP-Decision( 2240): UP cpu:1 core_idx:1 Nw:1.900000 Tw:140 rq:3.500000 seq:0.000000
E/MP-Decision( 2240): UP cpu:2 core_idx:2 Nw:2.700000 Tw:90 rq:3.500000 seq:90.000000
E/SPPClientService(11602): [[PushClientService]] <<--- PushClientService.deInitPushClientService -------END  --->>
E/SPPClientService(11602): [[PushClientService]] PushClient version : 1.2.9.1, PushClient server version : 1, PushClient platform version: 19
E/MP-Decision( 2240): num online cores: 3 reqd : 4 available : 4 rq_depth:3.600000 hotplug_avg_load_dw: 175
E/MP-Decision( 2240): UP cpu:1 core_idx:1 Nw:1.900000 Tw:140 rq:3.600000 seq:0.000000
E/MP-Decision( 2240): UP cpu:2 core_idx:2 Nw:2.700000 Tw:90 rq:3.600000 seq:0.000000
E/MP-Decision( 2240): UP cpu:3 core_idx:3 Nw:3.500000 Tw:90 rq:3.600000 seq:99.000000
E/ECS_EnterpriseContainerService(  812): getMountStatus() permission get it
E/ECS_EnterpriseContainerService(  812): getMountStatus() permission get it
E/ECS_EnterpriseContainerService(  812): getMountStatus() permission get it
E/ECS_EnterpriseContainerService(  812): getMountStatus() permission get it
E/MP-Decision( 2240): num online cores: 4 reqd : 3 available : 4 rq_depth:2.700000 hotplug_avg_load_dw: 188
E/MP-Decision( 2240): DOWN cpu:3 core_idx:3 Ns:3.100000 Ts:240 rq:2.700000 seq:245.000000
E/MP-Decision( 2240): num online cores: 3 reqd : 2 available : 4 rq_depth:1.900000 hotplug_avg_load_dw: 180
E/MP-Decision( 2240): DOWN cpu:2 core_idx:2 Ns:2.100000 Ts:240 rq:1.900000 seq:245.000000
E/LightSensor(  812): Light old sensor_state 0, new sensor_state : 128 en : 1
E/MP-Decision( 2240): num online cores: 2 reqd : 3 available : 4 rq_depth:4.600000 hotplug_avg_load_dw: 141
E/MP-Decision( 2240): UP cpu:1 core_idx:1 Nw:1.900000 Tw:140 rq:4.600000 seq:0.000000
E/MP-Decision( 2240): UP cpu:2 core_idx:2 Nw:2.700000 Tw:90 rq:4.600000 seq:98.000000
E/LightSensor(  812): Light old sensor_state 128, new sensor_state : 0 en : 0
E/        (  296): SWETA :: Inside SecEDSVendorBase :: getStatus, nParam = 0
E/        (  296): SWETA :: Inside SecEDSVendorBase :: getStatus, nParam = 1
E/MP-Decision( 2240): num online cores: 3 reqd : 4 available : 4 rq_depth:5.900000 hotplug_avg_load_dw: 190
E/MP-Decision( 2240): UP cpu:1 core_idx:1 Nw:1.900000 Tw:140 rq:5.900000 seq:0.000000
E/MP-Decision( 2240): UP cpu:2 core_idx:2 Nw:2.700000 Tw:90 rq:5.900000 seq:0.000000
E/MP-Decision( 2240): UP cpu:3 core_idx:3 Nw:3.500000 Tw:90 rq:5.900000 seq:97.000000
E/SPPClientService(11602): [[PushClientService]] onStartCommand. F:false, D:false, E:false, T:false, S:false, R:false
E/SPPClientService(11602): [a] [ConnectionManager] Connection is already disconnected.
E/SPPClientService(11602): [b] sendInitReq
E/MP-Decision( 2240): num online cores: 4 reqd : 3 available : 4 rq_depth:1.000000 hotplug_avg_load_dw: 149
E/MP-Decision( 2240): DOWN cpu:3 core_idx:3 Ns:3.100000 Ts:240 rq:1.000000 seq:243.000000
E/MP-Decision( 2240): num online cores: 3 reqd : 2 available : 4 rq_depth:1.300000 hotplug_avg_load_dw: 123
E/MP-Decision( 2240): DOWN cpu:2 core_idx:2 Ns:2.100000 Ts:240 rq:1.300000 seq:288.000000
E/MP-Decision( 2240): num online cores: 2 reqd : 3 available : 4 rq_depth:3.700000 hotplug_avg_load_dw: 77
E/MP-Decision( 2240): UP cpu:1 core_idx:1 Nw:1.900000 Tw:140 rq:3.700000 seq:0.000000
E/MP-Decision( 2240): UP cpu:2 core_idx:2 Nw:2.700000 Tw:90 rq:3.700000 seq:98.000000
E/MP-Decision( 2240): num online cores: 3 reqd : 4 available : 4 rq_depth:3.500000 hotplug_avg_load_dw: 172
E/MP-Decision( 2240): UP cpu:1 core_idx:1 Nw:1.900000 Tw:140 rq:3.500000 seq:0.000000
E/MP-Decision( 2240): UP cpu:2 core_idx:2 Nw:2.700000 Tw:90 rq:3.500000 seq:0.000000
E/MP-Decision( 2240): UP cpu:3 core_idx:3 Nw:3.500000 Tw:90 rq:3.500000 seq:95.000000
E/MP-Decision( 2240): num online cores: 4 reqd : 3 available : 4 rq_depth:1.900000 hotplug_avg_load_dw: 115
E/MP-Decision( 2240): DOWN cpu:3 core_idx:3 Ns:3.100000 Ts:240 rq:1.900000 seq:245.000000
E/ViewRootImpl(  812): sendUserActionEvent() mView == null
E/MP-Decision( 2240): num online cores: 3 reqd : 2 available : 4 rq_depth:1.300000 hotplug_avg_load_dw: 76
E/MP-Decision( 2240): DOWN cpu:2 core_idx:2 Ns:2.100000 Ts:240 rq:1.300000 seq:245.000000
E/MP-Decision( 2240): num online cores: 2 reqd : 4 available : 4 rq_depth:5.500000 hotplug_avg_load_dw: 90
E/MP-Decision( 2240): UP cpu:1 core_idx:1 Nw:1.900000 Tw:140 rq:5.500000 seq:0.000000
E/MP-Decision( 2240): UP cpu:2 core_idx:2 Nw:2.700000 Tw:90 rq:5.500000 seq:98.000000
E/MP-Decision( 2240): UP cpu:3 core_idx:3 Nw:3.500000 Tw:90 rq:5.500000 seq:98.000000
E/AudioResampler(  283): Unsupported sample format, 1 bits, 2 channels
E/ACDB-LOADER(  283): Error: ACDB AudProc vol returned = -8
E/NfcService( 1508): callback == null
E/GestureService( 1821): updateFlags started
E/GestureService( 1821): bVertical = false
E/GestureService( 1821): bHorizontal = false
E/videowall-TranscodeReceiver(14544): broadcastMSG : android.intent.action.SCREEN_ON
E/MP-Decision( 2240): num online cores: 4 reqd : 3 available : 4 rq_depth:2.700000 hotplug_avg_load_dw: 173
E/MP-Decision( 2240): DOWN cpu:3 core_idx:3 Ns:3.100000 Ts:240 rq:2.700000 seq:245.000000
E/MP-Decision( 2240): num online cores: 3 reqd : 4 available : 4 rq_depth:3.900000 hotplug_avg_load_dw: 167
E/MP-Decision( 2240): UP cpu:1 core_idx:1 Nw:1.900000 Tw:140 rq:3.900000 seq:0.000000
E/MP-Decision( 2240): UP cpu:2 core_idx:2 Nw:2.700000 Tw:90 rq:3.900000 seq:0.000000
E/MP-Decision( 2240): UP cpu:3 core_idx:3 Nw:3.500000 Tw:90 rq:3.900000 seq:95.000000
E/MP-Decision( 2240): num online cores: 4 reqd : 3 available : 4 rq_depth:1.500000 hotplug_avg_load_dw: 149
E/MP-Decision( 2240): DOWN cpu:3 core_idx:3 Ns:3.100000 Ts:240 rq:1.500000 seq:245.000000
E/MP-Decision( 2240): num online cores: 3 reqd : 2 available : 4 rq_depth:1.700000 hotplug_avg_load_dw: 126
E/MP-Decision( 2240): DOWN cpu:2 core_idx:2 Ns:2.100000 Ts:240 rq:1.700000 seq:245.000000
E/MP-Decision( 2240): num online cores: 2 reqd : 3 available : 4 rq_depth:6.900000 hotplug_avg_load_dw: 100
E/MP-Decision( 2240): UP cpu:1 core_idx:1 Nw:1.900000 Tw:140 rq:6.900000 seq:0.000000
E/MP-Decision( 2240): UP cpu:2 core_idx:2 Nw:2.700000 Tw:90 rq:6.900000 seq:138.000000
E/AudioResampler(  283): Unsupported sample format, 1 bits, 2 channels
E/AudioResampler(  283): Unsupported sample format, 1 bits, 2 channels
E/AudioResampler(  283): Unsupported sample format, 1 bits, 2 channels
E/NfcService( 1508): callback == null
E/MotionRecognitionService(  812):   mReceiver.onReceive : ACTION_USER_PRESENT  :: UNLOCK SCREEN
E/MP-Decision( 2240): num online cores: 3 reqd : 4 available : 4 rq_depth:6.500000 hotplug_avg_load_dw: 170
E/MP-Decision( 2240): UP cpu:1 core_idx:1 Nw:1.900000 Tw:140 rq:6.500000 seq:0.000000
E/MP-Decision( 2240): UP cpu:2 core_idx:2 Nw:2.700000 Tw:90 rq:6.500000 seq:0.000000
E/MP-Decision( 2240): UP cpu:3 core_idx:3 Nw:3.500000 Tw:90 rq:6.500000 seq:98.000000
E/AwesomePlayer(  283): LPAPlayer::Clip duration setting of less than 30sec not supported, defaulting to 60sec
E/AwesomePlayer(  283): LPAPlayer::Clip duration setting of less than 30sec not supported, defaulting to 60sec
E/MP-Decision( 2240): num online cores: 4 reqd : 3 available : 4 rq_depth:2.100000 hotplug_avg_load_dw: 140
E/MP-Decision( 2240): DOWN cpu:3 core_idx:3 Ns:3.100000 Ts:240 rq:2.100000 seq:245.000000
E/kickstart(  990): EVENT: Received 48 bytes
E/kickstart(  990): EVENT: RECEIVED <-- SAHARA_HELLO
E/kickstart(  990): EVENT: SENDING --> SAHARA_HELLO_RESPONSE
E/kickstart(  990): EVENT: sahara_mode                         = 2
E/kickstart(  990): EVENT: m_comm->sahara_hello_packet_rx.mode = 2
E/kickstart(  990): EVENT: helloRx.mode                        = 2
E/kickstart(  990): Wrote to /sys/power/wake_lock
E/kickstart(  990): EVENT: Waiting for data to read
E/kickstart(  990): EVENT: Data available to read
E/kickstart(  990): EVENT: Received 16 bytes
E/kickstart(  990): EVENT: RECEIVED <-- SAHARA_MEMORY_DEBUG
E/kickstart(  990): EVENT: SENDING --> SAHARA_MEMORY_READ
E/kickstart(  990): EVENT: Sent SAHARA_MEMORY_READ, address 41506290, length 52
E/kickstart(  990): EVENT: Waiting for data to read
E/kickstart(  990): EVENT: Data available to read
E/kickstart(  990): EVENT: Received 52 bytes
E/kickstart(  990): EVENT: 0x46980000, len=000C0000, "m9kefs1", ""
E/kickstart(  990): EVENT: STATE <-- SAHARA_WAIT_MEMORY_REGION
E/kickstart(  990): EVENT: Saving "/dev/block/platform/msm_sdcc.1/by-name/m9kefs1"
E/kickstart(  990): EVENT: SENDING --> SAHARA_MEMORY_READ
E/kickstart(  990): EVENT: Sent SAHARA_MEMORY_READ, address 46980000, length 786432
E/kickstart(  990): EVENT: Waiting for data to read
E/kickstart(  990): EVENT: Data available to read
E/kickstart(  990): EVENT: Received 49152 bytes
E/kickstart(  990): EVENT: Waiting for data to read
E/kickstart(  990): EVENT: Data available to read
E/kickstart(  990): EVENT: Received 49152 bytes
E/kickstart(  990): EVENT: Waiting for data to read
E/kickstart(  990): EVENT: Data available to read
E/kickstart(  990): EVENT: Received 49152 bytes
E/kickstart(  990): EVENT: Waiting for data to read
E/kickstart(  990): EVENT: Data available to read
E/kickstart(  990): EVENT: Received 49152 bytes
E/kickstart(  990): EVENT: Waiting for data to read
E/kickstart(  990): EVENT: Data available to read
E/kickstart(  990): EVENT: Received 49152 bytes
E/kickstart(  990): EVENT: Waiting for data to read
E/kickstart(  990): EVENT: Data available to read
E/kickstart(  990): EVENT: Received 49152 bytes
E/kickstart(  990): EVENT: Waiting for data to read
E/kickstart(  990): EVENT: Data available to read
E/kickstart(  990): EVENT: Received 65536 bytes
E/kickstart(  990): EVENT: Waiting for data to read
E/kickstart(  990): EVENT: Data available to read
E/kickstart(  990): EVENT: Received 49152 bytes
E/kickstart(  990): EVENT: Waiting for data to read
E/kickstart(  990): EVENT: Data available to read
E/kickstart(  990): EVENT: Received 49152 bytes
E/kickstart(  990): EVENT: Waiting for data to read
E/kickstart(  990): EVENT: Data available to read
E/kickstart(  990): EVENT: Received 49152 bytes
E/kickstart(  990): EVENT: Waiting for data to read
E/kickstart(  990): EVENT: Data available to read
E/kickstart(  990): EVENT: Received 49152 bytes
E/kickstart(  990): EVENT: Waiting for data to read
E/kickstart(  990): EVENT: Data available to read
E/kickstart(  990): EVENT: Received 65536 bytes
E/kickstart(  990): EVENT: Waiting for data to read
E/kickstart(  990): EVENT: Data available to read
E/kickstart(  990): EVENT: Received 49152 bytes
E/kickstart(  990): EVENT: Waiting for data to read
E/kickstart(  990): EVENT: Data available to read
E/kickstart(  990): EVENT: Received 49152 bytes
E/kickstart(  990): EVENT: Waiting for data to read
E/kickstart(  990): EVENT: Data available to read
E/kickstart(  990): EVENT: Received 49152 bytes
E/kickstart(  990): EVENT: Waiting for data to read
E/kickstart(  990): EVENT: Data available to read
E/kickstart(  990): EVENT: Received 16384 bytes
E/kickstart(  990): EVENT: Received: 786432 bytes
E/kickstart(  990): EVENT: Writing to disk
E/kickstart(  990): EVENT: Successfully wrote to disk
E/kickstart(  990): Received file "/dev/block/platform/msm_sdcc.1/by-name/m9kefs1"
E/kickstart(  990): 786432 bytes transferred in 0.110s (6.83 MBps)
E/kickstart(  990): EVENT: num_debug_entries not >=0
E/kickstart(  990): Successfully downloaded files from target 
E/kickstart(  990): EVENT: SENDING --> SAHARA_RESET
E/kickstart(  990): Wrote to /sys/power/wake_unlock
E/kickstart(  990): EVENT: Waiting for data to read
E/kickstart(  990): EVENT: Data available to read
E/kickstart(  990): EVENT: Received 8 bytes
E/kickstart(  990): EVENT: RECEIVED <-- SAHARA_RESET_RESP
E/kickstart(  990): Sahara protocol completed
E/kickstart(  990): EVENT: STATE <-- SAHARA_WAIT_HELLO
E/kickstart(  990): EVENT: Waiting for data to read
E/kickstart(  990): EVENT: Data available to read
E/MP-Decision( 2240): num online cores: 3 reqd : 4 available : 4 rq_depth:3.700000 hotplug_avg_load_dw: 168
E/MP-Decision( 2240): UP cpu:1 core_idx:1 Nw:1.900000 Tw:140 rq:3.700000 seq:0.000000
E/MP-Decision( 2240): UP cpu:2 core_idx:2 Nw:2.700000 Tw:90 rq:3.700000 seq:0.000000
E/MP-Decision( 2240): UP cpu:3 core_idx:3 Nw:3.500000 Tw:90 rq:3.700000 seq:98.000000
E/SPPClientService(11602): [b] __InitReply__
E/MP-Decision( 2240): num online cores: 4 reqd : 3 available : 4 rq_depth:1.900000 hotplug_avg_load_dw: 194
E/MP-Decision( 2240): DOWN cpu:3 core_idx:3 Ns:3.100000 Ts:240 rq:1.900000 seq:245.000000
E/DatabaseUtils(  812): Writing exception to parcel
E/DatabaseUtils(  812): java.lang.SecurityException: Permission Denial: get/set setting for user asks to run as user -2 but is calling from user 0; this requires android.permission.INTERACT_ACROSS_USERS_FULL
E/DatabaseUtils(  812): 	at com.android.server.am.ActivityManagerService.handleIncomingUser(ActivityManagerService.java:14623)
E/DatabaseUtils(  812): 	at android.app.ActivityManager.handleIncomingUser(ActivityManager.java:2258)
E/DatabaseUtils(  812): 	at com.android.providers.settings.SettingsProvider.call(SettingsProvider.java:663)
E/DatabaseUtils(  812): 	at android.content.ContentProvider$Transport.call(ContentProvider.java:325)
E/DatabaseUtils(  812): 	at android.content.ContentProviderNative.onTransact(ContentProviderNative.java:275)
